>> activated env: /project/home/p201284/guo/xmad-bench-repro/venv/bin/activate  (Python 3.13.12)
>> torch 2.12.0+cu132 | CUDA available: True
Applying resumable-training patch...
  already patched: /project/home/p201284/guo/xmad-bench-repro/detection/trainer.py
  trainer.py is valid Python.
Done. Killed runs now continue from their last completed epoch.
>> Generating configs for: en  (models: resnet50, tag=en_resnet50_r01, GPU=2)
Wrote 1 configs to /project/home/p201284/guo/xmad-bench-repro/repro_tools/stepB/configs_en_resnet50_r01/  (languages: en)
>> single-repeat mode: this process runs ONLY repeat r01
root_path: /project/home/p201284/guo/xmad_data/
multilingual: True  model check for config: /project/home/p201284/guo/xmad-bench-repro/repro_tools/stepB/configs_en_resnet50_r01/config_en_resnet50.json

  OK  commonvoice-en       rows=96368    sep=','
  OK  mailabs-en           rows=39690    sep=','

PRE-FLIGHT PASSED — data layout looks correct for this config.

=== RUN en_resnet50_r01 (model=resnet50) ===
commonvoice-en
commonvoice-en
Training on epoch 1
Training loss on iteration 0 = 0.6856729984283447
Training loss on iteration 20 = 0.21163856126368047
Training loss on iteration 40 = 0.07596170678734779
Training loss on iteration 60 = 0.05371242510154843
Training loss on iteration 80 = 0.07111815679818392
Training loss on iteration 100 = 0.051819054689258334
Training loss on iteration 120 = 0.03455704834777862
Training loss on iteration 140 = 0.02359623511438258
Training loss on iteration 160 = 0.021598368918057533
Training loss on iteration 180 = 0.020541654241969808
Training loss on iteration 200 = 0.026836724113672973
Training loss on iteration 220 = 0.021469393069855867
Training loss on iteration 240 = 0.015061797175440006
Training loss on iteration 260 = 0.022006658726604657
Training loss on iteration 280 = 0.021356784654199146
Training loss on iteration 300 = 0.030292281496804206
Training loss on iteration 320 = 0.01917986311018467
Training loss on iteration 340 = 0.02622044743038714
Training loss on iteration 360 = 0.009365525166504084
Training loss on iteration 380 = 0.013976042681315448
Training loss on iteration 400 = 0.004577901038283016
Training loss on iteration 420 = 0.006087243305228185
Training loss on iteration 440 = 0.010772543217171915
Training loss on iteration 460 = 0.007142928484245204
Training loss on iteration 480 = 0.008024300052784383
Training loss on iteration 500 = 0.006494686188671039
Training loss on iteration 520 = 0.016639634306193328
Training loss on iteration 540 = 0.007091049609152833
Training loss on iteration 560 = 0.01327867273321317
Training loss on iteration 580 = 0.008457673093653284
Training loss on iteration 600 = 0.009105889323109295
Training loss on iteration 620 = 0.007997387841169257
### EVAL:: Epoch 1:: Loss = 0.031553725145085004 :: ACC = 0.9887682515911643, AUC = 0.9999794126663228, EER = 0.0016847622613253464
Training on epoch 2
Training loss on iteration 0 = 0.002610555151477456
Training loss on iteration 20 = 0.007888650955283082
Training loss on iteration 40 = 0.002964546090879594
Training loss on iteration 60 = 0.010877270116179717
Training loss on iteration 80 = 0.008231270820397185
Training loss on iteration 100 = 0.010788880742620677
Training loss on iteration 120 = 0.010505308490246534
Training loss on iteration 140 = 0.00392311421019258
Training loss on iteration 160 = 0.016410373745748073
Training loss on iteration 180 = 0.007174583664163947
Training loss on iteration 200 = 0.017983914149954216
Training loss on iteration 220 = 0.009404845890821889
Training loss on iteration 240 = 0.005775835255917627
Training loss on iteration 260 = 0.009197234449675306
Training loss on iteration 280 = 0.0034915996336167153
Training loss on iteration 300 = 0.00514581191673642
Training loss on iteration 320 = 0.013766789829423942
Training loss on iteration 340 = 0.0057067388133873465
Training loss on iteration 360 = 0.007247029033896979
Training loss on iteration 380 = 0.005319203610997647
Training loss on iteration 400 = 0.004050025611650199
Training loss on iteration 420 = 0.004136413090236601
Training loss on iteration 440 = 0.0034004014974925666
Training loss on iteration 460 = 0.004675165345724963
Training loss on iteration 480 = 0.007692391053569736
Training loss on iteration 500 = 0.003867968513714004
Training loss on iteration 520 = 0.006056493332107493
Training loss on iteration 540 = 0.0070345167649065845
Training loss on iteration 560 = 0.003042777932751051
Training loss on iteration 580 = 0.005436445435498172
Training loss on iteration 600 = 0.003997893412451959
Training loss on iteration 620 = 0.009234088523226092
### EVAL:: Epoch 2:: Loss = 0.0006217332558458494 :: ACC = 0.9999532010482965, AUC = 0.9999993867602736, EER = 9.359790340696369e-05
Training on epoch 3
Training loss on iteration 0 = 0.00015384663129225373
Training loss on iteration 20 = 0.005184221538365818
Training loss on iteration 40 = 0.0013046476044110023
Training loss on iteration 60 = 0.0030624793174411024
Training loss on iteration 80 = 0.0027291861671983495
Training loss on iteration 100 = 0.002668770962918643
Training loss on iteration 120 = 0.003639513416965201
Training loss on iteration 140 = 0.008775775661251827
Training loss on iteration 160 = 0.005229996544221649
Training loss on iteration 180 = 0.005273354396194918
Training loss on iteration 200 = 0.011334883087329217
Training loss on iteration 220 = 0.002456052680281573
Training loss on iteration 240 = 0.0041185010153640175
Training loss on iteration 260 = 0.0016942757821198028
Training loss on iteration 280 = 0.006047865668460872
Training loss on iteration 300 = 0.003936904264810437
Training loss on iteration 320 = 0.0012326599573498243
Training loss on iteration 340 = 0.0029094976152464367
Training loss on iteration 360 = 0.004559333262363907
Training loss on iteration 380 = 0.0018608624549415254
Training loss on iteration 400 = 0.0030903862073103027
Training loss on iteration 420 = 0.008703708640859986
Training loss on iteration 440 = 0.0077676954431808555
Training loss on iteration 460 = 0.0053207611450488915
Training loss on iteration 480 = 0.012804066254466307
Training loss on iteration 500 = 0.0042282881833671125
Training loss on iteration 520 = 0.005151080055748025
Training loss on iteration 540 = 0.0024282974683956125
Training loss on iteration 560 = 0.004035935357387643
Training loss on iteration 580 = 0.0007211157273104618
Training loss on iteration 600 = 0.003359908062930117
Training loss on iteration 620 = 0.006428696406874224
### EVAL:: Epoch 3:: Loss = 0.0037142251701111823 :: ACC = 0.9988768251591165, AUC = 0.9999960139417774, EER = 0.0005615874204417821
Training on epoch 4
Training loss on iteration 0 = 0.0006134703289717436
Training loss on iteration 20 = 0.00848338582800352
Training loss on iteration 40 = 0.00420746119634714
Training loss on iteration 60 = 0.006817964640231366
Training loss on iteration 80 = 0.004145800135302124
Training loss on iteration 100 = 0.0018416885250189807
Training loss on iteration 120 = 0.0054206787505791
Training loss on iteration 140 = 0.006301234659622424
Training loss on iteration 160 = 0.008535939549437899
Training loss on iteration 180 = 0.0043953662824605996
Training loss on iteration 200 = 0.003450328098551836
Training loss on iteration 220 = 0.005123425661804504
Training loss on iteration 240 = 0.004047018860001117
Training loss on iteration 260 = 0.0020100631605600937
Training loss on iteration 280 = 0.0031653468550302934
Training loss on iteration 300 = 0.007379974727791705
Training loss on iteration 320 = 0.003903268841577301
Training loss on iteration 340 = 0.0019580721242164144
Training loss on iteration 360 = 0.005709999614828121
Training loss on iteration 380 = 0.0033947617375815753
Training loss on iteration 400 = 0.008038011995722627
Training loss on iteration 420 = 0.003761643964389805
Training loss on iteration 440 = 0.001937012587859499
Training loss on iteration 460 = 0.009009439333931368
Training loss on iteration 480 = 0.009021104146086145
Training loss on iteration 500 = 0.005561866361858847
Training loss on iteration 520 = 0.0043935107922152385
Training loss on iteration 540 = 0.003154952994464111
Training loss on iteration 560 = 0.003977953223147779
Training loss on iteration 580 = 0.0031195745336844993
Training loss on iteration 600 = 0.0035629540688205453
Training loss on iteration 620 = 0.004557890901287465
### EVAL:: Epoch 4:: Loss = 0.0008976948314276819 :: ACC = 0.9997192062897791, AUC = 0.9999997371829744, EER = 9.359790340696369e-05
Training on epoch 5
Training loss on iteration 0 = 0.005177485756576061
Training loss on iteration 20 = 0.0006549005648366802
Training loss on iteration 40 = 0.004281887408978946
Training loss on iteration 60 = 0.0031724283739094973
Training loss on iteration 80 = 0.0022157175772008486
Training loss on iteration 100 = 0.0011052783836021263
Training loss on iteration 120 = 0.0008431259086137289
Training loss on iteration 140 = 0.000558893050720144
Training loss on iteration 160 = 0.0004882871592201355
Training loss on iteration 180 = 0.00030890999483119687
Training loss on iteration 200 = 0.0011690160211969669
Training loss on iteration 220 = 0.007131342509865135
Training loss on iteration 240 = 0.0034330050155404026
Training loss on iteration 260 = 0.005014382755325642
Training loss on iteration 280 = 0.0019553224221454
Training loss on iteration 300 = 0.002916400128657415
Training loss on iteration 320 = 0.0015259150426572888
Training loss on iteration 340 = 0.009057693579597981
Training loss on iteration 360 = 0.0017459777063777437
Training loss on iteration 380 = 0.004719475580259314
Training loss on iteration 400 = 0.0011823034825283684
Training loss on iteration 420 = 0.0010710334167470137
Training loss on iteration 440 = 0.0020530284680035037
Training loss on iteration 460 = 0.004884479046449996
Training loss on iteration 480 = 0.0029009590958594344
Training loss on iteration 500 = 0.0018250547754178116
Training loss on iteration 520 = 0.0005621962383202117
Training loss on iteration 540 = 0.0008062632928528046
Training loss on iteration 560 = 0.00258660229784482
Training loss on iteration 580 = 0.00522251399581819
Training loss on iteration 600 = 0.01132086731322488
Training loss on iteration 620 = 0.008537334769061999
### EVAL:: Epoch 5:: Loss = 0.03224439942747832 :: ACC = 0.9874110819917634, AUC = 0.9999996758590017, EER = 0.0004679895170348184
Training on epoch 6
Training loss on iteration 0 = 0.000846358307171613
Training loss on iteration 20 = 0.0009655883071900462
Training loss on iteration 40 = 0.0025316850086710475
Training loss on iteration 60 = 0.0017160483828320139
Training loss on iteration 80 = 0.0028222956462968796
Training loss on iteration 100 = 0.005369298821983648
Training loss on iteration 120 = 0.002508335095080838
Training loss on iteration 140 = 0.002362810803515458
Training loss on iteration 160 = 0.001726424264961679
Training loss on iteration 180 = 0.0026480510379542467
Training loss on iteration 200 = 0.006013270768994517
Training loss on iteration 220 = 0.002422980538176489
Training loss on iteration 240 = 0.003061106161567295
Training loss on iteration 260 = 0.0011179138464058268
Training loss on iteration 280 = 0.0032779900237983385
Training loss on iteration 300 = 0.002008322412484631
Training loss on iteration 320 = 0.0021701141672338053
Training loss on iteration 340 = 0.00031397840201634607
Training loss on iteration 360 = 0.00022064470219902433
Training loss on iteration 380 = 0.002185396163741871
Training loss on iteration 400 = 0.0029881564799552505
Training loss on iteration 420 = 0.008154947198454466
Training loss on iteration 440 = 0.006431076590524753
Training loss on iteration 460 = 0.008030422615593124
Training loss on iteration 480 = 0.003915351532486966
Training loss on iteration 500 = 0.007371621675702045
Training loss on iteration 520 = 0.002058380434755236
Training loss on iteration 540 = 0.004851485664403299
Training loss on iteration 560 = 0.005174189518083949
Training loss on iteration 580 = 0.005607740959612783
Training loss on iteration 600 = 0.0031163211991952267
Training loss on iteration 620 = 0.00342487457619427
### EVAL:: Epoch 6:: Loss = 0.0021482681279105338 :: ACC = 0.9992980157244478, AUC = 0.9999998598309195, EER = 0.00018719580681392738
Training on epoch 7
Training loss on iteration 0 = 0.0012669599382206798
Training loss on iteration 20 = 0.005534047582750645
Training loss on iteration 40 = 0.0036947424351183146
Training loss on iteration 60 = 0.005476497978270345
Training loss on iteration 80 = 0.003243231381293299
Training loss on iteration 100 = 0.004144996760442154
Training loss on iteration 120 = 0.005393738921020486
Training loss on iteration 140 = 0.0028404687967849896
Training loss on iteration 160 = 0.004454537348465237
Training loss on iteration 180 = 0.0046177510463166985
Training loss on iteration 200 = 0.002555601215863135
Training loss on iteration 220 = 0.002238674936188545
Training loss on iteration 240 = 0.004473665741079458
Training loss on iteration 260 = 0.0019138992656280607
Training loss on iteration 280 = 0.002761615954204899
Training loss on iteration 300 = 0.004718140964314443
Training loss on iteration 320 = 0.0010920798093138728
Training loss on iteration 340 = 0.0010564793786898008
Training loss on iteration 360 = 0.0005217312006607245
Training loss on iteration 380 = 0.001173287306983184
Training loss on iteration 400 = 0.0005784854398370953
Training loss on iteration 420 = 0.0007440168134280611
Training loss on iteration 440 = 0.0010319936920694772
Training loss on iteration 460 = 0.001068414497217418
Training loss on iteration 480 = 0.0033939852531034375
Training loss on iteration 500 = 0.0014609961831411056
Training loss on iteration 520 = 0.002202732471323543
Training loss on iteration 540 = 0.0030761367988361597
Training loss on iteration 560 = 0.002914548887474666
Training loss on iteration 580 = 0.0010176434739719298
Training loss on iteration 600 = 0.001380391012727955
Training loss on iteration 620 = 0.0011032962389521117
### EVAL:: Epoch 7:: Loss = 0.0014201552744923804 :: ACC = 0.9994852115312617, AUC = 1.0, EER = 0.0
Training on epoch 8
Training loss on iteration 0 = 1.5319934391300194e-05
Training loss on iteration 20 = 0.0006682384432906474
Training loss on iteration 40 = 0.0017350417051829937
Training loss on iteration 60 = 0.0030011049098447986
Training loss on iteration 80 = 0.00565814825167763
Training loss on iteration 100 = 0.0012741679986902454
Training loss on iteration 120 = 0.001071303042067484
Training loss on iteration 140 = 0.0008698941513216596
Training loss on iteration 160 = 0.0034408319975625544
Training loss on iteration 180 = 0.005354692792877813
Training loss on iteration 200 = 0.00636637876405075
Training loss on iteration 220 = 0.004356479817943182
Training loss on iteration 240 = 0.00595362920066691
Training loss on iteration 260 = 0.001506026486549672
Training loss on iteration 280 = 0.0010407482220671227
Training loss on iteration 300 = 0.000345524732983904
Training loss on iteration 320 = 0.0011988625945093645
Training loss on iteration 340 = 0.002105289666359056
Training loss on iteration 360 = 0.0013862343885648442
Training loss on iteration 380 = 0.0014105856760238567
Training loss on iteration 400 = 0.0038186425180811055
Training loss on iteration 420 = 0.0018884370173964272
Training loss on iteration 440 = 0.0019018740851151962
Training loss on iteration 460 = 0.006864525027083346
Training loss on iteration 480 = 0.001147745453636162
Training loss on iteration 500 = 0.0005975872525596059
Training loss on iteration 520 = 0.00787803605658155
Training loss on iteration 540 = 0.004324590600299416
Training loss on iteration 560 = 0.0024918052753491794
Training loss on iteration 580 = 0.001635339221945742
Training loss on iteration 600 = 0.0019410791085249456
Training loss on iteration 620 = 0.006418814815287987
### EVAL:: Epoch 8:: Loss = 0.0009344444276256325 :: ACC = 0.9997660052414826, AUC = 0.9999999561971623, EER = 9.359790340696369e-05
Training on epoch 9
Training loss on iteration 0 = 0.0006589849945157766
Training loss on iteration 20 = 0.006186828972931835
Training loss on iteration 40 = 0.0027608267051618895
Training loss on iteration 60 = 0.003020422909798981
Training loss on iteration 80 = 0.007805147117505839
Training loss on iteration 100 = 0.006552244080739911
Training loss on iteration 120 = 0.0060719043294739095
Training loss on iteration 140 = 0.0041111464376626826
Training loss on iteration 160 = 0.001932715026941878
Training loss on iteration 180 = 0.0005731916248350899
Training loss on iteration 200 = 0.00030405779994566726
Training loss on iteration 220 = 0.0018161308007847766
Training loss on iteration 240 = 0.0028959403868157097
Training loss on iteration 260 = 0.0012459623342920168
Training loss on iteration 280 = 0.0021122684008332724
Training loss on iteration 300 = 0.0012941150676965662
Training loss on iteration 320 = 0.013137043144524796
Training loss on iteration 340 = 0.0064838387021154634
Training loss on iteration 360 = 0.004623822808571276
Training loss on iteration 380 = 0.005047152638326224
Training loss on iteration 400 = 0.0016953899888449086
Training loss on iteration 420 = 0.0021324349933820484
Training loss on iteration 440 = 0.0013409967280949785
Training loss on iteration 460 = 0.0013996302722262045
Training loss on iteration 480 = 0.00026741607001667944
Training loss on iteration 500 = 0.0006318048976709179
Training loss on iteration 520 = 0.0003609110482841515
Training loss on iteration 540 = 0.0014793908534926458
Training loss on iteration 560 = 0.0006123231635498883
Training loss on iteration 580 = 0.00031032448536478797
Training loss on iteration 600 = 0.0007306821123961527
Training loss on iteration 620 = 0.0015138414733158357
### EVAL:: Epoch 9:: Loss = 0.0014920080028973917 :: ACC = 0.9995788094346687, AUC = 1.0, EER = 0.0
Training on epoch 10
Training loss on iteration 0 = 5.222351319389418e-05
Training loss on iteration 20 = 0.0029927545081136486
Training loss on iteration 40 = 0.0029508127249641804
Training loss on iteration 60 = 0.004230667356569029
Training loss on iteration 80 = 0.0007915115551440976
Training loss on iteration 100 = 0.0012755739303031532
Training loss on iteration 120 = 0.0003772301034928205
Training loss on iteration 140 = 0.0003521722008997585
Training loss on iteration 160 = 0.00019791148604610953
Training loss on iteration 180 = 0.00023661521036046906
Training loss on iteration 200 = 0.001377243920778426
Training loss on iteration 220 = 0.002388660039726176
Training loss on iteration 240 = 0.0016942069990818708
Training loss on iteration 260 = 0.0036796933365167207
Training loss on iteration 280 = 0.006833889858990005
Training loss on iteration 300 = 0.0004026539592814515
Training loss on iteration 320 = 0.0024357964139653633
Training loss on iteration 340 = 0.008791381346679828
Training loss on iteration 360 = 0.0036370470690599175
Training loss on iteration 380 = 0.00463458408871702
Training loss on iteration 400 = 0.004757666964269447
Training loss on iteration 420 = 0.0022628362932664457
Training loss on iteration 440 = 0.00634668929419604
Training loss on iteration 460 = 0.0031388182928139942
Training loss on iteration 480 = 0.003500145252655784
Training loss on iteration 500 = 0.002480322994915696
Training loss on iteration 520 = 0.001423644217356923
Training loss on iteration 540 = 0.001008064644111073
Training loss on iteration 560 = 0.003617936373120756
Training loss on iteration 580 = 0.00020601388069962923
Training loss on iteration 600 = 0.0006376276308515116
Training loss on iteration 620 = 0.0011095168018130153
### EVAL:: Epoch 10:: Loss = 5.633403970839818e-05 :: ACC = 1.0, AUC = 1.0, EER = 0.0
Training on epoch 11
Training loss on iteration 0 = 1.2318879271333572e-05
Training loss on iteration 20 = 0.003419578020748304
Training loss on iteration 40 = 0.0019816647706647926
Training loss on iteration 60 = 0.005231598675163695
Training loss on iteration 80 = 0.00138162939765607
Training loss on iteration 100 = 0.0015945557928773724
Training loss on iteration 120 = 0.0009281073433157871
Training loss on iteration 140 = 0.0016171244972895237
Training loss on iteration 160 = 0.0009510587601880615
Training loss on iteration 180 = 0.0016718028651837359
Training loss on iteration 200 = 0.0038372698483840396
Training loss on iteration 220 = 0.001265381361145046
Training loss on iteration 240 = 0.00020940011414722904
Training loss on iteration 260 = 0.0002477096036443527
Training loss on iteration 280 = 0.0007810389844507881
Training loss on iteration 300 = 0.0013493226457399032
Training loss on iteration 320 = 0.0012205640881120417
Training loss on iteration 340 = 0.0006015557873514154
Training loss on iteration 360 = 0.0002322822902556254
Training loss on iteration 380 = 0.00025947476311216633
Training loss on iteration 400 = 0.0006858572237945282
Training loss on iteration 420 = 0.001682893151893694
Training loss on iteration 440 = 0.003006063330258257
Training loss on iteration 460 = 0.003649711561661206
Training loss on iteration 480 = 0.00032658553275695114
Training loss on iteration 500 = 0.0007861382154544571
Training loss on iteration 520 = 0.004401759634811242
Training loss on iteration 540 = 0.002913170680449184
Training loss on iteration 560 = 0.0019123757890156412
Training loss on iteration 580 = 0.004005920340046032
Training loss on iteration 600 = 0.003968889084728744
Training loss on iteration 620 = 0.0009918157329138922
### EVAL:: Epoch 11:: Loss = 0.0027576992619218112 :: ACC = 0.9993448146761512, AUC = 0.9999941391803276, EER = 0.0006551853238487457
Training on epoch 12
Training loss on iteration 0 = 5.8792243180505466e-06
Training loss on iteration 20 = 0.001537712724530138
Training loss on iteration 40 = 0.0009098306927171507
Training loss on iteration 60 = 0.00885860436353596
Training loss on iteration 80 = 0.002331740470265231
Training loss on iteration 100 = 0.0018482242209273635
Training loss on iteration 120 = 0.005723179607298334
Training loss on iteration 140 = 0.0021725148269524652
Training loss on iteration 160 = 0.0022381523097465108
Training loss on iteration 180 = 0.005799682542055961
Training loss on iteration 200 = 0.0024211421725340186
Training loss on iteration 220 = 0.003090601770827561
Training loss on iteration 240 = 0.0009846117385627906
Training loss on iteration 260 = 0.0003655640626277545
Training loss on iteration 280 = 0.0009950724419923063
Training loss on iteration 300 = 0.0014226859537245673
Training loss on iteration 320 = 0.0014687984033798784
Training loss on iteration 340 = 0.0015557885317150522
Training loss on iteration 360 = 0.004277731257691641
Training loss on iteration 380 = 0.000509041928012266
Training loss on iteration 400 = 0.0008885632713827363
Training loss on iteration 420 = 0.006280582476665586
Training loss on iteration 440 = 0.004010965576935632
Training loss on iteration 460 = 0.0019081541180185012
Training loss on iteration 480 = 0.004225791045882943
Training loss on iteration 500 = 0.0019071620605245697
Training loss on iteration 520 = 0.0004522699679199604
Training loss on iteration 540 = 0.001000287864553684
Training loss on iteration 560 = 0.000570001710428869
Training loss on iteration 580 = 0.01192014595488331
Training loss on iteration 600 = 0.0024074530690995745
Training loss on iteration 620 = 0.0020698316925518156
### EVAL:: Epoch 12:: Loss = 0.00022387354603746056 :: ACC = 0.9998596031448895, AUC = 0.999999982478865, EER = 0.00018719580681392738
Training on epoch 13
Training loss on iteration 0 = 0.0006187550025060773
Training loss on iteration 20 = 0.0016011670967600367
Training loss on iteration 40 = 0.0006071080583751609
Training loss on iteration 60 = 0.0005795530995555964
Training loss on iteration 80 = 0.00028063200220458385
Training loss on iteration 100 = 0.0007670760896701268
Training loss on iteration 120 = 0.00025388860989039586
Training loss on iteration 140 = 0.00022107033052591872
Training loss on iteration 160 = 9.85085363026883e-05
Training loss on iteration 180 = 0.0009031592663518495
Training loss on iteration 200 = 0.0009750791171001083
Training loss on iteration 220 = 0.00017313869222697066
Training loss on iteration 240 = 0.0006580892785905234
Training loss on iteration 260 = 0.002846876241608243
Training loss on iteration 280 = 0.0009295804035502897
Training loss on iteration 300 = 0.0008314100806671831
Training loss on iteration 320 = 0.0014283891648801728
Training loss on iteration 340 = 0.002463579398616389
Training loss on iteration 360 = 0.0011292917989365492
Training loss on iteration 380 = 0.00030688417014061996
Training loss on iteration 400 = 0.006516487996481857
Training loss on iteration 420 = 0.0026634228794307547
Training loss on iteration 440 = 0.0034255168494382814
Training loss on iteration 460 = 0.0005681463745645487
Training loss on iteration 480 = 0.0005389373364039329
Training loss on iteration 500 = 0.00018553330367012676
Training loss on iteration 520 = 0.0007383802915569504
Training loss on iteration 540 = 0.0013401112020744676
Training loss on iteration 560 = 0.001511569639598065
Training loss on iteration 580 = 0.00039927223886024874
Training loss on iteration 600 = 0.0012150417995997031
Training loss on iteration 620 = 0.0005317208427356946
### EVAL:: Epoch 13:: Loss = 2.635450349288705e-05 :: ACC = 1.0, AUC = 1.0, EER = 0.0
Training on epoch 14
Training loss on iteration 0 = 0.001790498150512576
Training loss on iteration 20 = 0.0019995405418001154
Training loss on iteration 40 = 0.0009052241382732973
Training loss on iteration 60 = 0.001044148038943149
Training loss on iteration 80 = 0.0013957386554238837
Training loss on iteration 100 = 0.0007357641146761296
Training loss on iteration 120 = 5.504862576231062e-05
Training loss on iteration 140 = 0.0003177733241784608
Training loss on iteration 160 = 0.0036955888175510764
Training loss on iteration 180 = 0.0018432697206321792
Training loss on iteration 200 = 0.007026270409829749
Training loss on iteration 220 = 0.005900421913838727
Training loss on iteration 240 = 0.004842355908203899
Training loss on iteration 260 = 0.0027635673142867743
Training loss on iteration 280 = 0.0014190601294103544
Training loss on iteration 300 = 0.0010723125229731068
Training loss on iteration 320 = 0.000281446472658331
Training loss on iteration 340 = 0.0006757872701655288
Training loss on iteration 360 = 0.0012181113993211313
Training loss on iteration 380 = 0.0015750574130322548
Training loss on iteration 400 = 0.007754145779580312
Training loss on iteration 420 = 0.0033655364990636373
Training loss on iteration 440 = 0.0008642367974971421
Training loss on iteration 460 = 0.00035753381926610927
Training loss on iteration 480 = 0.0033345269008577816
Training loss on iteration 500 = 0.0002795572104105304
Training loss on iteration 520 = 0.00419779406331422
Training loss on iteration 540 = 0.0007018365827775597
Training loss on iteration 560 = 0.0010283686689462
Training loss on iteration 580 = 0.0011587183242795617
Training loss on iteration 600 = 0.004028351336359393
Training loss on iteration 620 = 0.0017519031463933744
### EVAL:: Epoch 14:: Loss = 4.196432001570529e-05 :: ACC = 1.0, AUC = 1.0, EER = 0.0
Training on epoch 15
Training loss on iteration 0 = 6.391941133188084e-05
Training loss on iteration 20 = 0.005632260886704899
Training loss on iteration 40 = 0.0015638295803000802
Training loss on iteration 60 = 0.005137893630694635
Training loss on iteration 80 = 0.001435798106308539
Training loss on iteration 100 = 0.0019962872830546984
Training loss on iteration 120 = 0.001124355315084813
Training loss on iteration 140 = 0.0003469917694474134
Training loss on iteration 160 = 0.00030276401433013687
Training loss on iteration 180 = 0.0003214635587085013
Training loss on iteration 200 = 0.0003192894972897875
Training loss on iteration 220 = 0.0020128556332707605
Training loss on iteration 240 = 0.0006527452684963464
Training loss on iteration 260 = 0.0037905693798165885
Training loss on iteration 280 = 0.001227065893863255
Training loss on iteration 300 = 0.00037918848503295524
Training loss on iteration 320 = 0.0015508970345083028
Training loss on iteration 340 = 0.001568960270935804
Training loss on iteration 360 = 0.00045582779443975596
Training loss on iteration 380 = 0.0009088922316749404
Training loss on iteration 400 = 0.0052555942922339225
Training loss on iteration 420 = 0.0012598564288055058
Training loss on iteration 440 = 0.0023578571079667654
Training loss on iteration 460 = 0.0014133243549167673
Training loss on iteration 480 = 0.0020049448481429975
Training loss on iteration 500 = 0.0004177483860075881
Training loss on iteration 520 = 0.0017012683097050285
Training loss on iteration 540 = 0.001918344528939997
Training loss on iteration 560 = 0.001031424092332145
Training loss on iteration 580 = 0.0011213722398260018
Training loss on iteration 600 = 0.0007261843558694636
Training loss on iteration 620 = 0.0004001875430844848
### EVAL:: Epoch 15:: Loss = 3.419340362037659e-05 :: ACC = 1.0, AUC = 1.0, EER = 0.0
Training on epoch 16
Training loss on iteration 0 = 0.0028196906205266714
Training loss on iteration 20 = 0.00480534554219787
Training loss on iteration 40 = 0.0008961837003880647
Training loss on iteration 60 = 0.001234808265996179
Training loss on iteration 80 = 0.0010193951067179797
Training loss on iteration 100 = 0.0018933500436219219
Training loss on iteration 120 = 0.0002334174298994185
Training loss on iteration 140 = 0.0012322573927121994
Training loss on iteration 160 = 0.0010342088819470519
Training loss on iteration 180 = 0.0024729194058522807
Training loss on iteration 200 = 0.0017278154989014637
Training loss on iteration 220 = 0.0027190032017614385
Training loss on iteration 240 = 0.0005563106745739788
Training loss on iteration 260 = 0.00026414640864231843
Training loss on iteration 280 = 0.002683463296420996
Training loss on iteration 300 = 0.0032543033622914664
Training loss on iteration 320 = 0.0005160134821267093
Training loss on iteration 340 = 0.001856485482210246
Training loss on iteration 360 = 0.001129112694655987
Training loss on iteration 380 = 0.0002625272232705811
Training loss on iteration 400 = 0.0005188880230321047
Training loss on iteration 420 = 0.002097646805891884
Training loss on iteration 440 = 0.0009399655275160512
Training loss on iteration 460 = 0.000287559753911637
Training loss on iteration 480 = 0.0008639696059333346
Training loss on iteration 500 = 0.00045881483450500583
Training loss on iteration 520 = 0.00040479536507831426
Training loss on iteration 540 = 0.0010753865939783225
Training loss on iteration 560 = 0.0018340219441938643
Training loss on iteration 580 = 0.0015256704313998171
Training loss on iteration 600 = 0.0012399771413242888
Training loss on iteration 620 = 0.0013463711276443745
### EVAL:: Epoch 16:: Loss = 0.000529898149215805 :: ACC = 0.9997192062897791, AUC = 0.9999999912394325, EER = 9.359790340696369e-05
Training on epoch 17
Training loss on iteration 0 = 6.534821295645088e-05
Training loss on iteration 20 = 0.0007233367140671021
Training loss on iteration 40 = 0.0014944770700442867
Training loss on iteration 60 = 0.0006042003033044808
Training loss on iteration 80 = 0.0003547971875946132
Training loss on iteration 100 = 0.002024244678035814
Training loss on iteration 120 = 0.00182571903499138
Training loss on iteration 140 = 0.002204116961274849
Training loss on iteration 160 = 0.0018510529077843784
Training loss on iteration 180 = 0.0035455810814710277
Training loss on iteration 200 = 0.0007477354476918662
Training loss on iteration 220 = 0.00356138310063443
Training loss on iteration 240 = 0.0016295942005911002
Training loss on iteration 260 = 0.0004983618882477003
Training loss on iteration 280 = 0.0011611451566523102
Training loss on iteration 300 = 0.0007455234800815447
Training loss on iteration 320 = 0.0015717323332211208
Training loss on iteration 340 = 0.00031124091745482474
Training loss on iteration 360 = 0.00031602650850004466
Training loss on iteration 380 = 0.00021500046177038711
Training loss on iteration 400 = 0.00039191565158489536
Training loss on iteration 420 = 0.0005833253026011675
Training loss on iteration 440 = 0.0017835127461921728
Training loss on iteration 460 = 0.003827284696080824
Training loss on iteration 480 = 0.005303911959526886
Training loss on iteration 500 = 0.004880847358322171
Training loss on iteration 520 = 0.012099759113152687
Training loss on iteration 540 = 0.01231131817876303
Training loss on iteration 560 = 0.005465306787300506
Training loss on iteration 580 = 0.008009020079043694
Training loss on iteration 600 = 0.002432068984489888
Training loss on iteration 620 = 0.0025883309877372087
### EVAL:: Epoch 17:: Loss = 0.00012688917488802055 :: ACC = 0.9999532010482965, AUC = 1.0, EER = 0.0
Training on epoch 18
Training loss on iteration 0 = 0.0002615483244881034
Training loss on iteration 20 = 0.0010623146217312752
Training loss on iteration 40 = 0.0006682082560587332
Training loss on iteration 60 = 0.0003522704057331794
Training loss on iteration 80 = 0.0001832425221550693
Training loss on iteration 100 = 0.0006012199054111989
Training loss on iteration 120 = 0.0006642912757037322
Training loss on iteration 140 = 0.0005974901659300258
Training loss on iteration 160 = 0.00011322022979420865
Training loss on iteration 180 = 0.0005976061262060739
Training loss on iteration 200 = 0.0005500252269687422
Training loss on iteration 220 = 0.0005084494217260982
Training loss on iteration 240 = 0.00016053452822859527
Training loss on iteration 260 = 0.0020653935246500053
Training loss on iteration 280 = 0.0015423597443998461
Training loss on iteration 300 = 0.003050731547386931
Training loss on iteration 320 = 0.003985954990923801
Training loss on iteration 340 = 0.004051022457770159
Training loss on iteration 360 = 0.0016782585765781732
Training loss on iteration 380 = 0.0006554438219893655
Training loss on iteration 400 = 0.0003850529507545275
Training loss on iteration 420 = 0.003213093365718578
Training loss on iteration 440 = 0.0005845335823266851
Training loss on iteration 460 = 0.0012955548983427435
Training loss on iteration 480 = 0.00042580236158755723
Training loss on iteration 500 = 0.00030522342444783135
Training loss on iteration 520 = 0.00018375121242897308
Training loss on iteration 540 = 0.0021422098084826757
Training loss on iteration 560 = 0.0013032369882239436
Training loss on iteration 580 = 0.000321312492189918
Training loss on iteration 600 = 0.000933511004532761
Training loss on iteration 620 = 0.00017849337181274905
### EVAL:: Epoch 18:: Loss = 6.938507256724553e-05 :: ACC = 0.9999532010482965, AUC = 1.0, EER = 0.0
Training on epoch 19
Training loss on iteration 0 = 1.858869472926017e-05
Training loss on iteration 20 = 0.0014843133129105012
Training loss on iteration 40 = 0.0008077302760511884
Training loss on iteration 60 = 0.0001505365453937202
Training loss on iteration 80 = 0.00035802362615626747
Training loss on iteration 100 = 0.0016124508204939047
Training loss on iteration 120 = 0.0011717758983422755
Training loss on iteration 140 = 0.0005113776427577932
Training loss on iteration 160 = 0.0010998118796379686
Training loss on iteration 180 = 0.000622188975044935
Training loss on iteration 200 = 3.966773857371209e-05
Training loss on iteration 220 = 0.002894387328123571
Training loss on iteration 240 = 0.0006969748584573666
Training loss on iteration 260 = 0.0006868431989410339
Training loss on iteration 280 = 0.0006606623618857554
Training loss on iteration 300 = 0.000522699952088601
Training loss on iteration 320 = 0.0006609471921862564
Training loss on iteration 340 = 0.0016262326583614596
Training loss on iteration 360 = 0.0011650400708177245
Training loss on iteration 380 = 0.001682556381035738
Training loss on iteration 400 = 0.001101727156859056
Training loss on iteration 420 = 0.00029954892289794086
Training loss on iteration 440 = 0.00015956223049995444
Training loss on iteration 460 = 0.00042762725579521544
Training loss on iteration 480 = 0.00033424583778369766
Training loss on iteration 500 = 0.0002500714287688055
Training loss on iteration 520 = 3.0268731578075858e-05
Training loss on iteration 540 = 0.002841695938168698
Training loss on iteration 560 = 0.0006644048811267567
Training loss on iteration 580 = 0.0004020065706299647
Training loss on iteration 600 = 0.0001242601732101889
Training loss on iteration 620 = 6.973191585188943e-05
### EVAL:: Epoch 19:: Loss = 0.00020982250449516239 :: ACC = 0.999906402096593, AUC = 0.999999982478865, EER = 0.00018719580681392738
Training on epoch 20
Training loss on iteration 0 = 1.2005945791315753e-05
Training loss on iteration 20 = 0.0011949873378490849
Training loss on iteration 40 = 0.0003756592468988629
Training loss on iteration 60 = 0.00011792504995327136
Training loss on iteration 80 = 0.0011375195728206221
Training loss on iteration 100 = 4.9575488340281026e-05
Training loss on iteration 120 = 0.001000129882015699
Training loss on iteration 140 = 0.001194326720974459
Training loss on iteration 160 = 0.007492066166548739
Training loss on iteration 180 = 0.006392217412030732
Training loss on iteration 200 = 0.002577444423752695
Training loss on iteration 220 = 0.003258972513435765
Training loss on iteration 240 = 0.00025129611794341147
Training loss on iteration 260 = 0.0012290852696253296
Training loss on iteration 280 = 0.0015296477126298669
Training loss on iteration 300 = 0.0011488061947204642
Training loss on iteration 320 = 0.0003207862742300449
Training loss on iteration 340 = 6.341180392404056e-05
Training loss on iteration 360 = 0.0008618877270238912
Training loss on iteration 380 = 0.00019421456672858995
Training loss on iteration 400 = 2.7123246985105708e-05
Training loss on iteration 420 = 0.0004887524596959736
Training loss on iteration 440 = 0.0006119267638723614
Training loss on iteration 460 = 0.001770155149290531
Training loss on iteration 480 = 0.0031029810708588456
Training loss on iteration 500 = 0.00386012497814221
Training loss on iteration 520 = 0.0034104073756168417
Training loss on iteration 540 = 0.0009142872659765544
Training loss on iteration 560 = 0.002851868214645492
Training loss on iteration 580 = 0.0046254078982201465
Training loss on iteration 600 = 0.0013767539456864598
Training loss on iteration 620 = 0.000312473754615894
### EVAL:: Epoch 20:: Loss = 0.0001428618099784791 :: ACC = 0.9999532010482965, AUC = 0.9999999912394325, EER = 9.359790340696369e-05
### Out of domain:: Best epoch 10 :: ACC = 0.736079617031998, AUC = 0.7538610652308477, EER = 0.309599395313681
recorded: {'exp_name': 'en_resnet50_r01', 'model': 'resnet50', 'train': 'commonvoice-en', 'test': 'mailabs-en', 'in_acc': 1.0, 'in_auc': 1.0, 'in_eer': 0.0, 'cross_acc': 0.736079617031998, 'cross_auc': 0.7538610652308477, 'cross_eer': 0.309599395313681}

Done. Results -> /project/home/p201284/guo/xmad-bench-repro/results_en_resnet50_r01.csv
Done (en_resnet50_r01). Metrics -> /project/home/p201284/guo/xmad-bench-repro/results_en_resnet50_r01.csv ; logs/checkpoints under detection/experiments/.
