>> activated env: /project/home/p201284/guo/xmad-bench-repro/venv/bin/activate  (Python 3.13.12)
>> torch 2.12.0+cu132 | CUDA available: True
Applying resumable-training patch...
  already patched: /project/home/p201284/guo/xmad-bench-repro/detection/trainer.py
  trainer.py is valid Python.
Done. Killed runs now continue from their last completed epoch.
>> Generating configs for: ar  (models: ast, tag=ar_ast_r02, GPU=3)
Wrote 1 configs to /project/home/p201284/guo/xmad-bench-repro/repro_tools/stepB/configs_ar_ast_r02/  (languages: ar)
>> single-repeat mode: this process runs ONLY repeat r02
RESUME ar_ast_r02: found latest_checkpoint.pkl, continuing from the last completed epoch
root_path: /project/home/p201284/guo/xmad_data/
multilingual: True  model check for config: /project/home/p201284/guo/xmad-bench-repro/repro_tools/stepB/configs_ar_ast_r02/config_ar_ast.json

  OK  commonvoice-ar       rows=76602    sep=','
  OK  masc                 rows=12984    sep=','

PRE-FLIGHT PASSED — data layout looks correct for this config.

=== RUN ar_ast_r02 (model=ast) ===

Loading weights:   0%|          | 0/199 [00:00<?, ?it/s]
Loading weights:  16%|█▌        | 32/199 [00:00<00:00, 310.73it/s]
Loading weights:  32%|███▏      | 64/199 [00:00<00:00, 192.47it/s]
Loading weights:  49%|████▊     | 97/199 [00:00<00:00, 232.08it/s]
Loading weights:  71%|███████   | 141/199 [00:00<00:00, 296.82it/s]
Loading weights:  87%|████████▋ | 174/199 [00:00<00:00, 258.98it/s]
Loading weights: 100%|██████████| 199/199 [00:00<00:00, 269.57it/s]
[transformers] [1mASTModel LOAD REPORT[0m from: MIT/ast-finetuned-audioset-10-10-0.4593
Key                         | Status     |  | 
----------------------------+------------+--+-
classifier.dense.weight     | UNEXPECTED |  | 
classifier.dense.bias       | UNEXPECTED |  | 
classifier.layernorm.bias   | UNEXPECTED |  | 
classifier.layernorm.weight | UNEXPECTED |  | 

Notes:
- UNEXPECTED:	can be ignored when loading from different task/architecture; not ok if you expect identical arch.
HTTP Error 504 thrown while requesting HEAD https://huggingface.co/MIT/ast-finetuned-audioset-10-10-0.4593/resolve/main/processor_config.json
Retrying in 1s [Retry 1/5].
HTTP Error 504 thrown while requesting HEAD https://huggingface.co/MIT/ast-finetuned-audioset-10-10-0.4593/resolve/main/processor_config.json
Retrying in 2s [Retry 2/5].
HTTP Error 504 thrown while requesting HEAD https://huggingface.co/MIT/ast-finetuned-audioset-10-10-0.4593/resolve/main/processor_config.json
Retrying in 4s [Retry 3/5].
HTTP Error 504 thrown while requesting HEAD https://huggingface.co/MIT/ast-finetuned-audioset-10-10-0.4593/resolve/main/processor_config.json
Retrying in 8s [Retry 4/5].
HTTP Error 504 thrown while requesting HEAD https://huggingface.co/MIT/ast-finetuned-audioset-10-10-0.4593/resolve/main/processor_config.json
Retrying in 8s [Retry 5/5].
HTTP Error 504 thrown while requesting HEAD https://huggingface.co/MIT/ast-finetuned-audioset-10-10-0.4593/resolve/main/processor_config.json
/mnt/tier2/project/p201284/guo/xmad-bench-repro/venv/lib/python3.13/site-packages/transformers/audio_utils.py:704: UserWarning: At least one mel filter has all zero values. The value for `num_mel_filters` (128) may be set too high. Or, the value for `num_frequency_bins` (257) may be set too low.
  warnings.warn(
commonvoice-ar
HTTP Error 504 thrown while requesting HEAD https://huggingface.co/MIT/ast-finetuned-audioset-10-10-0.4593/resolve/main/processor_config.json
Retrying in 1s [Retry 1/5].
HTTP Error 504 thrown while requesting HEAD https://huggingface.co/MIT/ast-finetuned-audioset-10-10-0.4593/resolve/main/processor_config.json
Retrying in 2s [Retry 2/5].
HTTP Error 504 thrown while requesting HEAD https://huggingface.co/MIT/ast-finetuned-audioset-10-10-0.4593/resolve/main/processor_config.json
Retrying in 4s [Retry 3/5].
HTTP Error 504 thrown while requesting HEAD https://huggingface.co/MIT/ast-finetuned-audioset-10-10-0.4593/resolve/main/processor_config.json
Retrying in 8s [Retry 4/5].
HTTP Error 504 thrown while requesting HEAD https://huggingface.co/MIT/ast-finetuned-audioset-10-10-0.4593/resolve/main/processor_config.json
Retrying in 8s [Retry 5/5].
HTTP Error 504 thrown while requesting HEAD https://huggingface.co/MIT/ast-finetuned-audioset-10-10-0.4593/resolve/main/processor_config.json
/mnt/tier2/project/p201284/guo/xmad-bench-repro/venv/lib/python3.13/site-packages/transformers/audio_utils.py:704: UserWarning: At least one mel filter has all zero values. The value for `num_mel_filters` (128) may be set too high. Or, the value for `num_frequency_bins` (257) may be set too low.
  warnings.warn(
commonvoice-ar
HTTP Error 504 thrown while requesting HEAD https://huggingface.co/MIT/ast-finetuned-audioset-10-10-0.4593/resolve/main/processor_config.json
Retrying in 1s [Retry 1/5].
HTTP Error 504 thrown while requesting HEAD https://huggingface.co/MIT/ast-finetuned-audioset-10-10-0.4593/resolve/main/processor_config.json
Retrying in 2s [Retry 2/5].
HTTP Error 504 thrown while requesting HEAD https://huggingface.co/MIT/ast-finetuned-audioset-10-10-0.4593/resolve/main/processor_config.json
Retrying in 4s [Retry 3/5].
HTTP Error 504 thrown while requesting HEAD https://huggingface.co/MIT/ast-finetuned-audioset-10-10-0.4593/resolve/main/processor_config.json
Retrying in 8s [Retry 4/5].
HTTP Error 504 thrown while requesting HEAD https://huggingface.co/MIT/ast-finetuned-audioset-10-10-0.4593/resolve/main/processor_config.json
Retrying in 8s [Retry 5/5].
HTTP Error 504 thrown while requesting HEAD https://huggingface.co/MIT/ast-finetuned-audioset-10-10-0.4593/resolve/main/processor_config.json
/mnt/tier2/project/p201284/guo/xmad-bench-repro/venv/lib/python3.13/site-packages/transformers/audio_utils.py:704: UserWarning: At least one mel filter has all zero values. The value for `num_mel_filters` (128) may be set too high. Or, the value for `num_frequency_bins` (257) may be set too low.
  warnings.warn(
### RESUME:: checkpoint at epoch 17; continuing at epoch 18 of 20 (best ACC so far = 0.9998535728231159)
Training on epoch 18
Training loss on iteration 0 = 1.1038604498025961e-05
Training loss on iteration 20 = 0.0034050837906761445
Training loss on iteration 40 = 0.0014941540567519952
Training loss on iteration 60 = 0.010871288942848879
Training loss on iteration 80 = 0.008804295214804369
Training loss on iteration 100 = 0.0057011246552463035
Training loss on iteration 120 = 0.0015693453515865485
Training loss on iteration 140 = 3.757819254701644e-05
Training loss on iteration 160 = 0.0002840444771862849
Training loss on iteration 180 = 1.9136437495603785e-05
Training loss on iteration 200 = 0.0005229209956411296
Training loss on iteration 220 = 0.0005567074739957434
Training loss on iteration 240 = 0.0018161811399224348
Training loss on iteration 260 = 0.009138285225082398
Training loss on iteration 280 = 0.0029666392641019
Training loss on iteration 300 = 8.255782984889493e-05
Training loss on iteration 320 = 0.00029685703541773025
Training loss on iteration 340 = 0.0004785347045547894
Training loss on iteration 360 = 0.0008336875453242243
Training loss on iteration 380 = 0.0010280268308452633
Training loss on iteration 400 = 0.0023806442527734006
Training loss on iteration 420 = 0.01450019120552568
Training loss on iteration 440 = 9.226090609431026e-05
Training loss on iteration 460 = 0.0011020805366186437
Training loss on iteration 480 = 0.0004934478377549567
Training loss on iteration 500 = 1.3021364183884998e-05
Training loss on iteration 520 = 0.0007094093906033549
Training loss on iteration 540 = 0.00031984755609180124
Training loss on iteration 560 = 0.00013406972816483177
Training loss on iteration 580 = 0.00020462206948757
Training loss on iteration 600 = 0.0002310692749869503
Training loss on iteration 620 = 6.764523992206506e-05
Training loss on iteration 640 = 0.004119949443793303
Training loss on iteration 660 = 0.00785438104602747
Training loss on iteration 680 = 0.0011516080045879562
Training loss on iteration 700 = 0.0019011817782427442
Training loss on iteration 720 = 0.0009899655941346453
Training loss on iteration 740 = 0.04414829667155366
Training loss on iteration 760 = 0.0010293890801335692
Training loss on iteration 780 = 0.021582268371651024
Training loss on iteration 800 = 0.025238268698308274
Training loss on iteration 820 = 0.002609015792950231
Training loss on iteration 840 = 0.010332242402728297
Training loss on iteration 860 = 0.035601248957300415
Training loss on iteration 880 = 0.0137027808392304
Training loss on iteration 900 = 0.006772008399275364
Training loss on iteration 920 = 0.003268258831667481
Training loss on iteration 940 = 0.002064511528260482
Training loss on iteration 960 = 0.0004912615710964019
Training loss on iteration 980 = 0.001995722426499924
Training loss on iteration 1000 = 0.0009075861628616621
Training loss on iteration 1020 = 0.0012368162494908574
Training loss on iteration 1040 = 0.0001112251089352867
Training loss on iteration 1060 = 0.012274425677924227
Training loss on iteration 1080 = 0.0010478166686880286
Training loss on iteration 1100 = 0.03133402470336932
Training loss on iteration 1120 = 0.03663180815128726
Training loss on iteration 1140 = 0.04029146386601497
Training loss on iteration 1160 = 0.0028573473420692606
Training loss on iteration 1180 = 0.00531610183770681
Training loss on iteration 1200 = 0.009794993012292252
Training loss on iteration 1220 = 0.0012000966362393228
Training loss on iteration 1240 = 0.0015332543825479661
Training loss on iteration 1260 = 0.0062229311548435366
Training loss on iteration 1280 = 0.017120901350199346
Training loss on iteration 1300 = 0.005200434079324623
Training loss on iteration 1320 = 0.022540583110730948
Training loss on iteration 1340 = 0.009141254976202617
Training loss on iteration 1360 = 0.004517794742514525
Training loss on iteration 1380 = 0.014015417377413542
Training loss on iteration 1400 = 0.003298975037614582
Training loss on iteration 1420 = 0.0005729418284317944
Training loss on iteration 1440 = 0.001985700500654275
Training loss on iteration 1460 = 0.0007717746973867178
Training loss on iteration 1480 = 0.0005388870280398806
Training loss on iteration 1500 = 0.02674890423568286
Training loss on iteration 1520 = 0.0029432856161292877
Training loss on iteration 1540 = 0.003231732117910724
Training loss on iteration 1560 = 0.008648879786233011
Training loss on iteration 1580 = 0.005834530071024346
Training loss on iteration 1600 = 0.0034861504257150955
Training loss on iteration 1620 = 0.00022856145187688526
Training loss on iteration 1640 = 0.010783124922090792
Training loss on iteration 1660 = 0.017270230764370353
Training loss on iteration 1680 = 0.0016935966132678004
Training loss on iteration 1700 = 0.0004620084230850807
Training loss on iteration 1720 = 0.002127077304521663
Training loss on iteration 1740 = 0.0012406665744265411
Training loss on iteration 1760 = 0.0018997459220599922
Training loss on iteration 1780 = 0.0070068528659362524
Training loss on iteration 1800 = 0.00587699857745747
Training loss on iteration 1820 = 0.002720179950742363
Training loss on iteration 1840 = 0.03361895697904771
Training loss on iteration 1860 = 0.02924280675488262
Training loss on iteration 1880 = 0.009211051428610516
Training loss on iteration 1900 = 0.004816189002303873
Training loss on iteration 1920 = 0.0019991621568806297
Training loss on iteration 1940 = 0.0012371077482384862
Training loss on iteration 1960 = 0.0007478055730643973
Training loss on iteration 1980 = 0.001714522229474369
Training loss on iteration 2000 = 0.0002531851865569479
Training loss on iteration 2020 = 0.002440269391797756
Training loss on iteration 2040 = 0.019212298501838632
Training loss on iteration 2060 = 0.0011397395505809982
Training loss on iteration 2080 = 0.0001962637527867628
Training loss on iteration 2100 = 0.00042181885352192693
Training loss on iteration 2120 = 0.0005187483731106113
Training loss on iteration 2140 = 0.00035194335379173936
Training loss on iteration 2160 = 0.0005835770210069313
Training loss on iteration 2180 = 0.0006514207638815605
Training loss on iteration 2200 = 0.022241050170543987
Training loss on iteration 2220 = 0.010811193700192234
Training loss on iteration 2240 = 0.0004607556937799018
Training loss on iteration 2260 = 0.002878974923351052
Training loss on iteration 2280 = 0.007205290671026887
Training loss on iteration 2300 = 0.0012513637562733492
Training loss on iteration 2320 = 0.003206599544398614
Training loss on iteration 2340 = 0.00029850595399238955
Training loss on iteration 2360 = 0.005930218540942178
Training loss on iteration 2380 = 0.012052161106277026
Training loss on iteration 2400 = 0.0031573155524711183
Training loss on iteration 2420 = 0.02108568009884948
Training loss on iteration 2440 = 0.00131121443300799
Training loss on iteration 2460 = 0.0007391425714104116
Training loss on iteration 2480 = 0.002662730510837719
Training loss on iteration 2500 = 0.0017118913769081701
Training loss on iteration 2520 = 0.004757257678647875
Training loss on iteration 2540 = 0.0027902557908646487
Training loss on iteration 2560 = 0.00644953031642217
Training loss on iteration 2580 = 0.0023696730489177753
Training loss on iteration 2600 = 0.0001177258026899608
Training loss on iteration 2620 = 0.00018494769553001333
Training loss on iteration 2640 = 0.00017167191422231553
Training loss on iteration 2660 = 0.0007206646313555609
Training loss on iteration 2680 = 0.0028765995265555232
Training loss on iteration 2700 = 0.0031135874227146585
Training loss on iteration 2720 = 0.0032019469686268565
Training loss on iteration 2740 = 5.411025983725892e-06
Training loss on iteration 2760 = 0.00016793961448211548
Training loss on iteration 2780 = 6.756365455728996e-06
Training loss on iteration 2800 = 5.50930920967474e-05
Training loss on iteration 2820 = 0.001061654708682447
Training loss on iteration 2840 = 0.036476818528867486
Training loss on iteration 2860 = 0.03550323295583482
Training loss on iteration 2880 = 0.010349198734911625
Training loss on iteration 2900 = 0.01592228500312558
Training loss on iteration 2920 = 0.013228857217472977
Training loss on iteration 2940 = 0.016680473035376054
Training loss on iteration 2960 = 0.0017174789383716416
Training loss on iteration 2980 = 0.0017849502055469202
Training loss on iteration 3000 = 0.0006579231021987652
Training loss on iteration 3020 = 0.01803501503673033
Training loss on iteration 3040 = 0.005219933308217151
Training loss on iteration 3060 = 0.001660666304633196
Training loss on iteration 3080 = 0.0005003771099836741
Training loss on iteration 3100 = 0.019375919534104467
Training loss on iteration 3120 = 0.004414106805143092
Training loss on iteration 3140 = 0.0004227452809573151
Training loss on iteration 3160 = 0.0006380174298556085
Training loss on iteration 3180 = 0.002210606246808311
Training loss on iteration 3200 = 0.001292718058675746
Training loss on iteration 3220 = 0.0009377806444035742
Training loss on iteration 3240 = 0.0022543664428098962
Training loss on iteration 3260 = 0.00022197673089294768
Training loss on iteration 3280 = 0.001476203677339072
Training loss on iteration 3300 = 0.011617810803113571
Training loss on iteration 3320 = 0.010310466285568509
Training loss on iteration 3340 = 0.006420097948603143
Training loss on iteration 3360 = 0.005394697636643286
Training loss on iteration 3380 = 0.013144833187789117
Training loss on iteration 3400 = 0.011262628491914483
Training loss on iteration 3420 = 0.001191570659619856
Training loss on iteration 3440 = 0.000834390375959515
Training loss on iteration 3460 = 0.006463485437814142
Training loss on iteration 3480 = 0.001090049127878956
Training loss on iteration 3500 = 0.004587168609940307
Training loss on iteration 3520 = 0.028149877860995785
Training loss on iteration 3540 = 0.0016379421495685165
Training loss on iteration 3560 = 0.026456041144501796
Training loss on iteration 3580 = 0.002774623344430438
Training loss on iteration 3600 = 0.0003621420552917698
Training loss on iteration 3620 = 0.014752016881743657
Training loss on iteration 3640 = 0.003316717224151944
Training loss on iteration 3660 = 0.000974971823325177
Training loss on iteration 3680 = 0.0036019644558109576
Training loss on iteration 3700 = 0.003532131692566054
Training loss on iteration 3720 = 0.00750489660177891
Training loss on iteration 3740 = 0.00422978393592075
Training loss on iteration 3760 = 0.035306093550957485
Training loss on iteration 3780 = 0.0009444832432563999
Training loss on iteration 3800 = 0.01472817376779858
Training loss on iteration 3820 = 0.016940333454476784
Training loss on iteration 3840 = 0.008151409179117764
Training loss on iteration 3860 = 0.0023198648614197737
Training loss on iteration 3880 = 0.023525917114966433
Training loss on iteration 3900 = 0.004996351871159277
Training loss on iteration 3920 = 0.010010005220829043
Training loss on iteration 3940 = 0.0007842906106816372
Training loss on iteration 3960 = 0.009438376315029019
Training loss on iteration 3980 = 0.002434489677489182
Training loss on iteration 4000 = 0.00046251001206201183
Training loss on iteration 4020 = 0.005384973564355277
Training loss on iteration 4040 = 0.003177128443417132
Training loss on iteration 4060 = 0.013132503326312417
Training loss on iteration 4080 = 0.004820317892722414
Training loss on iteration 4100 = 0.04334466149734908
Training loss on iteration 4120 = 0.006571428422466852
Training loss on iteration 4140 = 0.001819616079046682
Training loss on iteration 4160 = 0.006107526020787191
Training loss on iteration 4180 = 0.00033393775647709844
Training loss on iteration 4200 = 0.010856550876906113
Training loss on iteration 4220 = 0.0002185820714203146
Training loss on iteration 4240 = 0.0035807258961540354
Training loss on iteration 4260 = 0.03456928563787187
Training loss on iteration 4280 = 0.004008910544871469
Training loss on iteration 4300 = 0.01708629420663783
Training loss on iteration 4320 = 0.00491293986360688
Training loss on iteration 4340 = 0.006973888903939951
Training loss on iteration 4360 = 0.0022224336087674603
Training loss on iteration 4380 = 0.0018641826106659209
Training loss on iteration 4400 = 0.010228656653850976
Training loss on iteration 4420 = 0.008610557987640276
Training loss on iteration 4440 = 0.010602452797343176
Training loss on iteration 4460 = 0.0015160351764734515
Training loss on iteration 4480 = 0.008822774740110617
Training loss on iteration 4500 = 0.0005377837288961018
Training loss on iteration 4520 = 0.001075937714790598
Training loss on iteration 4540 = 0.0010510177599371672
Training loss on iteration 4560 = 0.0007115347515139093
Training loss on iteration 4580 = 0.004037202605945822
Training loss on iteration 4600 = 0.006173752857864656
Training loss on iteration 4620 = 0.0019505719323433368
Training loss on iteration 4640 = 0.02027416747927191
Training loss on iteration 4660 = 0.003927740652966349
Training loss on iteration 4680 = 0.00017372564284414693
Training loss on iteration 4700 = 0.000609052123127185
Training loss on iteration 4720 = 0.0004722335687915802
Training loss on iteration 4740 = 0.00017513436964122775
Training loss on iteration 4760 = 0.0005761276214172994
Training loss on iteration 4780 = 0.0077621976765556155
Training loss on iteration 4800 = 0.014433978375870992
Training loss on iteration 4820 = 0.002038505536074808
Training loss on iteration 4840 = 0.0007051661254763531
Training loss on iteration 4860 = 0.0005659730018805931
Training loss on iteration 4880 = 0.00026976100034517005
Training loss on iteration 4900 = 0.0013989202619768548
Training loss on iteration 4920 = 0.00017238244743680297
Training loss on iteration 4940 = 0.0004843631006366422
Training loss on iteration 4960 = 0.0308820195949977
Training loss on iteration 4980 = 0.0003549452450897661
Training loss on iteration 5000 = 0.0056476982112599215
Training loss on iteration 5020 = 0.0012773998311331526
Training loss on iteration 5040 = 0.0017175641420635658
Training loss on iteration 5060 = 0.0003010268736943544
Training loss on iteration 5080 = 0.0005197255694838532
Training loss on iteration 5100 = 0.00011703468115911164
Training loss on iteration 5120 = 0.0009637660348403188
Training loss on iteration 5140 = 0.008195992717355693
Training loss on iteration 5160 = 0.01127918707588833
Training loss on iteration 5180 = 0.0016442959626601806
Training loss on iteration 5200 = 0.0003600624399723529
Training loss on iteration 5220 = 0.027658313849678963
Training loss on iteration 5240 = 0.0015388714108667046
Training loss on iteration 5260 = 0.003733038864629634
Training loss on iteration 5280 = 0.006943610859048021
Training loss on iteration 5300 = 0.00015800924160203067
Training loss on iteration 5320 = 0.0011005099932162921
Training loss on iteration 5340 = 0.0007738624475052802
Training loss on iteration 5360 = 8.302561550976861e-05
Training loss on iteration 5380 = 0.0003338241060760083
Training loss on iteration 5400 = 0.00024361914555584007
Training loss on iteration 5420 = 7.829149178348871e-05
Training loss on iteration 5440 = 0.000360960868746929
Training loss on iteration 5460 = 8.27361784828895e-05
Training loss on iteration 5480 = 0.00220824598026752
Training loss on iteration 5500 = 0.0022855328742508616
Training loss on iteration 5520 = 0.00016228849686257264
Training loss on iteration 5540 = 0.0017108432111442085
Training loss on iteration 5560 = 2.111975098149088e-05
Training loss on iteration 5580 = 0.0004219303112726891
Training loss on iteration 5600 = 0.00018122156571731551
### EVAL:: Epoch 18:: Loss = 0.0002803499705089999 :: ACC = 0.9998535728231159, AUC = 0.9999999904707031, EER = 9.761811792268645e-05
Training on epoch 19
Training loss on iteration 0 = 1.4305109630186053e-07
Training loss on iteration 20 = 0.023157521067659826
Training loss on iteration 40 = 0.010114007999177943
Training loss on iteration 60 = 0.014514077450985496
Training loss on iteration 80 = 0.00699611519145833
Training loss on iteration 100 = 0.004887505584378005
Training loss on iteration 120 = 0.0026931477350785825
Training loss on iteration 140 = 0.003798639902902323
Training loss on iteration 160 = 0.001768481524385379
Training loss on iteration 180 = 0.003635800951803958
Training loss on iteration 200 = 0.0038629032559697406
Training loss on iteration 220 = 0.006199116680056705
Training loss on iteration 240 = 0.005319609565731298
Training loss on iteration 260 = 0.014008654800662157
Training loss on iteration 280 = 0.010081879900394598
Training loss on iteration 300 = 0.0005026374507679065
Training loss on iteration 320 = 0.008913234875012676
Training loss on iteration 340 = 0.00032587719052799
Training loss on iteration 360 = 0.0058583266418168025
Training loss on iteration 380 = 0.00022059669333884813
Training loss on iteration 400 = 0.000246947857840496
Training loss on iteration 420 = 0.0013233213681587586
Training loss on iteration 440 = 0.0026140572935617
Training loss on iteration 460 = 0.001490202973471355
Training loss on iteration 480 = 0.002856572540716229
Training loss on iteration 500 = 0.0008570881716238432
Training loss on iteration 520 = 0.00015817512344327156
Training loss on iteration 540 = 8.676018166227095e-05
Training loss on iteration 560 = 6.682543330072122e-05
Training loss on iteration 580 = 4.8277256480844245e-05
Training loss on iteration 600 = 0.0005275959781107176
Training loss on iteration 620 = 0.0009598616186266895
Training loss on iteration 640 = 0.000617165884728621
Training loss on iteration 660 = 0.0005980698931665529
Training loss on iteration 680 = 0.00015259121970032652
Training loss on iteration 700 = 2.4913972701767762e-06
Training loss on iteration 720 = 0.04522113379468209
Training loss on iteration 740 = 0.005413252723451478
Training loss on iteration 760 = 0.015875632152256004
Training loss on iteration 780 = 0.03486086353805149
Training loss on iteration 800 = 0.008840182841231581
Training loss on iteration 820 = 0.025975954792374977
Training loss on iteration 840 = 0.022321723675122484
Training loss on iteration 860 = 0.008272976109219598
Training loss on iteration 880 = 0.00387126933401305
Training loss on iteration 900 = 0.003506881708926812
Training loss on iteration 920 = 0.002716612833955878
Training loss on iteration 940 = 0.0009000561037169064
Training loss on iteration 960 = 0.00649877746209313
Training loss on iteration 980 = 0.02657106532395801
Training loss on iteration 1000 = 0.02728735919781684
Training loss on iteration 1020 = 0.011198251666792202
Training loss on iteration 1040 = 0.009967329231585609
Training loss on iteration 1060 = 0.0010896280205997754
Training loss on iteration 1080 = 0.0027499620947310176
Training loss on iteration 1100 = 0.004477015546854091
Training loss on iteration 1120 = 0.0215423740753522
Training loss on iteration 1140 = 0.01561657016090976
Training loss on iteration 1160 = 0.0008900214260847861
Training loss on iteration 1180 = 0.00016913556706867893
Training loss on iteration 1200 = 0.002885441199646266
Training loss on iteration 1220 = 0.01019538163927507
Training loss on iteration 1240 = 0.020174421097021878
Training loss on iteration 1260 = 0.0062815674087914886
Training loss on iteration 1280 = 0.00845267609977327
Training loss on iteration 1300 = 0.024717238781795457
Training loss on iteration 1320 = 0.0017601192619167705
Training loss on iteration 1340 = 0.007247031520364544
Training loss on iteration 1360 = 0.004872593866139141
Training loss on iteration 1380 = 0.0005923676071915906
Training loss on iteration 1400 = 0.0053266595667537334
Training loss on iteration 1420 = 0.0014462688603998687
Training loss on iteration 1440 = 0.00038324077520428544
Training loss on iteration 1460 = 7.133725905532629e-05
Training loss on iteration 1480 = 0.0014323997388146382
Training loss on iteration 1500 = 0.000309636970789029
Training loss on iteration 1520 = 0.00046820856502449715
Training loss on iteration 1540 = 8.018251784562836e-05
Training loss on iteration 1560 = 0.005176185891858864
Training loss on iteration 1580 = 0.020832147685950986
Training loss on iteration 1600 = 0.0006772509588699905
Training loss on iteration 1620 = 0.0007097976388138249
Training loss on iteration 1640 = 0.030085312653841356
Training loss on iteration 1660 = 0.006177337050439746
Training loss on iteration 1680 = 0.0176145474984196
Training loss on iteration 1700 = 0.001317572554671642
Training loss on iteration 1720 = 0.0032322497853783717
Training loss on iteration 1740 = 0.0005724634718490051
Training loss on iteration 1760 = 0.0010538105254681795
Training loss on iteration 1780 = 0.001009226688279341
Training loss on iteration 1800 = 0.00029638541645908844
Training loss on iteration 1820 = 0.00032367528615111495
Training loss on iteration 1840 = 0.0002351063836385947
Training loss on iteration 1860 = 0.0013149786812164167
Training loss on iteration 1880 = 7.532012636772834e-05
Training loss on iteration 1900 = 0.02361078970222934
Training loss on iteration 1920 = 0.031989923783476114
Training loss on iteration 1940 = 0.0007335027481531142
Training loss on iteration 1960 = 0.0017420587101696582
Training loss on iteration 1980 = 0.005114221616213399
Training loss on iteration 2000 = 0.001794597616867577
Training loss on iteration 2020 = 0.00790893389626035
Training loss on iteration 2040 = 0.005409002182932454
Training loss on iteration 2060 = 0.0003783307313142359
Training loss on iteration 2080 = 0.00027750046072583245
Training loss on iteration 2100 = 0.005831881611283052
Training loss on iteration 2120 = 0.0027866497144430013
Training loss on iteration 2140 = 0.0076151020079691985
Training loss on iteration 2160 = 0.0018643663557327272
Training loss on iteration 2180 = 0.00032827558574695105
Training loss on iteration 2200 = 0.0013615538115800518
Training loss on iteration 2220 = 0.00011819178735663626
Training loss on iteration 2240 = 0.003279190652563102
Training loss on iteration 2260 = 0.016848178548218583
Training loss on iteration 2280 = 0.03684092260397733
Training loss on iteration 2300 = 0.006538786241799243
Training loss on iteration 2320 = 0.0029314954364508595
Training loss on iteration 2340 = 0.0005860277092324395
Training loss on iteration 2360 = 0.008306752131113626
Training loss on iteration 2380 = 0.0018469471055766462
Training loss on iteration 2400 = 0.008328864879445064
Training loss on iteration 2420 = 0.02171543656816084
Training loss on iteration 2440 = 0.0075289829806934
Training loss on iteration 2460 = 0.0002875877652172676
Training loss on iteration 2480 = 0.0008156752278864587
Training loss on iteration 2500 = 0.0007709120186518703
Training loss on iteration 2520 = 0.00035888472243641447
Training loss on iteration 2540 = 0.005025484385578238
Training loss on iteration 2560 = 0.005048894886829203
Training loss on iteration 2580 = 0.0005133109535790936
Training loss on iteration 2600 = 0.007022276531404259
Training loss on iteration 2620 = 0.0010689344680372415
Training loss on iteration 2640 = 0.004711381694184525
Training loss on iteration 2660 = 0.012549267577907131
Training loss on iteration 2680 = 0.0006189929642744119
Training loss on iteration 2700 = 0.00968267495645705
Training loss on iteration 2720 = 0.005728617655131529
Training loss on iteration 2740 = 0.0007425797002611034
Training loss on iteration 2760 = 0.0009176536704558202
Training loss on iteration 2780 = 0.005292866785816841
Training loss on iteration 2800 = 0.0014763455705178786
Training loss on iteration 2820 = 0.0013430228183210601
Training loss on iteration 2840 = 0.0009393074445469551
Training loss on iteration 2860 = 0.001053740368697298
Training loss on iteration 2880 = 0.006732614551103211
Training loss on iteration 2900 = 0.031325369252550674
Training loss on iteration 2920 = 0.04093052029256796
Training loss on iteration 2940 = 0.002465012060929439
Training loss on iteration 2960 = 0.00637951178023286
Training loss on iteration 2980 = 0.001148582195492054
Training loss on iteration 3000 = 0.0009723007855882316
Training loss on iteration 3020 = 0.0157076248540875
Training loss on iteration 3040 = 0.003748969298612792
Training loss on iteration 3060 = 0.01814699730571192
Training loss on iteration 3080 = 0.01576012670077489
Training loss on iteration 3100 = 0.0016812347772429347
Training loss on iteration 3120 = 0.0023009905034996336
Training loss on iteration 3140 = 0.005639229047847039
Training loss on iteration 3160 = 0.0009574717145142131
Training loss on iteration 3180 = 0.0009159973916666786
Training loss on iteration 3200 = 0.00044732292317348763
Training loss on iteration 3220 = 0.002669183615040538
Training loss on iteration 3240 = 0.0003059107374127734
Training loss on iteration 3260 = 0.0007347038645775684
Training loss on iteration 3280 = 0.0009950666878467019
Training loss on iteration 3300 = 0.015463303553352148
Training loss on iteration 3320 = 0.007813420088081103
Training loss on iteration 3340 = 0.0208351767756767
Training loss on iteration 3360 = 0.0014112301228124124
Training loss on iteration 3380 = 0.00482785742053693
Training loss on iteration 3400 = 0.021548700895618823
Training loss on iteration 3420 = 0.007417392992374516
Training loss on iteration 3440 = 0.0029452556680894305
Training loss on iteration 3460 = 0.0014790229943741906
Training loss on iteration 3480 = 0.04053850600682836
Training loss on iteration 3500 = 0.003940553818665649
Training loss on iteration 3520 = 0.011483225523443252
Training loss on iteration 3540 = 0.0068124218058073895
Training loss on iteration 3560 = 0.0034722913677114773
Training loss on iteration 3580 = 0.0007844069651923747
Training loss on iteration 3600 = 0.00037394232300016486
Training loss on iteration 3620 = 0.00042496917778862554
Training loss on iteration 3640 = 0.0010734580987332265
Training loss on iteration 3660 = 0.021307017797153095
Training loss on iteration 3680 = 0.003004579230071158
Training loss on iteration 3700 = 0.004012511553946751
Training loss on iteration 3720 = 0.005325366467445747
Training loss on iteration 3740 = 0.0008303270179794708
Training loss on iteration 3760 = 0.008168875158008859
Training loss on iteration 3780 = 0.0007178762785883918
Training loss on iteration 3800 = 0.004154694356122946
Training loss on iteration 3820 = 0.0005744842554463503
Training loss on iteration 3840 = 0.00014217004115835152
Training loss on iteration 3860 = 0.00024654489463387107
Training loss on iteration 3880 = 0.004610705168079221
Training loss on iteration 3900 = 0.0008956304471013255
Training loss on iteration 3920 = 0.013061221633205378
Training loss on iteration 3940 = 0.004725685004773083
Training loss on iteration 3960 = 0.0002036453794062254
Training loss on iteration 3980 = 0.00023794109149122278
Training loss on iteration 4000 = 0.0008178918159160275
Training loss on iteration 4020 = 0.00028754893997984254
Training loss on iteration 4040 = 0.00012432314892762975
Training loss on iteration 4060 = 0.0009154416609220561
Training loss on iteration 4080 = 0.0007657766536441457
Training loss on iteration 4100 = 0.01001841356568427
Training loss on iteration 4120 = 0.009169294579984211
Training loss on iteration 4140 = 0.004028227589544286
Training loss on iteration 4160 = 0.00885222239636505
Training loss on iteration 4180 = 0.0012534847183083286
Training loss on iteration 4200 = 0.03443927854824711
Training loss on iteration 4220 = 0.010590894288998242
Training loss on iteration 4240 = 0.002939458564458164
Training loss on iteration 4260 = 0.00021585645245068009
Training loss on iteration 4280 = 0.000346180417591313
Training loss on iteration 4300 = 0.00012194500616828919
Training loss on iteration 4320 = 0.0006488674094100588
Training loss on iteration 4340 = 0.000559078868582219
Training loss on iteration 4360 = 0.0011529850513610994
Training loss on iteration 4380 = 0.004024076136718691
Training loss on iteration 4400 = 0.001222331007228661
Training loss on iteration 4420 = 0.0006473455458987587
Training loss on iteration 4440 = 0.00011867021404938782
Training loss on iteration 4460 = 0.007365369470792871
Training loss on iteration 4480 = 0.011867552325381326
Training loss on iteration 4500 = 0.00012822764957078902
Training loss on iteration 4520 = 0.0008988352865841875
Training loss on iteration 4540 = 0.013003911238823917
Training loss on iteration 4560 = 0.0009167046045149618
Training loss on iteration 4580 = 0.01000399447327709
Training loss on iteration 4600 = 4.233399993154307e-05
Training loss on iteration 4620 = 0.00827897044483734
Training loss on iteration 4640 = 0.000302968595508446
Training loss on iteration 4660 = 0.0030925783065185895
Training loss on iteration 4680 = 0.0004599592813178788
Training loss on iteration 4700 = 0.003287529911250431
Training loss on iteration 4720 = 0.0008823219077687128
Training loss on iteration 4740 = 0.0031705015605382413
Training loss on iteration 4760 = 0.0007633776502121492
Training loss on iteration 4780 = 0.0008184941866133499
Training loss on iteration 4800 = 0.05648494283659957
Training loss on iteration 4820 = 0.0017744272170602926
Training loss on iteration 4840 = 0.004719480475068849
Training loss on iteration 4860 = 0.0026834966182832432
Training loss on iteration 4880 = 0.00043304976572926533
Training loss on iteration 4900 = 0.0003792093291394849
Training loss on iteration 4920 = 0.015126126468646816
Training loss on iteration 4940 = 0.0056277919198691965
Training loss on iteration 4960 = 0.0020255545796317165
Training loss on iteration 4980 = 0.0012015852145623284
Training loss on iteration 5000 = 0.0014522726531083663
Training loss on iteration 5020 = 0.0007727341032847335
Training loss on iteration 5040 = 0.024634461642716588
Training loss on iteration 5060 = 0.001704846159805129
Training loss on iteration 5080 = 0.0008658187386458849
Training loss on iteration 5100 = 0.0012397702908174325
Training loss on iteration 5120 = 0.00025582699648936115
Training loss on iteration 5140 = 0.003016596248875203
Training loss on iteration 5160 = 0.002902394660591767
Training loss on iteration 5180 = 0.0001539186905858969
Training loss on iteration 5200 = 2.035299865070783e-05
Training loss on iteration 5220 = 0.00028729774519646866
Training loss on iteration 5240 = 0.0013285897283537907
Training loss on iteration 5260 = 0.0003994100755946306
Training loss on iteration 5280 = 0.004772430495869173
Training loss on iteration 5300 = 0.0009551579449738057
Training loss on iteration 5320 = 0.0020349079362929957
Training loss on iteration 5340 = 0.008987516382734739
Training loss on iteration 5360 = 0.01870132400316038
Training loss on iteration 5380 = 0.005960145050266874
Training loss on iteration 5400 = 0.012577318952207862
Training loss on iteration 5420 = 0.0008936154054424606
Training loss on iteration 5440 = 0.0026462655981276837
Training loss on iteration 5460 = 0.005124293706302296
Training loss on iteration 5480 = 0.00419694163842479
Training loss on iteration 5500 = 0.00024760892733652893
Training loss on iteration 5520 = 0.01223240179752878
Training loss on iteration 5540 = 0.0003311141127745998
Training loss on iteration 5560 = 0.014559146298309145
Training loss on iteration 5580 = 0.010413425354698802
Training loss on iteration 5600 = 0.009744475836933475
### EVAL:: Epoch 19:: Loss = 0.0020826812485239578 :: ACC = 0.9993654822335025, AUC = 0.9999980369648289, EER = 0.0003904724716907458
Training on epoch 20
Training loss on iteration 0 = 6.10406423220411e-05
Training loss on iteration 20 = 0.00013280475035060135
Training loss on iteration 40 = 0.011761720660057762
Training loss on iteration 60 = 0.008956787099936036
Training loss on iteration 80 = 0.006174668691983243
Training loss on iteration 100 = 0.00040311596929853977
Training loss on iteration 120 = 0.0026233649806385985
Training loss on iteration 140 = 0.00591269068692668
Training loss on iteration 160 = 0.010956088075971237
Training loss on iteration 180 = 0.0016551040767012637
Training loss on iteration 200 = 0.002301707681158405
Training loss on iteration 220 = 0.0025243804490319376
Training loss on iteration 240 = 0.008791657460434976
Training loss on iteration 260 = 0.0057207438885273024
Training loss on iteration 280 = 0.0006760108757754679
Training loss on iteration 300 = 2.9163957076683288e-05
Training loss on iteration 320 = 0.04614132414303995
Training loss on iteration 340 = 0.015239663075379894
Training loss on iteration 360 = 0.0038226452734306804
Training loss on iteration 380 = 0.0018184725753599197
Training loss on iteration 400 = 0.0009325541627731582
Training loss on iteration 420 = 0.012708254380481777
Training loss on iteration 440 = 0.014070295163128322
Training loss on iteration 460 = 0.0004990369033748721
Training loss on iteration 480 = 0.014839895900149714
Training loss on iteration 500 = 0.001541201776433354
Training loss on iteration 520 = 0.001275253160565626
Training loss on iteration 540 = 0.0005845176426532816
Training loss on iteration 560 = 0.0016721707014767163
Training loss on iteration 580 = 0.021352375788220003
Training loss on iteration 600 = 0.028123058924575162
Training loss on iteration 620 = 0.0015491624978494656
Training loss on iteration 640 = 0.0010129175361726084
Training loss on iteration 660 = 0.007310012990637915
Training loss on iteration 680 = 0.002552637532562585
Training loss on iteration 700 = 0.004195013969820138
Training loss on iteration 720 = 0.00027573779998419924
Training loss on iteration 740 = 0.00010479074690010748
Training loss on iteration 760 = 0.0016003224354676604
Training loss on iteration 780 = 0.03815153132377418
Training loss on iteration 800 = 0.004460001389361423
Training loss on iteration 820 = 0.0019686431867739886
Training loss on iteration 840 = 0.02594401721507893
Training loss on iteration 860 = 0.0013168553701689233
Training loss on iteration 880 = 0.002191991019935813
Training loss on iteration 900 = 0.0005989423455048382
Training loss on iteration 920 = 0.0021311107671408537
Training loss on iteration 940 = 0.004768701679654441
Training loss on iteration 960 = 0.0010673853008029254
Training loss on iteration 980 = 7.898567034771986e-05
Training loss on iteration 1000 = 0.02765751065217046
Training loss on iteration 1020 = 0.0025090968016229453
Training loss on iteration 1040 = 0.003679694849324733
Training loss on iteration 1060 = 0.00041134691505249064
Training loss on iteration 1080 = 0.0006406915126945023
Training loss on iteration 1100 = 0.0002172942284914825
Training loss on iteration 1120 = 0.005243894720263142
Training loss on iteration 1140 = 0.006368252050205569
Training loss on iteration 1160 = 0.017010280734200477
Training loss on iteration 1180 = 0.006458455409892849
Training loss on iteration 1200 = 0.0019417970071856417
Training loss on iteration 1220 = 0.007572762611948747
Training loss on iteration 1240 = 0.002103363170280659
Training loss on iteration 1260 = 0.0031611614976498003
Training loss on iteration 1280 = 0.05249325494814912
Training loss on iteration 1300 = 0.004296615515363556
Training loss on iteration 1320 = 0.002142569160923813
Training loss on iteration 1340 = 0.0016222671803916456
Training loss on iteration 1360 = 0.001023782778020177
Training loss on iteration 1380 = 0.0008296650471038447
Training loss on iteration 1400 = 0.015684670081009246
Training loss on iteration 1420 = 0.008260537525234212
Training loss on iteration 1440 = 0.003198496846653143
Training loss on iteration 1460 = 0.0008927457299478192
Training loss on iteration 1480 = 4.896520770500956e-05
Training loss on iteration 1500 = 0.0004861896417935441
Training loss on iteration 1520 = 0.0002750800487234528
Training loss on iteration 1540 = 0.00010623415212194232
Training loss on iteration 1560 = 0.008700773056744993
Training loss on iteration 1580 = 0.006718996119047915
Training loss on iteration 1600 = 0.0043773575167463715
Training loss on iteration 1620 = 0.001118688839424209
Training loss on iteration 1640 = 0.013774313938269245
Training loss on iteration 1660 = 0.0008658221147072708
Training loss on iteration 1680 = 0.0276876783426502
Training loss on iteration 1700 = 0.02901034599360628
Training loss on iteration 1720 = 0.000702179863674246
Training loss on iteration 1740 = 0.001873578127174369
Training loss on iteration 1760 = 0.0017227405092853586
Training loss on iteration 1780 = 0.001018848354669899
Training loss on iteration 1800 = 0.0048021844751474415
Training loss on iteration 1820 = 0.028592870109059733
Training loss on iteration 1840 = 0.0033365376129950164
Training loss on iteration 1860 = 0.0008856370255671209
Training loss on iteration 1880 = 0.000608010113137425
Training loss on iteration 1900 = 0.0026930477481528214
Training loss on iteration 1920 = 0.0007921046342744375
Training loss on iteration 1940 = 0.00042972566188836936
Training loss on iteration 1960 = 0.0002845848427796227
Training loss on iteration 1980 = 0.0001750911800513677
Training loss on iteration 2000 = 0.0016720785022883433
Training loss on iteration 2020 = 0.0004774666273476669
Training loss on iteration 2040 = 0.0006850343148698812
Training loss on iteration 2060 = 0.0015975625660118453
Training loss on iteration 2080 = 6.721003729381891e-05
Training loss on iteration 2100 = 0.00564985722620861
Training loss on iteration 2120 = 0.003662490841362853
Training loss on iteration 2140 = 6.276106754228294e-05
Training loss on iteration 2160 = 0.0008395577643931062
Training loss on iteration 2180 = 0.00035829236093860574
Training loss on iteration 2200 = 0.0013144109599878106
Training loss on iteration 2220 = 0.00023493497650939332
Training loss on iteration 2240 = 0.0013049012383575588
Training loss on iteration 2260 = 8.038869379269897e-05
Training loss on iteration 2280 = 0.0012633634240085457
Training loss on iteration 2300 = 5.235592691601454e-05
Training loss on iteration 2320 = 0.010741827256092762
Training loss on iteration 2340 = 0.02463922217283567
Training loss on iteration 2360 = 0.007048887977977358
Training loss on iteration 2380 = 0.0009674050282555413
Training loss on iteration 2400 = 0.00026600414815050046
Training loss on iteration 2420 = 0.0012579142148666732
Training loss on iteration 2440 = 0.00032910304102600206
Training loss on iteration 2460 = 0.0004759047434937713
Training loss on iteration 2480 = 0.02611588081131888
Training loss on iteration 2500 = 0.03890656788707929
Training loss on iteration 2520 = 0.00922019950444337
Training loss on iteration 2540 = 0.001083931037101138
Training loss on iteration 2560 = 0.013185281155710982
Training loss on iteration 2580 = 0.0009918230377252257
Training loss on iteration 2600 = 0.00035960409917379366
Training loss on iteration 2620 = 0.0020152219757164857
Training loss on iteration 2640 = 0.0007406149464031841
Training loss on iteration 2660 = 0.00018674516237524586
Training loss on iteration 2680 = 0.00028354261039567066
Training loss on iteration 2700 = 0.000574477104134985
Training loss on iteration 2720 = 0.002692749016682683
Training loss on iteration 2740 = 9.897376974947747e-05
Training loss on iteration 2760 = 0.003602322432220717
Training loss on iteration 2780 = 0.000813628955394563
Training loss on iteration 2800 = 0.0002255095025887499
Training loss on iteration 2820 = 0.00021013275225350013
Training loss on iteration 2840 = 0.002775974973872053
Training loss on iteration 2860 = 0.0008619002863866854
Training loss on iteration 2880 = 0.0010872896839364543
Training loss on iteration 2900 = 0.00045869941037963714
Training loss on iteration 2920 = 0.0007145902162704942
Training loss on iteration 2940 = 0.004823443318250931
Training loss on iteration 2960 = 6.585475108131789e-05
Training loss on iteration 2980 = 0.005897415305473786
Training loss on iteration 3000 = 0.002088913965152628
Training loss on iteration 3020 = 0.03891166955221355
Training loss on iteration 3040 = 0.022883836978758156
Training loss on iteration 3060 = 0.05305929030794232
Training loss on iteration 3080 = 0.010225389283368714
Training loss on iteration 3100 = 0.003871763505594572
Training loss on iteration 3120 = 0.004570358895489335
Training loss on iteration 3140 = 0.0003598329061787808
Training loss on iteration 3160 = 0.025380469326228193
Training loss on iteration 3180 = 0.005780874068659614
Training loss on iteration 3200 = 0.005644030820712942
Training loss on iteration 3220 = 0.005268537163738074
Training loss on iteration 3240 = 0.00030565548559025046
Training loss on iteration 3260 = 0.035166309544774774
Training loss on iteration 3280 = 0.023133815807523207
Training loss on iteration 3300 = 0.0029272777064761613
Training loss on iteration 3320 = 0.0006621368440391962
Training loss on iteration 3340 = 0.0019456807716778713
Training loss on iteration 3360 = 0.001423016863554949
Training loss on iteration 3380 = 0.0009284766718337778
Training loss on iteration 3400 = 0.00026546466069703455
Training loss on iteration 3420 = 0.007133805694866169
Training loss on iteration 3440 = 0.00925103080826375
Training loss on iteration 3460 = 0.0013177573767279682
Training loss on iteration 3480 = 0.002604186071107506
Training loss on iteration 3500 = 0.01208062039941069
Training loss on iteration 3520 = 0.0005374640907689354
Training loss on iteration 3540 = 0.010774412203772954
Training loss on iteration 3560 = 0.02346001343439639
Training loss on iteration 3580 = 0.0039160549236385124
Training loss on iteration 3600 = 0.00353549837909668
Training loss on iteration 3620 = 0.0015241800504554703
Training loss on iteration 3640 = 0.0038694761724627825
Training loss on iteration 3660 = 0.0019206931379812885
Training loss on iteration 3680 = 0.0024987807792740567
Training loss on iteration 3700 = 0.0005097214442002951
Training loss on iteration 3720 = 0.0008948287871248795
Training loss on iteration 3740 = 0.0014687100915352857
Training loss on iteration 3760 = 0.013365663621959812
Training loss on iteration 3780 = 0.0018839615132492326
Training loss on iteration 3800 = 0.0020720982231637207
Training loss on iteration 3820 = 0.001133633369420295
Training loss on iteration 3840 = 0.01550500606319929
Training loss on iteration 3860 = 0.00041169669291321045
Training loss on iteration 3880 = 0.000521889329638725
Training loss on iteration 3900 = 0.004595636750821086
Training loss on iteration 3920 = 0.00022103573467120442
Training loss on iteration 3940 = 0.001507605321205574
Training loss on iteration 3960 = 0.0022525621266026976
Training loss on iteration 3980 = 0.003224669489523535
Training loss on iteration 4000 = 0.0003199627088008583
Training loss on iteration 4020 = 0.0004085014165553957
Training loss on iteration 4040 = 0.032424258653145445
Training loss on iteration 4060 = 0.00541041974147447
Training loss on iteration 4080 = 0.00024773612392436917
Training loss on iteration 4100 = 0.005650762900791051
Training loss on iteration 4120 = 0.0017564758268349579
Training loss on iteration 4140 = 0.0019035149239243765
Training loss on iteration 4160 = 0.00013558393740140673
Training loss on iteration 4180 = 0.00031136724835505446
Training loss on iteration 4200 = 0.003109583615395195
Training loss on iteration 4220 = 0.014127993333005406
Training loss on iteration 4240 = 0.012191149435022908
Training loss on iteration 4260 = 0.0027195470843253133
Training loss on iteration 4280 = 0.00761197779752365
Training loss on iteration 4300 = 0.01890789377589499
Training loss on iteration 4320 = 0.01331566732801548
Training loss on iteration 4340 = 0.009544838745478046
Training loss on iteration 4360 = 0.0012702360562798277
Training loss on iteration 4380 = 0.0009627189612729126
Training loss on iteration 4400 = 0.0016444732758600367
Training loss on iteration 4420 = 0.0010687536359114346
Training loss on iteration 4440 = 0.0010617291428047793
Training loss on iteration 4460 = 0.0005560154586646604
Training loss on iteration 4480 = 0.001164891598250506
Training loss on iteration 4500 = 0.0006897589817754124
Training loss on iteration 4520 = 0.00014608944551781634
Training loss on iteration 4540 = 8.919388410504326e-05
Training loss on iteration 4560 = 0.00532005757527827
Training loss on iteration 4580 = 0.040493776273024196
Training loss on iteration 4600 = 0.0019538756443694184
Training loss on iteration 4620 = 0.011622758204430284
Training loss on iteration 4640 = 0.002153227695453097
Training loss on iteration 4660 = 0.0008024242943520221
Training loss on iteration 4680 = 0.005653614436710086
Training loss on iteration 4700 = 0.0017104739136129866
Training loss on iteration 4720 = 0.00043891424467403797
Training loss on iteration 4740 = 0.0016866832433322543
Training loss on iteration 4760 = 7.183447623901885e-05
Training loss on iteration 4780 = 0.0009322072436376061
Training loss on iteration 4800 = 0.0001707351285006098
Training loss on iteration 4820 = 0.0076039806063704415
Training loss on iteration 4840 = 0.0015672711019476537
Training loss on iteration 4860 = 0.023968875535308597
Training loss on iteration 4880 = 0.0011977887711509538
Training loss on iteration 4900 = 0.0011430563460635313
Training loss on iteration 4920 = 0.001821360714700404
Training loss on iteration 4940 = 9.280736477990104e-05
Training loss on iteration 4960 = 1.6185924042133593e-05
Training loss on iteration 4980 = 0.00012821658795019174
Training loss on iteration 5000 = 0.0006349400533764537
Training loss on iteration 5020 = 4.222507454159086e-05
Training loss on iteration 5040 = 0.004503035627299567
Training loss on iteration 5060 = 0.003709622980549909
Training loss on iteration 5080 = 0.0005894898399631642
Training loss on iteration 5100 = 3.2856907486689126e-05
Training loss on iteration 5120 = 0.00010742366483214027
Training loss on iteration 5140 = 2.3210954776331506e-05
Training loss on iteration 5160 = 0.0005334952849345598
Training loss on iteration 5180 = 1.7252330052031085e-05
Training loss on iteration 5200 = 5.534766484167619e-05
Training loss on iteration 5220 = 0.027681058146869476
Training loss on iteration 5240 = 0.00128786491069377
Training loss on iteration 5260 = 0.034730705772290094
Training loss on iteration 5280 = 0.011139380316490134
Training loss on iteration 5300 = 0.002964459933082253
Training loss on iteration 5320 = 0.0017726910103192494
Training loss on iteration 5340 = 0.0005345795427501798
Training loss on iteration 5360 = 0.0007853498484109878
Training loss on iteration 5380 = 0.00047800451925468225
Training loss on iteration 5400 = 0.009989490303996717
Training loss on iteration 5420 = 0.00021500680835515596
Training loss on iteration 5440 = 0.02730217014017171
Training loss on iteration 5460 = 0.0011010786181032018
Training loss on iteration 5480 = 0.0004501986913055589
Training loss on iteration 5500 = 0.0012638526164664653
Training loss on iteration 5520 = 0.0005617179426053553
Training loss on iteration 5540 = 0.0028520234674488166
Training loss on iteration 5560 = 0.0025736919577866503
Training loss on iteration 5580 = 0.018547647813284128
Training loss on iteration 5600 = 0.0008600700364695512
### EVAL:: Epoch 20:: Loss = 0.0009137335401429797 :: ACC = 0.9999023818820774, AUC = 0.9999999904707031, EER = 9.761811792268645e-05
### Out of domain:: Best epoch 20 :: ACC = 0.7578558225508318, AUC = 0.8400685174302397, EER = 0.24707332101047444
recorded: {'exp_name': 'ar_ast_r02', 'model': 'ast', 'train': 'commonvoice-ar', 'test': 'masc', 'in_acc': 0.9999023818820774, 'in_auc': 0.9999999904707031, 'in_eer': 9.761811792268645, 'cross_acc': 0.7578558225508318, 'cross_auc': 0.8400685174302397, 'cross_eer': 0.24707332101047444}

Done. Results -> /project/home/p201284/guo/xmad-bench-repro/results_ar_ast_r02.csv
Done (ar_ast_r02). Metrics -> /project/home/p201284/guo/xmad-bench-repro/results_ar_ast_r02.csv ; logs/checkpoints under detection/experiments/.
