>> activated env: /project/home/p201284/guo/xmad-bench-repro/venv/bin/activate  (Python 3.13.12)
>> torch 2.12.0+cu132 | CUDA available: True
Applying resumable-training patch...
  patched: /project/home/p201284/guo/xmad-bench-repro/detection/trainer.py
  trainer.py is valid Python.
Done. Killed runs now continue from their last completed epoch.
>> Generating configs for: ru  (models: resnet18,resnet50,septr,ast, tag=node2_ru, GPU=0)
Wrote 4 configs to /project/home/p201284/guo/xmad-bench-repro/repro_tools/stepB/configs_node2_ru/  (languages: ru)
RECOVERED ru_ast_r01: complete on disk, no retraining needed
recorded: {'exp_name': 'ru_ast_r01', 'model': 'ast', 'train': 'commonvoice-ru', 'test': 'mailabs-ru', 'in_acc': 0.9998232903339813, 'in_auc': 0.9999999063210817, 'in_eer': 0.00017670966601873123, 'cross_acc': 0.6818050832805026, 'cross_auc': 0.776737401474745, 'cross_eer': 0.29116477436458993}
RECOVERED ru_ast_r02: complete on disk, no retraining needed
recorded: {'exp_name': 'ru_ast_r02', 'model': 'ast', 'train': 'commonvoice-ru', 'test': 'mailabs-ru', 'in_acc': 0.9997349355009719, 'in_auc': 0.9999998126421635, 'in_eer': 0.00017670966601873123, 'cross_acc': 0.7173361765892455, 'cross_auc': 0.804819407060122, 'cross_eer': 0.2713964612990606}
RESUME ru_ast_r03: found latest_checkpoint.pkl, continuing from the last completed epoch
root_path: /project/home/p201284/guo/xmad_data
multilingual: True  model check for config: /project/home/p201284/guo/xmad-bench-repro/repro_tools/stepB/configs_node2_ru/config_ru_ast.json

  OK  commonvoice-ru       rows=67444    sep=','
  OK  mailabs-ru           rows=34702    sep=','

PRE-FLIGHT PASSED — data layout looks correct for this config.

=== RUN ru_ast_r03 (model=ast) ===

Loading weights:   0%|          | 0/199 [00:00<?, ?it/s]
Loading weights:   8%|▊         | 15/199 [00:00<00:01, 137.73it/s]
Loading weights:  17%|█▋        | 34/199 [00:00<00:01, 162.63it/s]
Loading weights:  26%|██▌       | 51/199 [00:00<00:01, 142.68it/s]
Loading weights:  33%|███▎      | 66/199 [00:00<00:00, 137.90it/s]
Loading weights:  48%|████▊     | 96/199 [00:00<00:00, 188.08it/s]
Loading weights:  58%|█████▊    | 116/199 [00:00<00:00, 174.10it/s]
Loading weights:  70%|██████▉   | 139/199 [00:00<00:00, 175.74it/s]
Loading weights:  79%|███████▉  | 157/199 [00:00<00:00, 153.51it/s]
Loading weights:  89%|████████▉ | 177/199 [00:01<00:00, 161.34it/s]
Loading weights: 100%|██████████| 199/199 [00:01<00:00, 171.96it/s]
[transformers] [1mASTModel LOAD REPORT[0m from: MIT/ast-finetuned-audioset-10-10-0.4593
Key                         | Status     |  | 
----------------------------+------------+--+-
classifier.layernorm.bias   | UNEXPECTED |  | 
classifier.dense.bias       | UNEXPECTED |  | 
classifier.layernorm.weight | UNEXPECTED |  | 
classifier.dense.weight     | UNEXPECTED |  | 

Notes:
- UNEXPECTED:	can be ignored when loading from different task/architecture; not ok if you expect identical arch.
HTTP Error 504 thrown while requesting HEAD https://huggingface.co/MIT/ast-finetuned-audioset-10-10-0.4593/resolve/main/processor_config.json
Retrying in 1s [Retry 1/5].
HTTP Error 504 thrown while requesting HEAD https://huggingface.co/MIT/ast-finetuned-audioset-10-10-0.4593/resolve/main/processor_config.json
Retrying in 2s [Retry 2/5].
HTTP Error 504 thrown while requesting HEAD https://huggingface.co/MIT/ast-finetuned-audioset-10-10-0.4593/resolve/main/processor_config.json
Retrying in 4s [Retry 3/5].
HTTP Error 504 thrown while requesting HEAD https://huggingface.co/MIT/ast-finetuned-audioset-10-10-0.4593/resolve/main/processor_config.json
Retrying in 8s [Retry 4/5].
HTTP Error 504 thrown while requesting HEAD https://huggingface.co/MIT/ast-finetuned-audioset-10-10-0.4593/resolve/main/processor_config.json
Retrying in 8s [Retry 5/5].
HTTP Error 504 thrown while requesting HEAD https://huggingface.co/MIT/ast-finetuned-audioset-10-10-0.4593/resolve/main/processor_config.json
/mnt/tier2/project/p201284/guo/xmad-bench-repro/venv/lib/python3.13/site-packages/transformers/audio_utils.py:704: UserWarning: At least one mel filter has all zero values. The value for `num_mel_filters` (128) may be set too high. Or, the value for `num_frequency_bins` (257) may be set too low.
  warnings.warn(
commonvoice-ru
HTTP Error 504 thrown while requesting HEAD https://huggingface.co/MIT/ast-finetuned-audioset-10-10-0.4593/resolve/main/processor_config.json
Retrying in 1s [Retry 1/5].
HTTP Error 504 thrown while requesting HEAD https://huggingface.co/MIT/ast-finetuned-audioset-10-10-0.4593/resolve/main/processor_config.json
Retrying in 2s [Retry 2/5].
HTTP Error 504 thrown while requesting HEAD https://huggingface.co/MIT/ast-finetuned-audioset-10-10-0.4593/resolve/main/processor_config.json
Retrying in 4s [Retry 3/5].
HTTP Error 504 thrown while requesting HEAD https://huggingface.co/MIT/ast-finetuned-audioset-10-10-0.4593/resolve/main/processor_config.json
Retrying in 8s [Retry 4/5].
HTTP Error 504 thrown while requesting HEAD https://huggingface.co/MIT/ast-finetuned-audioset-10-10-0.4593/resolve/main/processor_config.json
Retrying in 8s [Retry 5/5].
HTTP Error 504 thrown while requesting HEAD https://huggingface.co/MIT/ast-finetuned-audioset-10-10-0.4593/resolve/main/processor_config.json
/mnt/tier2/project/p201284/guo/xmad-bench-repro/venv/lib/python3.13/site-packages/transformers/audio_utils.py:704: UserWarning: At least one mel filter has all zero values. The value for `num_mel_filters` (128) may be set too high. Or, the value for `num_frequency_bins` (257) may be set too low.
  warnings.warn(
commonvoice-ru
HTTP Error 504 thrown while requesting HEAD https://huggingface.co/MIT/ast-finetuned-audioset-10-10-0.4593/resolve/main/processor_config.json
Retrying in 1s [Retry 1/5].
HTTP Error 504 thrown while requesting HEAD https://huggingface.co/MIT/ast-finetuned-audioset-10-10-0.4593/resolve/main/processor_config.json
Retrying in 2s [Retry 2/5].
HTTP Error 504 thrown while requesting HEAD https://huggingface.co/MIT/ast-finetuned-audioset-10-10-0.4593/resolve/main/processor_config.json
Retrying in 4s [Retry 3/5].
HTTP Error 504 thrown while requesting HEAD https://huggingface.co/MIT/ast-finetuned-audioset-10-10-0.4593/resolve/main/processor_config.json
Retrying in 8s [Retry 4/5].
HTTP Error 504 thrown while requesting HEAD https://huggingface.co/MIT/ast-finetuned-audioset-10-10-0.4593/resolve/main/processor_config.json
Retrying in 8s [Retry 5/5].
HTTP Error 504 thrown while requesting HEAD https://huggingface.co/MIT/ast-finetuned-audioset-10-10-0.4593/resolve/main/processor_config.json
/mnt/tier2/project/p201284/guo/xmad-bench-repro/venv/lib/python3.13/site-packages/transformers/audio_utils.py:704: UserWarning: At least one mel filter has all zero values. The value for `num_mel_filters` (128) may be set too high. Or, the value for `num_frequency_bins` (257) may be set too low.
  warnings.warn(
### RESUME:: checkpoint at epoch 2; continuing at epoch 3 of 20 (best ACC so far = 0.9951404841844849)
Training on epoch 3
Training loss on iteration 0 = 0.06148121505975723
Training loss on iteration 20 = 0.060480531107168646
Training loss on iteration 40 = 0.06685154458682518
Training loss on iteration 60 = 0.1062159457593225
Training loss on iteration 80 = 0.055040122685022654
Training loss on iteration 100 = 0.08768020981660811
Training loss on iteration 120 = 0.022691164779826068
Training loss on iteration 140 = 0.13015168621204792
Training loss on iteration 160 = 0.15161874156910926
Training loss on iteration 180 = 0.2002540469635278
Training loss on iteration 200 = 0.11995463240891695
Training loss on iteration 220 = 0.29094706708565354
Training loss on iteration 240 = 0.14426922439597548
Training loss on iteration 260 = 0.10627280918415635
Training loss on iteration 280 = 0.08606413486413658
Training loss on iteration 300 = 0.08477118568844162
Training loss on iteration 320 = 0.052045782684581356
Training loss on iteration 340 = 0.11209310628473759
Training loss on iteration 360 = 0.16136096714180895
Training loss on iteration 380 = 0.1268108784686774
Training loss on iteration 400 = 0.1533757157623768
Training loss on iteration 420 = 0.1717733237426728
Training loss on iteration 440 = 0.07047139221103862
Training loss on iteration 460 = 0.0970856387168169
Training loss on iteration 480 = 0.12444897742243484
Training loss on iteration 500 = 0.08507312776055187
Training loss on iteration 520 = 0.07349654757417738
Training loss on iteration 540 = 0.14563709790818394
Training loss on iteration 560 = 0.03045442058937624
Training loss on iteration 580 = 0.08848235326004214
Training loss on iteration 600 = 0.07716359591577202
Training loss on iteration 620 = 0.04934093819465488
Training loss on iteration 640 = 0.0500963657774264
Training loss on iteration 660 = 0.08546584084397182
Training loss on iteration 680 = 0.07507421593181789
Training loss on iteration 700 = 0.07120663786190562
Training loss on iteration 720 = 0.09580503691686318
Training loss on iteration 740 = 0.09100963516393676
Training loss on iteration 760 = 0.10345876617357135
Training loss on iteration 780 = 0.09505838122277055
Training loss on iteration 800 = 0.09232850803527981
Training loss on iteration 820 = 0.06507566164946184
Training loss on iteration 840 = 0.14447697931900622
Training loss on iteration 860 = 0.03925878618611023
Training loss on iteration 880 = 0.12570945704355835
Training loss on iteration 900 = 0.06892353727016598
Training loss on iteration 920 = 0.042776381561998277
Training loss on iteration 940 = 0.07522938699112273
Training loss on iteration 960 = 0.02611178624938475
Training loss on iteration 980 = 0.10635223147837677
Training loss on iteration 1000 = 0.05208185202209279
Training loss on iteration 1020 = 0.07815378614031943
Training loss on iteration 1040 = 0.07902262329589575
Training loss on iteration 1060 = 0.07409209178294987
Training loss on iteration 1080 = 0.0319650539662689
Training loss on iteration 1100 = 0.05334347994648851
Training loss on iteration 1120 = 0.06255461607361212
Training loss on iteration 1140 = 0.0668528620095458
Training loss on iteration 1160 = 0.0252768698905129
Training loss on iteration 1180 = 0.08224699365964624
Training loss on iteration 1200 = 0.08867819739680272
Training loss on iteration 1220 = 0.05790025722235441
Training loss on iteration 1240 = 0.03790287555602845
Training loss on iteration 1260 = 0.09255123700277182
Training loss on iteration 1280 = 0.05567266013240442
Training loss on iteration 1300 = 0.1441775501705706
Training loss on iteration 1320 = 0.10777762532234192
Training loss on iteration 1340 = 0.13641173045325558
Training loss on iteration 1360 = 0.42070794478058815
Training loss on iteration 1380 = 0.16448297202587128
Training loss on iteration 1400 = 0.1742213964345865
Training loss on iteration 1420 = 0.08052510526031256
Training loss on iteration 1440 = 0.078109115594998
Training loss on iteration 1460 = 0.08891647778218612
Training loss on iteration 1480 = 0.08001694970880635
Training loss on iteration 1500 = 0.08078383419197052
Training loss on iteration 1520 = 0.1004778741626069
Training loss on iteration 1540 = 0.08518861546181142
Training loss on iteration 1560 = 0.08791178542305715
Training loss on iteration 1580 = 0.07940613953396677
Training loss on iteration 1600 = 0.10360145536978962
Training loss on iteration 1620 = 0.07980006847064942
Training loss on iteration 1640 = 0.0792035244172439
Training loss on iteration 1660 = 0.08435055286390707
Training loss on iteration 1680 = 0.060558817011769864
Training loss on iteration 1700 = 0.09818495560903102
Training loss on iteration 1720 = 0.0690386833390221
Training loss on iteration 1740 = 0.06073110902216285
Training loss on iteration 1760 = 0.07357356220600195
Training loss on iteration 1780 = 0.03621325301937759
Training loss on iteration 1800 = 0.0481388289044844
Training loss on iteration 1820 = 0.22716791806742548
Training loss on iteration 1840 = 0.09298179056495429
Training loss on iteration 1860 = 0.07138463673181832
Training loss on iteration 1880 = 0.05577335599809885
Training loss on iteration 1900 = 0.06893639562476891
Training loss on iteration 1920 = 0.09938530951039866
Training loss on iteration 1940 = 0.052575079770758745
Training loss on iteration 1960 = 0.06276075465139001
Training loss on iteration 1980 = 0.07275233673281037
Training loss on iteration 2000 = 0.0466316205332987
Training loss on iteration 2020 = 0.06386549839517101
Training loss on iteration 2040 = 0.05188686834881082
Training loss on iteration 2060 = 0.04312679164577275
Training loss on iteration 2080 = 0.022025825892342255
Training loss on iteration 2100 = 0.09038489401136758
Training loss on iteration 2120 = 0.0677828145067906
Training loss on iteration 2140 = 0.05041848396649584
Training loss on iteration 2160 = 0.06636751655314584
Training loss on iteration 2180 = 0.0705308433432947
Training loss on iteration 2200 = 0.04735479529845179
Training loss on iteration 2220 = 0.07620200564560946
Training loss on iteration 2240 = 0.0673881683498621
Training loss on iteration 2260 = 0.09025829574093222
Training loss on iteration 2280 = 0.05443556780228391
Training loss on iteration 2300 = 0.14001162664499134
Training loss on iteration 2320 = 0.1028463220456615
Training loss on iteration 2340 = 0.0758053349563852
Training loss on iteration 2360 = 0.0627403965452686
Training loss on iteration 2380 = 0.08582840918097645
Training loss on iteration 2400 = 0.04863687001634389
Training loss on iteration 2420 = 0.10893541729892604
Training loss on iteration 2440 = 0.09599560752976685
Training loss on iteration 2460 = 0.02798553027678281
Training loss on iteration 2480 = 0.03575945566990413
Training loss on iteration 2500 = 0.010174680453201291
Training loss on iteration 2520 = 0.04533582796721021
Training loss on iteration 2540 = 0.07277768786516389
Training loss on iteration 2560 = 0.07921599879628047
Training loss on iteration 2580 = 0.046331323665799576
Training loss on iteration 2600 = 0.07480966010480188
Training loss on iteration 2620 = 0.022161810216493903
Training loss on iteration 2640 = 0.01454985287564341
Training loss on iteration 2660 = 0.07428736454166937
Training loss on iteration 2680 = 0.12488440985325724
Training loss on iteration 2700 = 0.012926576149766333
Training loss on iteration 2720 = 0.07744407642749138
Training loss on iteration 2740 = 0.027203973452560603
Training loss on iteration 2760 = 0.0357824697115575
Training loss on iteration 2780 = 0.033080379289458506
Training loss on iteration 2800 = 0.01576921118539758
Training loss on iteration 2820 = 0.021395481444778854
Training loss on iteration 2840 = 0.03162039033850306
Training loss on iteration 2860 = 0.03374125085538253
Training loss on iteration 2880 = 0.06731368940963875
Training loss on iteration 2900 = 0.04244300813588779
Training loss on iteration 2920 = 0.019319127373455557
Training loss on iteration 2940 = 0.06024960503236798
Training loss on iteration 2960 = 0.026250606789108132
Training loss on iteration 2980 = 0.07774428666452878
Training loss on iteration 3000 = 0.10675971331074834
Training loss on iteration 3020 = 0.03333920300938189
Training loss on iteration 3040 = 0.06556901732838014
Training loss on iteration 3060 = 0.02893267351028044
Training loss on iteration 3080 = 0.06929839593940415
Training loss on iteration 3100 = 0.04520348821533844
Training loss on iteration 3120 = 0.029009453242179007
Training loss on iteration 3140 = 0.03425194355950225
Training loss on iteration 3160 = 0.02173658301071555
Training loss on iteration 3180 = 0.07925670226104557
Training loss on iteration 3200 = 0.0894309371127747
Training loss on iteration 3220 = 0.02932901303865947
Training loss on iteration 3240 = 0.018732421600725503
Training loss on iteration 3260 = 0.07830142669408816
Training loss on iteration 3280 = 0.018031025386881082
Training loss on iteration 3300 = 0.033895343406766185
Training loss on iteration 3320 = 0.08506897397601279
Training loss on iteration 3340 = 0.0556341341114603
Training loss on iteration 3360 = 0.04485911846277304
Training loss on iteration 3380 = 0.07484220800979528
Training loss on iteration 3400 = 0.008843441697536036
Training loss on iteration 3420 = 0.08477167628916504
Training loss on iteration 3440 = 0.04968334194272757
Training loss on iteration 3460 = 0.016726223091245628
Training loss on iteration 3480 = 0.07439725830918179
Training loss on iteration 3500 = 0.08422071365930606
Training loss on iteration 3520 = 0.07644654830510263
Training loss on iteration 3540 = 0.03018101019843016
Training loss on iteration 3560 = 0.025326237722765654
Training loss on iteration 3580 = 0.029586108098374097
Training loss on iteration 3600 = 0.04342149636067916
Training loss on iteration 3620 = 0.036206062546989416
Training loss on iteration 3640 = 0.14456516391946933
Training loss on iteration 3660 = 0.032096186850685625
Training loss on iteration 3680 = 0.06139348273864016
Training loss on iteration 3700 = 0.06618058903259225
Training loss on iteration 3720 = 0.04798067852680106
Training loss on iteration 3740 = 0.03890969426720403
Training loss on iteration 3760 = 0.04194401089043822
Training loss on iteration 3780 = 0.048321516983560284
Training loss on iteration 3800 = 0.022046623179630843
Training loss on iteration 3820 = 0.006800207676133141
Training loss on iteration 3840 = 0.13591776713437867
Training loss on iteration 3860 = 0.03275186954706442
Training loss on iteration 3880 = 0.05871718090493232
Training loss on iteration 3900 = 0.020856071807793343
Training loss on iteration 3920 = 0.07192425571774948
Training loss on iteration 3940 = 0.014669442918966524
Training loss on iteration 3960 = 0.04652023339731386
Training loss on iteration 3980 = 0.036652480225893666
Training loss on iteration 4000 = 0.10114923726796406
Training loss on iteration 4020 = 0.05061032871017233
Training loss on iteration 4040 = 0.034709061417379415
Training loss on iteration 4060 = 0.024168107149307616
Training loss on iteration 4080 = 0.02535091984755127
Training loss on iteration 4100 = 0.03293096149864141
Training loss on iteration 4120 = 0.020953317669773243
Training loss on iteration 4140 = 0.025315210414555624
Training loss on iteration 4160 = 0.031153027700565872
Training loss on iteration 4180 = 0.0026449945140484487
Training loss on iteration 4200 = 0.04248826320194894
Training loss on iteration 4220 = 0.09412338685069699
Training loss on iteration 4240 = 0.17013145193923265
Training loss on iteration 4260 = 0.0547288631205447
Training loss on iteration 4280 = 0.04893941688351333
Training loss on iteration 4300 = 0.115308682716568
Training loss on iteration 4320 = 0.07899630207102745
Training loss on iteration 4340 = 0.02767162487434689
Training loss on iteration 4360 = 0.03395403039030498
Training loss on iteration 4380 = 0.048116514648427255
Training loss on iteration 4400 = 0.06524412735307124
Training loss on iteration 4420 = 0.01537582187447697
Training loss on iteration 4440 = 0.07683961774746421
Training loss on iteration 4460 = 0.04645530365378363
Training loss on iteration 4480 = 0.06830689800553955
Training loss on iteration 4500 = 0.02071610009879805
Training loss on iteration 4520 = 0.05031797966512386
Training loss on iteration 4540 = 0.046139338443754244
Training loss on iteration 4560 = 0.017975850738002917
Training loss on iteration 4580 = 0.009759871514688712
Training loss on iteration 4600 = 0.06135624616435962
Training loss on iteration 4620 = 0.04873763401701581
Training loss on iteration 4640 = 0.041510159126482905
Training loss on iteration 4660 = 0.09616564837342594
Training loss on iteration 4680 = 0.051567871519364414
Training loss on iteration 4700 = 0.062446705752518025
Training loss on iteration 4720 = 0.03617120851195068
Training loss on iteration 4740 = 0.04066710253537167
Training loss on iteration 4760 = 0.0670536215940956
Training loss on iteration 4780 = 0.02472892253426835
Training loss on iteration 4800 = 0.028652276024513413
Training loss on iteration 4820 = 0.04895115781691857
Training loss on iteration 4840 = 0.0039057860434695614
Training loss on iteration 4860 = 0.0265181759297775
Training loss on iteration 4880 = 0.06478642028960166
Training loss on iteration 4900 = 0.08357570263178786
Training loss on iteration 4920 = 0.024952099821530283
Training loss on iteration 4940 = 0.06370237439114135
Training loss on iteration 4960 = 0.08766083573573269
Training loss on iteration 4980 = 0.047144358535297214
Training loss on iteration 5000 = 0.022419613495003432
Training loss on iteration 5020 = 0.027089561625325588
Training loss on iteration 5040 = 0.004599013138795271
Training loss on iteration 5060 = 0.04097917990147835
Training loss on iteration 5080 = 0.01103508065280039
Training loss on iteration 5100 = 0.07702045113546774
Training loss on iteration 5120 = 0.04424509598175064
Training loss on iteration 5140 = 0.07262579772650497
Training loss on iteration 5160 = 0.02835451528080739
Training loss on iteration 5180 = 0.011428448105289136
Training loss on iteration 5200 = 0.06468294518126641
Training loss on iteration 5220 = 0.06096214060671627
Training loss on iteration 5240 = 0.034027432155562566
Training loss on iteration 5260 = 0.05598133803141536
Training loss on iteration 5280 = 0.03245465169311501
Training loss on iteration 5300 = 0.05632182593399193
Training loss on iteration 5320 = 0.05867547613597708
Training loss on iteration 5340 = 0.040070019010454413
Training loss on iteration 5360 = 0.016519432768109254
Training loss on iteration 5380 = 0.10585932979010977
Training loss on iteration 5400 = 0.012837882246822118
Training loss on iteration 5420 = 0.033605778455967086
Training loss on iteration 5440 = 0.013435909432155313
Training loss on iteration 5460 = 0.03251544161084894
Training loss on iteration 5480 = 0.1343703143113089
Training loss on iteration 5500 = 0.08608744245138951
Training loss on iteration 5520 = 0.0855911964084953
Training loss on iteration 5540 = 0.05422041203128174
Training loss on iteration 5560 = 0.021829142441856676
Training loss on iteration 5580 = 0.031730787889682685
Training loss on iteration 5600 = 0.10365275802905671
### EVAL:: Epoch 3:: Loss = 0.01903095963720994 :: ACC = 0.9956706131825411, AUC = 0.9999329258945736, EER = 0.003180773988337162
Training on epoch 4
Training loss on iteration 0 = 0.051097191870212555
Training loss on iteration 20 = 0.052240604837425056
Training loss on iteration 40 = 0.05918942577118287
Training loss on iteration 60 = 0.060190222033998
Training loss on iteration 80 = 0.046733036293881015
Training loss on iteration 100 = 0.062173024413641545
Training loss on iteration 120 = 0.015766917732253204
Training loss on iteration 140 = 0.016794060890606487
Training loss on iteration 160 = 0.13168766509215857
Training loss on iteration 180 = 0.06079534308519215
Training loss on iteration 200 = 0.05263294983888045
Training loss on iteration 220 = 0.018813740434416103
Training loss on iteration 240 = 0.09074030004994711
Training loss on iteration 260 = 0.07507362932665274
Training loss on iteration 280 = 0.13101534826564604
Training loss on iteration 300 = 0.08695441004820167
Training loss on iteration 320 = 0.06357655268511735
Training loss on iteration 340 = 0.1216942730708979
Training loss on iteration 360 = 0.0704312115907669
Training loss on iteration 380 = 0.035520521027501674
Training loss on iteration 400 = 0.017721420133602804
Training loss on iteration 420 = 0.06315469327673781
Training loss on iteration 440 = 0.017693691374734043
Training loss on iteration 460 = 0.06331083078694064
Training loss on iteration 480 = 0.02581757465886767
Training loss on iteration 500 = 0.08236027786042541
Training loss on iteration 520 = 0.04662458592501935
Training loss on iteration 540 = 0.013842355346423574
Training loss on iteration 560 = 0.05642852904420579
Training loss on iteration 580 = 0.023927453525539023
Training loss on iteration 600 = 0.010575733092264273
Training loss on iteration 620 = 0.01699901875545038
Training loss on iteration 640 = 0.08244800182583276
Training loss on iteration 660 = 0.07045303941704333
Training loss on iteration 680 = 0.057421696686651556
Training loss on iteration 700 = 0.07500243373069679
Training loss on iteration 720 = 0.1393442895496264
Training loss on iteration 740 = 0.0769225338473916
Training loss on iteration 760 = 0.06217411164543592
Training loss on iteration 780 = 0.10207733572315192
Training loss on iteration 800 = 0.034297945006983355
Training loss on iteration 820 = 0.051282759589958
Training loss on iteration 840 = 0.08528334444854409
Training loss on iteration 860 = 0.02850026939995587
Training loss on iteration 880 = 0.03616885706978792
Training loss on iteration 900 = 0.017408884689211847
Training loss on iteration 920 = 0.03693218796979636
Training loss on iteration 940 = 0.12998323532810901
Training loss on iteration 960 = 0.04955662661232054
Training loss on iteration 980 = 0.025782141857780515
Training loss on iteration 1000 = 0.04275649330229499
Training loss on iteration 1020 = 0.041982455555989874
Training loss on iteration 1040 = 0.024500606882793364
Training loss on iteration 1060 = 0.07229857061465736
Training loss on iteration 1080 = 0.059866588353179394
Training loss on iteration 1100 = 0.06505437081650597
Training loss on iteration 1120 = 0.046987019741209224
Training loss on iteration 1140 = 0.024371244973735884
Training loss on iteration 1160 = 0.07921808394021354
Training loss on iteration 1180 = 0.017640213115373626
Training loss on iteration 1200 = 0.09438423929677811
Training loss on iteration 1220 = 0.059670509118586776
Training loss on iteration 1240 = 0.018078886225703174
Training loss on iteration 1260 = 0.07232675479899627
Training loss on iteration 1280 = 0.10324372872128151
Training loss on iteration 1300 = 0.08935187468305231
Training loss on iteration 1320 = 0.058622278843540696
Training loss on iteration 1340 = 0.12342342450283468
Training loss on iteration 1360 = 0.039051355260016865
Training loss on iteration 1380 = 0.048011495597893375
Training loss on iteration 1400 = 0.036834618277498524
Training loss on iteration 1420 = 0.06931947041593958
Training loss on iteration 1440 = 0.052762535505462435
Training loss on iteration 1460 = 0.025029767688829453
Training loss on iteration 1480 = 0.03705313213868067
Training loss on iteration 1500 = 0.02005122551054228
Training loss on iteration 1520 = 0.027389100582513492
Training loss on iteration 1540 = 0.02695309028495103
Training loss on iteration 1560 = 0.11097204883117229
Training loss on iteration 1580 = 0.11129215336404741
Training loss on iteration 1600 = 0.04539080178365111
Training loss on iteration 1620 = 0.04428552654571831
Training loss on iteration 1640 = 0.024871992922271602
Training loss on iteration 1660 = 0.03808578296739142
Training loss on iteration 1680 = 0.03835873810894554
Training loss on iteration 1700 = 0.049232802385813554
Training loss on iteration 1720 = 0.04705972039373592
Training loss on iteration 1740 = 0.09594746692164335
Training loss on iteration 1760 = 0.049008380170562305
Training loss on iteration 1780 = 0.0530947875988204
Training loss on iteration 1800 = 0.03152070915821241
Training loss on iteration 1820 = 0.06427357782667968
Training loss on iteration 1840 = 0.03473207269562408
Training loss on iteration 1860 = 0.13024590600980446
Training loss on iteration 1880 = 0.07021734926383942
Training loss on iteration 1900 = 0.1713473760522902
Training loss on iteration 1920 = 0.30015517263673247
Training loss on iteration 1940 = 0.076213117907173
Training loss on iteration 1960 = 0.08076497452348122
Training loss on iteration 1980 = 0.11658459714963101
Training loss on iteration 2000 = 0.1254283344373107
Training loss on iteration 2020 = 0.09608250339515507
Training loss on iteration 2040 = 0.07492750202072784
Training loss on iteration 2060 = 0.08811852331273258
Training loss on iteration 2080 = 0.10343731184257195
Training loss on iteration 2100 = 0.03560691494494676
Training loss on iteration 2120 = 0.1089162613498047
Training loss on iteration 2140 = 0.11307284813374281
Training loss on iteration 2160 = 0.14992760482709855
Training loss on iteration 2180 = 0.0376811430323869
Training loss on iteration 2200 = 0.043434527434874325
Training loss on iteration 2220 = 0.09594586745370179
Training loss on iteration 2240 = 0.08983181421644985
Training loss on iteration 2260 = 0.06508438299642876
Training loss on iteration 2280 = 0.13824704522266984
Training loss on iteration 2300 = 0.04890397207345813
Training loss on iteration 2320 = 0.03515796777792275
Training loss on iteration 2340 = 0.038066927195177416
Training loss on iteration 2360 = 0.03912194274889771
Training loss on iteration 2380 = 0.04044387740141246
Training loss on iteration 2400 = 0.05277330933022313
Training loss on iteration 2420 = 0.022958583367289974
Training loss on iteration 2440 = 0.03837071506277425
Training loss on iteration 2460 = 0.07105513422866352
Training loss on iteration 2480 = 0.049569009273545815
Training loss on iteration 2500 = 0.032793012613547036
Training loss on iteration 2520 = 0.013602122795418836
Training loss on iteration 2540 = 0.01673752890274045
Training loss on iteration 2560 = 0.0196542946214322
Training loss on iteration 2580 = 0.04784736012297799
Training loss on iteration 2600 = 0.05340952403494157
Training loss on iteration 2620 = 0.04117370026069693
Training loss on iteration 2640 = 0.054268481439794417
Training loss on iteration 2660 = 0.12265362485632067
Training loss on iteration 2680 = 0.11198604188393801
Training loss on iteration 2700 = 0.062028821534477176
Training loss on iteration 2720 = 0.008385544875636697
Training loss on iteration 2740 = 0.08624704409448895
Training loss on iteration 2760 = 0.0385566103621386
Training loss on iteration 2780 = 0.041634210594929756
Training loss on iteration 2800 = 0.04553971743735019
Training loss on iteration 2820 = 0.034151984358322805
Training loss on iteration 2840 = 0.04394928199180868
Training loss on iteration 2860 = 0.013361406535841525
Training loss on iteration 2880 = 0.03207636788720265
Training loss on iteration 2900 = 0.05489175411639735
Training loss on iteration 2920 = 0.06856123511679471
Training loss on iteration 2940 = 0.0363122845068574
Training loss on iteration 2960 = 0.026210798756801525
Training loss on iteration 2980 = 0.06274878200492821
Training loss on iteration 3000 = 0.03036123774945736
Training loss on iteration 3020 = 0.01603725021413993
Training loss on iteration 3040 = 0.04943748106743442
Training loss on iteration 3060 = 0.014592513797106221
Training loss on iteration 3080 = 0.035732899501454085
Training loss on iteration 3100 = 0.03266613680461887
Training loss on iteration 3120 = 0.03345956257835496
Training loss on iteration 3140 = 0.03818518425978255
Training loss on iteration 3160 = 0.024400033027632162
Training loss on iteration 3180 = 0.05208671222790144
Training loss on iteration 3200 = 0.05862140330136754
Training loss on iteration 3220 = 0.046054072881815955
Training loss on iteration 3240 = 0.015458724414929747
Training loss on iteration 3260 = 0.01389621705020545
Training loss on iteration 3280 = 0.05079691827413626
Training loss on iteration 3300 = 0.03246597631223267
Training loss on iteration 3320 = 0.042072576252394356
Training loss on iteration 3340 = 0.059496715368004514
Training loss on iteration 3360 = 0.03997975756647065
Training loss on iteration 3380 = 0.05231204569863621
Training loss on iteration 3400 = 0.020691438869107515
Training loss on iteration 3420 = 0.08149704620882403
Training loss on iteration 3440 = 0.04602252657641657
Training loss on iteration 3460 = 0.05277527446160093
Training loss on iteration 3480 = 0.045953019632725044
Training loss on iteration 3500 = 0.07589910384267569
Training loss on iteration 3520 = 0.0236857334850356
Training loss on iteration 3540 = 0.03737054100492969
Training loss on iteration 3560 = 0.01922326940257335
Training loss on iteration 3580 = 0.033928044786443935
Training loss on iteration 3600 = 0.0340446995338425
Training loss on iteration 3620 = 0.07359240528894588
Training loss on iteration 3640 = 0.029684053495293482
Training loss on iteration 3660 = 0.004359996050334302
Training loss on iteration 3680 = 0.038353024206662666
Training loss on iteration 3700 = 0.03788453649904113
Training loss on iteration 3720 = 0.020219671263475902
Training loss on iteration 3740 = 0.03409030231996439
Training loss on iteration 3760 = 0.00693052338756388
Training loss on iteration 3780 = 0.028974105823726858
Training loss on iteration 3800 = 0.09568465023621683
Training loss on iteration 3820 = 0.033882844040635976
Training loss on iteration 3840 = 0.09569952124729753
Training loss on iteration 3860 = 0.02962715958128683
Training loss on iteration 3880 = 0.01110633040079847
Training loss on iteration 3900 = 0.014852540267747827
Training loss on iteration 3920 = 0.041705653062672356
Training loss on iteration 3940 = 0.035302929313183996
Training loss on iteration 3960 = 0.010590555697854142
Training loss on iteration 3980 = 0.08457649058909737
Training loss on iteration 4000 = 0.02954758531996049
Training loss on iteration 4020 = 0.006427483711740933
Training loss on iteration 4040 = 0.04807466636993922
Training loss on iteration 4060 = 0.024932439012627584
Training loss on iteration 4080 = 0.03237122039499809
Training loss on iteration 4100 = 0.03597573936422123
Training loss on iteration 4120 = 0.019863011573033874
Training loss on iteration 4140 = 0.02297583426698111
Training loss on iteration 4160 = 0.006936058621795383
Training loss on iteration 4180 = 0.07479286315283389
Training loss on iteration 4200 = 0.049160376819781956
Training loss on iteration 4220 = 0.03408088821452111
Training loss on iteration 4240 = 0.05407645872619469
Training loss on iteration 4260 = 0.03028855344018666
Training loss on iteration 4280 = 0.06953701063466725
Training loss on iteration 4300 = 0.11092091731261462
Training loss on iteration 4320 = 0.015493477159179748
Training loss on iteration 4340 = 0.036907359451288355
Training loss on iteration 4360 = 0.03533900185284437
Training loss on iteration 4380 = 0.055386565742082894
Training loss on iteration 4400 = 0.09479407842518413
Training loss on iteration 4420 = 0.028383712057257073
Training loss on iteration 4440 = 0.0302178104640916
Training loss on iteration 4460 = 0.04916041934629902
Training loss on iteration 4480 = 0.043763883880455975
Training loss on iteration 4500 = 0.08268567235209048
Training loss on iteration 4520 = 0.03933959242422134
Training loss on iteration 4540 = 0.08241267503472045
Training loss on iteration 4560 = 0.04937916513881646
Training loss on iteration 4580 = 0.049357119348132986
Training loss on iteration 4600 = 0.05070387166342698
Training loss on iteration 4620 = 0.06148209452512674
Training loss on iteration 4640 = 0.04549332749156747
Training loss on iteration 4660 = 0.03038901274558157
Training loss on iteration 4680 = 0.052207854695734565
Training loss on iteration 4700 = 0.04668678236193955
Training loss on iteration 4720 = 0.009013644256629049
Training loss on iteration 4740 = 0.022687542077619582
Training loss on iteration 4760 = 0.06919075843761675
Training loss on iteration 4780 = 0.037370998895494265
Training loss on iteration 4800 = 0.06820138018811121
Training loss on iteration 4820 = 0.01678636996075511
Training loss on iteration 4840 = 0.009475269820541143
Training loss on iteration 4860 = 0.018657917508971878
Training loss on iteration 4880 = 0.032893190620234235
Training loss on iteration 4900 = 0.009565144158841576
Training loss on iteration 4920 = 0.019078756847738985
Training loss on iteration 4940 = 0.03915290436852956
Training loss on iteration 4960 = 0.05790453203080688
Training loss on iteration 4980 = 0.034479784010909495
Training loss on iteration 5000 = 0.012548094213707372
Training loss on iteration 5020 = 0.01914781044179108
Training loss on iteration 5040 = 0.06049372566340026
Training loss on iteration 5060 = 0.03491024141549133
Training loss on iteration 5080 = 0.10026160471024922
Training loss on iteration 5100 = 0.052223915146896616
Training loss on iteration 5120 = 0.05229178429581225
Training loss on iteration 5140 = 0.017845015926286577
Training loss on iteration 5160 = 0.05914871473505627
Training loss on iteration 5180 = 0.06610681540914812
Training loss on iteration 5200 = 0.015515993349254131
Training loss on iteration 5220 = 0.03246265591296833
Training loss on iteration 5240 = 0.014366091112606227
Training loss on iteration 5260 = 0.007177911714825314
Training loss on iteration 5280 = 0.07056932391569717
Training loss on iteration 5300 = 0.05766046899807407
Training loss on iteration 5320 = 0.09511738601722755
Training loss on iteration 5340 = 0.03409156879060902
Training loss on iteration 5360 = 0.048307928821304816
Training loss on iteration 5380 = 0.023730065883137287
Training loss on iteration 5400 = 0.061205359097220934
Training loss on iteration 5420 = 0.03209496632625815
Training loss on iteration 5440 = 0.016151589831133607
Training loss on iteration 5460 = 0.010690781858284027
Training loss on iteration 5480 = 0.023499120547785423
Training loss on iteration 5500 = 0.01649600678574643
Training loss on iteration 5520 = 0.006600860856269719
Training loss on iteration 5540 = 0.053371365942803096
Training loss on iteration 5560 = 0.06711415878962726
Training loss on iteration 5580 = 0.03662821525358595
Training loss on iteration 5600 = 0.01689778593718074
### EVAL:: Epoch 4:: Loss = 0.00958006283261783 :: ACC = 0.9967308711786534, AUC = 0.9999777668700821, EER = 0.0017670966601873123
Training on epoch 5
Training loss on iteration 0 = 0.0009362472337670624
Training loss on iteration 20 = 0.04006054411438527
Training loss on iteration 40 = 0.02614489982079249
Training loss on iteration 60 = 0.057296323796617796
Training loss on iteration 80 = 0.015278007846791297
Training loss on iteration 100 = 0.009783156852790853
Training loss on iteration 120 = 0.0628404870043596
Training loss on iteration 140 = 0.012998220446752385
Training loss on iteration 160 = 0.003138122116797604
Training loss on iteration 180 = 0.006880762820946984
Training loss on iteration 200 = 0.011960300841747085
Training loss on iteration 220 = 0.005271485658522579
Training loss on iteration 240 = 0.03356307237627334
Training loss on iteration 260 = 0.005853128821399878
Training loss on iteration 280 = 0.08528306859952864
Training loss on iteration 300 = 0.03814140920294449
Training loss on iteration 320 = 0.03807581652654335
Training loss on iteration 340 = 0.04039757161808666
Training loss on iteration 360 = 0.04793746700452175
Training loss on iteration 380 = 0.03366810978041031
Training loss on iteration 400 = 0.02631566175550688
Training loss on iteration 420 = 0.02206636078772135
Training loss on iteration 440 = 0.021499940354260616
Training loss on iteration 460 = 0.028722114565607627
Training loss on iteration 480 = 0.023532868194160984
Training loss on iteration 500 = 0.007265733315580292
Training loss on iteration 520 = 0.029631910310854437
Training loss on iteration 540 = 0.0034480484697269275
Training loss on iteration 560 = 0.003531721836043289
Training loss on iteration 580 = 0.023919949920673388
Training loss on iteration 600 = 0.0009210416559653822
Training loss on iteration 620 = 0.01545316521805944
Training loss on iteration 640 = 0.0784429606224876
Training loss on iteration 660 = 0.0814564838190563
Training loss on iteration 680 = 0.056580929370829834
Training loss on iteration 700 = 0.05307507534162141
Training loss on iteration 720 = 0.03299951030639932
Training loss on iteration 740 = 0.008792234532302245
Training loss on iteration 760 = 0.050609308516141024
Training loss on iteration 780 = 0.01853468816552777
Training loss on iteration 800 = 0.022310268692672254
Training loss on iteration 820 = 0.058161450584884734
Training loss on iteration 840 = 0.05514117196580628
Training loss on iteration 860 = 0.029599288804456593
Training loss on iteration 880 = 0.053636861198174304
Training loss on iteration 900 = 0.03399523561165552
Training loss on iteration 920 = 0.028334544762037693
Training loss on iteration 940 = 0.033340576506452634
Training loss on iteration 960 = 0.04528630264976528
Training loss on iteration 980 = 0.009118988731643185
Training loss on iteration 1000 = 0.03238950329832733
Training loss on iteration 1020 = 0.016246146788762416
Training loss on iteration 1040 = 0.0032106860082421916
Training loss on iteration 1060 = 0.07693790458652075
Training loss on iteration 1080 = 0.017223392862069885
Training loss on iteration 1100 = 0.04338702344539343
Training loss on iteration 1120 = 0.024381041020387784
Training loss on iteration 1140 = 0.0053491330610995645
Training loss on iteration 1160 = 0.03216585659502016
Training loss on iteration 1180 = 0.02363336069538491
Training loss on iteration 1200 = 0.03693013284500921
Training loss on iteration 1220 = 0.012079469025775325
Training loss on iteration 1240 = 0.032532591166091154
Training loss on iteration 1260 = 0.04925139473780291
Training loss on iteration 1280 = 0.034389677859144284
Training loss on iteration 1300 = 0.08496312910865526
Training loss on iteration 1320 = 0.038865579129196706
Training loss on iteration 1340 = 0.04259062043274753
Training loss on iteration 1360 = 0.026281725597800686
Training loss on iteration 1380 = 0.01879964566905983
Training loss on iteration 1400 = 0.01609509762492962
Training loss on iteration 1420 = 0.0026575675947242416
Training loss on iteration 1440 = 0.027491239643859446
Training loss on iteration 1460 = 0.17997052271821304
Training loss on iteration 1480 = 0.017994551488664003
Training loss on iteration 1500 = 0.017245280303177422
Training loss on iteration 1520 = 0.0038302254884911235
Training loss on iteration 1540 = 0.06520708850366645
Training loss on iteration 1560 = 0.00671588733966928
Training loss on iteration 1580 = 0.026156885040109046
Training loss on iteration 1600 = 0.017388827577815392
Training loss on iteration 1620 = 0.0186269383499166
Training loss on iteration 1640 = 0.07266462623701955
Training loss on iteration 1660 = 0.047314974036999045
Training loss on iteration 1680 = 0.054811019741464406
Training loss on iteration 1700 = 0.024549654370639475
Training loss on iteration 1720 = 0.02528798070125049
Training loss on iteration 1740 = 0.0576393748895498
Training loss on iteration 1760 = 0.028688924279413185
Training loss on iteration 1780 = 0.022776902312762103
Training loss on iteration 1800 = 0.043325559816730676
Training loss on iteration 1820 = 0.044825545886124016
Training loss on iteration 1840 = 0.03543180685664993
Training loss on iteration 1860 = 0.0069626102806068955
Training loss on iteration 1880 = 0.03929659919267579
Training loss on iteration 1900 = 0.04702096788241761
Training loss on iteration 1920 = 0.06968211121566129
Training loss on iteration 1940 = 0.05650503565557301
Training loss on iteration 1960 = 0.025013563880929724
Training loss on iteration 1980 = 0.028904243659053464
Training loss on iteration 2000 = 0.07646407497159088
Training loss on iteration 2020 = 0.11729535966296681
Training loss on iteration 2040 = 0.023767234856495633
Training loss on iteration 2060 = 0.00624963157097227
Training loss on iteration 2080 = 0.0282321126840543
Training loss on iteration 2100 = 0.03626058362642652
Training loss on iteration 2120 = 0.042431403572845736
Training loss on iteration 2140 = 0.10267365270410664
Training loss on iteration 2160 = 0.032886333338683474
Training loss on iteration 2180 = 0.01062514062068658
Training loss on iteration 2200 = 0.013610212903586216
Training loss on iteration 2220 = 0.05011815984471468
Training loss on iteration 2240 = 0.031782056926749645
Training loss on iteration 2260 = 0.0435240808990784
Training loss on iteration 2280 = 0.02179064308293164
Training loss on iteration 2300 = 0.0912243036669679
Training loss on iteration 2320 = 0.006580983265303075
Training loss on iteration 2340 = 0.0178518673958024
Training loss on iteration 2360 = 0.00841026940906886
Training loss on iteration 2380 = 0.01835327291410067
Training loss on iteration 2400 = 0.01285217260592617
Training loss on iteration 2420 = 0.008397020543634426
Training loss on iteration 2440 = 0.023359580021497094
Training loss on iteration 2460 = 0.014137456376920455
Training loss on iteration 2480 = 0.03164619372400921
Training loss on iteration 2500 = 0.012466944896004861
Training loss on iteration 2520 = 0.0225700238297577
Training loss on iteration 2540 = 0.008545964751101564
Training loss on iteration 2560 = 0.017234293706133032
Training loss on iteration 2580 = 0.02768465788976755
Training loss on iteration 2600 = 0.015556971163823619
Training loss on iteration 2620 = 0.051455904453905535
Training loss on iteration 2640 = 0.020782115154725035
Training loss on iteration 2660 = 0.03554993970683427
Training loss on iteration 2680 = 0.05150566563243046
Training loss on iteration 2700 = 0.03261360769974999
Training loss on iteration 2720 = 0.12549785372102634
Training loss on iteration 2740 = 0.03270892875734717
Training loss on iteration 2760 = 0.028889191936468706
Training loss on iteration 2780 = 0.0015692653163569049
Training loss on iteration 2800 = 0.07547708983474877
Training loss on iteration 2820 = 0.033949862443841995
Training loss on iteration 2840 = 0.012793957485700957
Training loss on iteration 2860 = 0.03214122216159012
Training loss on iteration 2880 = 0.022843443846795708
Training loss on iteration 2900 = 0.02240353368106298
Training loss on iteration 2920 = 0.05266180655744392
Training loss on iteration 2940 = 0.027612428582506253
Training loss on iteration 2960 = 0.07013694954803214
Training loss on iteration 2980 = 0.022511503542773426
Training loss on iteration 3000 = 0.025457452237606048
Training loss on iteration 3020 = 0.013984567014267668
Training loss on iteration 3040 = 0.004703683253319468
Training loss on iteration 3060 = 0.0010260210779961198
Training loss on iteration 3080 = 0.022789170422765893
Training loss on iteration 3100 = 0.035097910836338994
Training loss on iteration 3120 = 0.03929623252042802
Training loss on iteration 3140 = 0.060216663684695956
Training loss on iteration 3160 = 0.04457081904402003
Training loss on iteration 3180 = 0.0383998587669339
Training loss on iteration 3200 = 0.0517878492071759
Training loss on iteration 3220 = 0.026194545801263302
Training loss on iteration 3240 = 0.04611832234077155
Training loss on iteration 3260 = 0.015596279612509534
Training loss on iteration 3280 = 0.036629852690384726
Training loss on iteration 3300 = 0.02034739053051453
Training loss on iteration 3320 = 0.004330088193819392
Training loss on iteration 3340 = 0.01486981000052765
Training loss on iteration 3360 = 0.013613369469021563
Training loss on iteration 3380 = 0.027388698618597117
Training loss on iteration 3400 = 0.02197610696457559
Training loss on iteration 3420 = 0.04674401661795855
Training loss on iteration 3440 = 0.04725282808940392
Training loss on iteration 3460 = 0.03695707305741962
Training loss on iteration 3480 = 0.02619585710344836
Training loss on iteration 3500 = 0.04169233423890546
Training loss on iteration 3520 = 0.0628288978128694
Training loss on iteration 3540 = 0.00922812691424042
Training loss on iteration 3560 = 0.08662085634714459
Training loss on iteration 3580 = 0.02709739679703489
Training loss on iteration 3600 = 0.03490019617020153
Training loss on iteration 3620 = 0.025104790524346755
Training loss on iteration 3640 = 0.013230527532869019
Training loss on iteration 3660 = 0.004679494396259543
Training loss on iteration 3680 = 0.01867626835082774
Training loss on iteration 3700 = 0.11301190468948334
Training loss on iteration 3720 = 0.08897110484540463
Training loss on iteration 3740 = 0.05507472958415747
Training loss on iteration 3760 = 0.04529952553566545
Training loss on iteration 3780 = 0.039086591266095635
Training loss on iteration 3800 = 0.00647833501570858
Training loss on iteration 3820 = 0.03322346739878412
Training loss on iteration 3840 = 0.02415783387987176
Training loss on iteration 3860 = 0.04583029261557385
Training loss on iteration 3880 = 0.003970764222322032
Training loss on iteration 3900 = 0.004615630341868382
Training loss on iteration 3920 = 0.03022319540614262
Training loss on iteration 3940 = 0.031179995719867293
Training loss on iteration 3960 = 0.05728173094103113
Training loss on iteration 3980 = 0.0385812820866704
Training loss on iteration 4000 = 0.0841680244076997
Training loss on iteration 4020 = 0.022690833586966618
Training loss on iteration 4040 = 0.02882235649158247
Training loss on iteration 4060 = 0.029357681999681518
Training loss on iteration 4080 = 0.040298048782278786
Training loss on iteration 4100 = 0.007452726108022034
Training loss on iteration 4120 = 0.007708116894355044
Training loss on iteration 4140 = 0.05290397945500445
Training loss on iteration 4160 = 0.04918478171457537
Training loss on iteration 4180 = 0.02361858989461325
Training loss on iteration 4200 = 0.05109360858041327
Training loss on iteration 4220 = 0.02782954680151306
Training loss on iteration 4240 = 0.018190651456825434
Training loss on iteration 4260 = 0.0438939429805032
Training loss on iteration 4280 = 0.003940752548805904
Training loss on iteration 4300 = 0.05507651562220417
Training loss on iteration 4320 = 0.06598081002302933
Training loss on iteration 4340 = 0.040106209431542084
Training loss on iteration 4360 = 0.04469518011319451
Training loss on iteration 4380 = 0.022216187632875518
Training loss on iteration 4400 = 0.02703106534318067
Training loss on iteration 4420 = 0.07249769172631204
Training loss on iteration 4440 = 0.04315150186303072
Training loss on iteration 4460 = 0.03231454435735941
Training loss on iteration 4480 = 0.05132091468549334
Training loss on iteration 4500 = 0.016879110410809518
Training loss on iteration 4520 = 0.0981283059460111
Training loss on iteration 4540 = 0.0561120739672333
Training loss on iteration 4560 = 0.03566342125996016
Training loss on iteration 4580 = 0.07986812854069285
Training loss on iteration 4600 = 0.03408984029665589
Training loss on iteration 4620 = 0.07033267393999268
Training loss on iteration 4640 = 0.02474036204512231
Training loss on iteration 4660 = 0.028919043019413948
Training loss on iteration 4680 = 0.0037989083175489213
Training loss on iteration 4700 = 0.01635213119443506
Training loss on iteration 4720 = 0.05077112458093325
Training loss on iteration 4740 = 0.014042465139937121
Training loss on iteration 4760 = 0.050510999505058864
Training loss on iteration 4780 = 0.029554557320079767
Training loss on iteration 4800 = 0.03296811588079436
Training loss on iteration 4820 = 0.012647624785313383
Training loss on iteration 4840 = 0.10796130781091051
Training loss on iteration 4860 = 0.04930150925065391
Training loss on iteration 4880 = 0.01231977588031441
Training loss on iteration 4900 = 0.032402092107804495
Training loss on iteration 4920 = 0.025074295219383202
Training loss on iteration 4940 = 0.022076675920106936
Training loss on iteration 4960 = 0.018379716553317847
Training loss on iteration 4980 = 0.03419733049231581
Training loss on iteration 5000 = 0.044019497314002363
Training loss on iteration 5020 = 0.018373212381266057
Training loss on iteration 5040 = 0.0413268255215371
Training loss on iteration 5060 = 0.03481344096362591
Training loss on iteration 5080 = 0.022399632452288643
Training loss on iteration 5100 = 0.03010215842659818
Training loss on iteration 5120 = 0.04009080985997571
Training loss on iteration 5140 = 0.039678602191270326
Training loss on iteration 5160 = 0.04704768891097046
Training loss on iteration 5180 = 0.02048878105415497
Training loss on iteration 5200 = 0.004098597836855333
Training loss on iteration 5220 = 0.007792643207358197
Training loss on iteration 5240 = 0.0372776140771748
Training loss on iteration 5260 = 0.021193293303076642
Training loss on iteration 5280 = 0.04310252419309109
Training loss on iteration 5300 = 0.008275328646413982
Training loss on iteration 5320 = 0.01621128013575799
Training loss on iteration 5340 = 0.01749609711987432
Training loss on iteration 5360 = 0.007708395739609841
Training loss on iteration 5380 = 0.0016840903321281076
Training loss on iteration 5400 = 0.0784146506794059
Training loss on iteration 5420 = 0.0336587236073683
Training loss on iteration 5440 = 0.009377090059570038
Training loss on iteration 5460 = 0.007052732832380571
Training loss on iteration 5480 = 0.013548669261945178
Training loss on iteration 5500 = 0.05317536607326474
Training loss on iteration 5520 = 0.038591793898376636
Training loss on iteration 5540 = 0.0328989743044076
Training loss on iteration 5560 = 0.04440445319050923
Training loss on iteration 5580 = 0.025079847004963084
Training loss on iteration 5600 = 0.031687371362932024
### EVAL:: Epoch 5:: Loss = 0.010706504129158011 :: ACC = 0.9977911291747659, AUC = 0.9999735200924573, EER = 0.0014136773281498499
Training on epoch 6
Training loss on iteration 0 = 0.0048149884678423405
Training loss on iteration 20 = 0.04596764180460013
Training loss on iteration 40 = 0.058693833812139926
Training loss on iteration 60 = 0.07037174515426159
Training loss on iteration 80 = 0.04992661727883387
Training loss on iteration 100 = 0.025452537047385704
Training loss on iteration 120 = 0.01670814456738299
Training loss on iteration 140 = 0.006916426641691942
Training loss on iteration 160 = 0.036908923168084584
Training loss on iteration 180 = 0.03844390983140329
Training loss on iteration 200 = 0.024697140901116653
Training loss on iteration 220 = 0.07707864854601212
Training loss on iteration 240 = 0.043650776124559344
Training loss on iteration 260 = 0.018781829363433644
Training loss on iteration 280 = 0.023525352345313878
Training loss on iteration 300 = 0.017593867154209873
Training loss on iteration 320 = 0.013219011513865554
Training loss on iteration 340 = 0.025891862453863723
Training loss on iteration 360 = 0.011921655269179609
Training loss on iteration 380 = 0.055505611540866084
Training loss on iteration 400 = 0.044824601701111536
Training loss on iteration 420 = 0.05011742423521355
Training loss on iteration 440 = 0.048884352270397356
Training loss on iteration 460 = 0.07154669694136828
Training loss on iteration 480 = 0.027453572332160548
Training loss on iteration 500 = 0.023947762347961542
Training loss on iteration 520 = 0.06091353257361334
Training loss on iteration 540 = 0.01354144062497653
Training loss on iteration 560 = 0.006432940991362557
Training loss on iteration 580 = 0.02346523005544441
Training loss on iteration 600 = 0.052525136881740764
Training loss on iteration 620 = 0.017976310120138804
Training loss on iteration 640 = 0.05181680980167584
Training loss on iteration 660 = 0.1016718143117032
Training loss on iteration 680 = 0.03740089678904042
Training loss on iteration 700 = 0.011254163717967457
Training loss on iteration 720 = 0.02143478145444533
Training loss on iteration 740 = 0.014990272810609894
Training loss on iteration 760 = 0.044959413500146185
Training loss on iteration 780 = 0.03019640454731416
Training loss on iteration 800 = 0.03705711401271401
Training loss on iteration 820 = 0.04626374961371767
Training loss on iteration 840 = 0.03279307224220247
Training loss on iteration 860 = 0.05792980836267816
Training loss on iteration 880 = 0.04609589084866457
Training loss on iteration 900 = 0.031929182639578356
Training loss on iteration 920 = 0.03359731996315531
Training loss on iteration 940 = 0.03150420890015084
Training loss on iteration 960 = 0.03555339375743642
Training loss on iteration 980 = 0.06385329602926504
Training loss on iteration 1000 = 0.01002823052695021
Training loss on iteration 1020 = 0.023582099298073443
Training loss on iteration 1040 = 0.020257490244694053
Training loss on iteration 1060 = 0.0630189192481339
Training loss on iteration 1080 = 0.02853231681510806
Training loss on iteration 1100 = 0.0161250977886084
Training loss on iteration 1120 = 0.042740506571135484
Training loss on iteration 1140 = 0.062946961610578
Training loss on iteration 1160 = 0.012448481505271048
Training loss on iteration 1180 = 0.013802863218006677
Training loss on iteration 1200 = 0.012092606957594398
Training loss on iteration 1220 = 0.018780299125501186
Training loss on iteration 1240 = 0.013798777975898702
Training loss on iteration 1260 = 0.02654468552718754
Training loss on iteration 1280 = 0.054774161873501724
Training loss on iteration 1300 = 0.04805050246650353
Training loss on iteration 1320 = 0.03401266103901435
Training loss on iteration 1340 = 0.03817399408726487
Training loss on iteration 1360 = 0.01914329253777396
Training loss on iteration 1380 = 0.03767799746619858
Training loss on iteration 1400 = 0.011591168760787696
Training loss on iteration 1420 = 0.04756829041725723
Training loss on iteration 1440 = 0.08319376942527015
Training loss on iteration 1460 = 0.09622970836935565
Training loss on iteration 1480 = 0.06633209314895794
Training loss on iteration 1500 = 0.04708997255656868
Training loss on iteration 1520 = 0.018367815233796138
Training loss on iteration 1540 = 0.022675127709226216
Training loss on iteration 1560 = 0.018589093175978632
Training loss on iteration 1580 = 0.048161050355338374
Training loss on iteration 1600 = 0.021541780658299103
Training loss on iteration 1620 = 0.027512199223565403
Training loss on iteration 1640 = 0.02772552947717486
Training loss on iteration 1660 = 0.07076377515477361
Training loss on iteration 1680 = 0.010671855628606864
Training loss on iteration 1700 = 0.035038911662559256
Training loss on iteration 1720 = 0.026337476180196974
Training loss on iteration 1740 = 0.03989638550410746
Training loss on iteration 1760 = 0.019575925708340946
Training loss on iteration 1780 = 0.0207811927102739
Training loss on iteration 1800 = 0.023404647067582118
Training loss on iteration 1820 = 0.010584172925155145
Training loss on iteration 1840 = 0.044268314814326006
Training loss on iteration 1860 = 0.0151199235850072
Training loss on iteration 1880 = 0.05593472105974797
Training loss on iteration 1900 = 0.049635731663147456
Training loss on iteration 1920 = 0.018848207339760847
Training loss on iteration 1940 = 0.05259467352298088
Training loss on iteration 1960 = 0.024259369124774822
Training loss on iteration 1980 = 0.012805380404461175
Training loss on iteration 2000 = 0.04772440729648224
Training loss on iteration 2020 = 0.02524166472867364
Training loss on iteration 2040 = 0.015788290161071927
Training loss on iteration 2060 = 0.021126047413054037
Training loss on iteration 2080 = 0.09073645567405038
Training loss on iteration 2100 = 0.03650040329666808
Training loss on iteration 2120 = 0.017615484328416642
Training loss on iteration 2140 = 0.03539585904909472
Training loss on iteration 2160 = 0.05097561848524492
Training loss on iteration 2180 = 0.027720166443032213
Training loss on iteration 2200 = 0.035261742255534044
Training loss on iteration 2220 = 0.03274040875112405
Training loss on iteration 2240 = 0.06914611760876141
Training loss on iteration 2260 = 0.08246619064011611
Training loss on iteration 2280 = 0.022454837150871754
Training loss on iteration 2300 = 0.029410857293987645
Training loss on iteration 2320 = 0.03402596013766015
Training loss on iteration 2340 = 0.03993191632616799
Training loss on iteration 2360 = 0.06031164606683888
Training loss on iteration 2380 = 0.02109674384118989
Training loss on iteration 2400 = 0.03055593360622879
Training loss on iteration 2420 = 0.04093124062201241
Training loss on iteration 2440 = 0.045412612929067106
Training loss on iteration 2460 = 0.06343102873943281
Training loss on iteration 2480 = 0.10332972214673646
Training loss on iteration 2500 = 0.06419502391363494
Training loss on iteration 2520 = 0.04864783953526057
Training loss on iteration 2540 = 0.050859445857349785
Training loss on iteration 2560 = 0.02549279758823104
Training loss on iteration 2580 = 0.025134064073790797
Training loss on iteration 2600 = 0.048295549958129416
Training loss on iteration 2620 = 0.011305695344344713
Training loss on iteration 2640 = 0.004948368389159441
Training loss on iteration 2660 = 0.019537455451063578
Training loss on iteration 2680 = 0.008428724193800008
Training loss on iteration 2700 = 0.03329772227771173
Training loss on iteration 2720 = 0.024973565051186596
Training loss on iteration 2740 = 0.030964671492984052
Training loss on iteration 2760 = 0.016355937509797514
Training loss on iteration 2780 = 0.011931161638494813
Training loss on iteration 2800 = 0.037351638038853704
Training loss on iteration 2820 = 0.03146418219403131
Training loss on iteration 2840 = 0.03836359585548053
Training loss on iteration 2860 = 0.03367389073828235
Training loss on iteration 2880 = 0.0217799811885925
Training loss on iteration 2900 = 0.0500894179174793
Training loss on iteration 2920 = 0.03092426177827292
Training loss on iteration 2940 = 0.023291558379423805
Training loss on iteration 2960 = 0.012831013438699301
Training loss on iteration 2980 = 0.047751176926249174
Training loss on iteration 3000 = 0.05476290226215497
Training loss on iteration 3020 = 0.031627953494898976
Training loss on iteration 3040 = 0.04366624696995132
Training loss on iteration 3060 = 0.07091068074514624
Training loss on iteration 3080 = 0.01797052035690285
Training loss on iteration 3100 = 0.01098667116384604
Training loss on iteration 3120 = 0.02653015729993058
Training loss on iteration 3140 = 0.02873246733797714
Training loss on iteration 3160 = 0.03387045005147229
Training loss on iteration 3180 = 0.016225647265673614
Training loss on iteration 3200 = 0.00801378952783125
Training loss on iteration 3220 = 0.002301722256379435
Training loss on iteration 3240 = 0.004754227495322993
Training loss on iteration 3260 = 0.01087143161066706
Training loss on iteration 3280 = 0.015670344874251896
Training loss on iteration 3300 = 0.002357765739361639
Training loss on iteration 3320 = 0.010683453750471018
Training loss on iteration 3340 = 0.006869399151582911
Training loss on iteration 3360 = 0.02109367258221937
Training loss on iteration 3380 = 0.04412527849035541
Training loss on iteration 3400 = 0.010668626317783491
Training loss on iteration 3420 = 0.0216137144183449
Training loss on iteration 3440 = 0.016543822435778566
Training loss on iteration 3460 = 0.004764958632586058
Training loss on iteration 3480 = 0.016943676980008603
Training loss on iteration 3500 = 0.05019451330717857
Training loss on iteration 3520 = 0.012081909132757574
Training loss on iteration 3540 = 0.055871306687186005
Training loss on iteration 3560 = 0.02728972553886706
Training loss on iteration 3580 = 0.030016523983795194
Training loss on iteration 3600 = 0.0032638293960189912
Training loss on iteration 3620 = 0.0034019332015304826
Training loss on iteration 3640 = 0.015001186264271382
Training loss on iteration 3660 = 0.043291308178049805
Training loss on iteration 3680 = 0.0499513714632485
Training loss on iteration 3700 = 0.02565082371365861
Training loss on iteration 3720 = 0.01808025035134051
Training loss on iteration 3740 = 0.020817152671224904
Training loss on iteration 3760 = 0.010985006276678177
Training loss on iteration 3780 = 0.030891125384368934
Training loss on iteration 3800 = 0.01387067400246451
Training loss on iteration 3820 = 0.031847868418844884
Training loss on iteration 3840 = 0.004762530911466456
Training loss on iteration 3860 = 0.004697608465357916
Training loss on iteration 3880 = 0.03568155780776579
Training loss on iteration 3900 = 0.00879568733216729
Training loss on iteration 3920 = 0.010864016829509637
Training loss on iteration 3940 = 0.024058735250946484
Training loss on iteration 3960 = 0.020670409251761158
Training loss on iteration 3980 = 0.013320471089537022
Training loss on iteration 4000 = 0.020827735077182295
Training loss on iteration 4020 = 0.011840421133456402
Training loss on iteration 4040 = 0.015504774247165187
Training loss on iteration 4060 = 0.02435423117640312
Training loss on iteration 4080 = 0.026323963348113467
Training loss on iteration 4100 = 0.026007752705481835
Training loss on iteration 4120 = 0.029100645414291648
Training loss on iteration 4140 = 0.04739890041673789
Training loss on iteration 4160 = 0.040275916767132006
Training loss on iteration 4180 = 0.015326412665308453
Training loss on iteration 4200 = 0.0188924393223715
Training loss on iteration 4220 = 0.006203174121037591
Training loss on iteration 4240 = 0.010413005325972335
Training loss on iteration 4260 = 0.0019233995115428115
Training loss on iteration 4280 = 0.006299746582226362
Training loss on iteration 4300 = 0.005379306223585445
Training loss on iteration 4320 = 0.1004220750884997
Training loss on iteration 4340 = 0.04774859231838491
Training loss on iteration 4360 = 0.014457358211075189
Training loss on iteration 4380 = 0.043331615951319694
Training loss on iteration 4400 = 0.01941999478440266
Training loss on iteration 4420 = 0.019316683343640763
Training loss on iteration 4440 = 0.03316430458235118
Training loss on iteration 4460 = 0.016094835470721592
Training loss on iteration 4480 = 0.09013667720573722
Training loss on iteration 4500 = 0.018891562885255554
Training loss on iteration 4520 = 0.0252480983705027
Training loss on iteration 4540 = 0.011805095480121963
Training loss on iteration 4560 = 0.046032299992293704
Training loss on iteration 4580 = 0.002429444756853627
Training loss on iteration 4600 = 0.037614219497481824
Training loss on iteration 4620 = 0.022295652157117728
Training loss on iteration 4640 = 0.037943110555352176
Training loss on iteration 4660 = 0.025992230702831874
Training loss on iteration 4680 = 0.058381329453550276
Training loss on iteration 4700 = 0.03016644745366648
Training loss on iteration 4720 = 0.044561110698850825
Training loss on iteration 4740 = 0.027785289715393447
Training loss on iteration 4760 = 0.008459092339035124
Training loss on iteration 4780 = 0.010212716181194991
Training loss on iteration 4800 = 0.021530464156467134
Training loss on iteration 4820 = 0.026137398270748236
Training loss on iteration 4840 = 0.012345450177235762
Training loss on iteration 4860 = 0.024178698817195254
Training loss on iteration 4880 = 0.039700533352879576
Training loss on iteration 4900 = 0.012692602740207804
Training loss on iteration 4920 = 0.07074805389274844
Training loss on iteration 4940 = 0.03281038672357681
Training loss on iteration 4960 = 0.011204779277613852
Training loss on iteration 4980 = 0.03469317398084968
Training loss on iteration 5000 = 0.004101514475769364
Training loss on iteration 5020 = 0.0021186207908613142
Training loss on iteration 5040 = 0.0034864278764871414
Training loss on iteration 5060 = 0.02683459446525376
Training loss on iteration 5080 = 0.0013711411387703266
Training loss on iteration 5100 = 0.018780274355594883
Training loss on iteration 5120 = 0.02743618447002518
Training loss on iteration 5140 = 0.006804056902910816
Training loss on iteration 5160 = 0.02985151706270699
Training loss on iteration 5180 = 0.05433821150763833
Training loss on iteration 5200 = 0.038638883613748475
Training loss on iteration 5220 = 0.016012396139558405
Training loss on iteration 5240 = 0.03528951087209862
Training loss on iteration 5260 = 0.02931644564814633
Training loss on iteration 5280 = 0.020316595257463634
Training loss on iteration 5300 = 0.01943337692791829
Training loss on iteration 5320 = 0.03027380215062294
Training loss on iteration 5340 = 0.02294017351596267
Training loss on iteration 5360 = 0.015999505901709198
Training loss on iteration 5380 = 0.010786485463268037
Training loss on iteration 5400 = 0.021236720085198613
Training loss on iteration 5420 = 0.013327554824354593
Training loss on iteration 5440 = 0.041888124130309734
Training loss on iteration 5460 = 0.030022551110596395
Training loss on iteration 5480 = 0.016388994182489115
Training loss on iteration 5500 = 0.026846675028173193
Training loss on iteration 5520 = 0.059421624803417214
Training loss on iteration 5540 = 0.016361977637279777
Training loss on iteration 5560 = 0.030515449948507013
Training loss on iteration 5580 = 0.040182039723913474
Training loss on iteration 5600 = 0.02971423781309568
### EVAL:: Epoch 6:: Loss = 0.0022361282658803342 :: ACC = 0.9993815161689344, AUC = 0.999971490382563, EER = 0.0007068386640749249
Training on epoch 7
Training loss on iteration 0 = 0.004301040433347225
Training loss on iteration 20 = 0.02499884852786636
Training loss on iteration 40 = 0.017665027120710875
Training loss on iteration 60 = 0.02135050891743049
Training loss on iteration 80 = 0.0034341348961334007
Training loss on iteration 100 = 0.03300272768783543
Training loss on iteration 120 = 0.029729234201795407
Training loss on iteration 140 = 0.021710513535072095
Training loss on iteration 160 = 0.04751417218940333
Training loss on iteration 180 = 0.01766607582467259
Training loss on iteration 200 = 0.0024920156818552643
Training loss on iteration 220 = 0.0003640685083155404
Training loss on iteration 240 = 0.00014047372669665493
Training loss on iteration 260 = 0.0014838684610822383
Training loss on iteration 280 = 0.07498700624555568
Training loss on iteration 300 = 0.041014121344778685
Training loss on iteration 320 = 0.032674213286372836
Training loss on iteration 340 = 0.020591293254619815
Training loss on iteration 360 = 0.009912204019792625
Training loss on iteration 380 = 0.042701415885107966
Training loss on iteration 400 = 0.09533942640628083
Training loss on iteration 420 = 0.04539605953032151
Training loss on iteration 440 = 0.0026092537329532204
Training loss on iteration 460 = 0.01567898599751061
Training loss on iteration 480 = 0.010325623068638379
Training loss on iteration 500 = 0.003909483715688111
Training loss on iteration 520 = 0.010406325117219239
Training loss on iteration 540 = 0.02898289202239539
Training loss on iteration 560 = 0.02424865493539983
Training loss on iteration 580 = 0.04248879030674289
Training loss on iteration 600 = 0.011393383324320893
Training loss on iteration 620 = 0.018837534188787686
Training loss on iteration 640 = 0.005077687146695098
Training loss on iteration 660 = 0.01912696345261793
Training loss on iteration 680 = 0.06508064175395703
Training loss on iteration 700 = 0.03131038789288141
Training loss on iteration 720 = 0.00971711889578728
Training loss on iteration 740 = 0.009605819888383849
Training loss on iteration 760 = 0.02160864530305844
Training loss on iteration 780 = 0.0401776006212458
Training loss on iteration 800 = 0.041223252132476775
Training loss on iteration 820 = 0.034971768016112036
Training loss on iteration 840 = 0.03664133441634476
Training loss on iteration 860 = 0.01850189371762099
Training loss on iteration 880 = 0.011907737155706855
Training loss on iteration 900 = 0.10950276225048583
Training loss on iteration 920 = 0.03890224697533995
Training loss on iteration 940 = 0.03384529198810924
Training loss on iteration 960 = 0.06821765982895159
Training loss on iteration 980 = 0.014983117376687005
Training loss on iteration 1000 = 0.017506457507261076
Training loss on iteration 1020 = 0.016285845861420966
Training loss on iteration 1040 = 0.04118119471204409
Training loss on iteration 1060 = 0.03680327907786705
Training loss on iteration 1080 = 0.00312475653772708
Training loss on iteration 1100 = 0.042973322090983854
Training loss on iteration 1120 = 0.021703343823173783
Training loss on iteration 1140 = 0.00941042779086274
Training loss on iteration 1160 = 0.0013818119095958536
Training loss on iteration 1180 = 0.008992608004518843
Training loss on iteration 1200 = 0.017571484011386928
Training loss on iteration 1220 = 0.015301541976259613
Training loss on iteration 1240 = 0.005519325833211042
Training loss on iteration 1260 = 0.0021274415687003055
Training loss on iteration 1280 = 0.008365536490009618
Training loss on iteration 1300 = 0.0679615566989014
Training loss on iteration 1320 = 0.025421510948217475
Training loss on iteration 1340 = 0.029267871312913484
Training loss on iteration 1360 = 0.007181988075899426
Training loss on iteration 1380 = 0.0017531107063405217
Training loss on iteration 1400 = 0.020668891122295464
Training loss on iteration 1420 = 0.001935373413562047
Training loss on iteration 1440 = 0.015068308484569571
Training loss on iteration 1460 = 0.00909209231922432
Training loss on iteration 1480 = 0.027945748259026005
Training loss on iteration 1500 = 0.031013444052950943
Training loss on iteration 1520 = 0.036343112012582425
Training loss on iteration 1540 = 0.03145243127073627
Training loss on iteration 1560 = 0.02688254907116061
Training loss on iteration 1580 = 0.022875817533349618
Training loss on iteration 1600 = 0.008580864894611295
Training loss on iteration 1620 = 0.0449655133736087
Training loss on iteration 1640 = 0.06065296891174512
Training loss on iteration 1660 = 0.04246690414147451
Training loss on iteration 1680 = 0.08796567369136028
Training loss on iteration 1700 = 0.018632703546609265
Training loss on iteration 1720 = 0.04068824235873762
Training loss on iteration 1740 = 0.07672334954841062
Training loss on iteration 1760 = 0.030127143254503608
Training loss on iteration 1780 = 0.12679881285584998
Training loss on iteration 1800 = 0.10737699222518131
Training loss on iteration 1820 = 0.05380079442402348
Training loss on iteration 1840 = 0.020526273373980074
Training loss on iteration 1860 = 0.0640537546860287
Training loss on iteration 1880 = 0.028883278788998722
Training loss on iteration 1900 = 0.025891792599577457
Training loss on iteration 1920 = 0.017483588197501378
Training loss on iteration 1940 = 0.016262705434928647
Training loss on iteration 1960 = 0.03671319169952767
Training loss on iteration 1980 = 0.010097423729894217
Training loss on iteration 2000 = 0.02253934816835681
Training loss on iteration 2020 = 0.00451915797930269
Training loss on iteration 2040 = 0.004588282149779843
Training loss on iteration 2060 = 0.000882978879235452
Training loss on iteration 2080 = 0.0011696653334183793
Training loss on iteration 2100 = 0.0030941269099457715
Training loss on iteration 2120 = 0.028203515800987587
Training loss on iteration 2140 = 0.03190360262042304
Training loss on iteration 2160 = 0.06810860456280352
Training loss on iteration 2180 = 0.04738285908533726
Training loss on iteration 2200 = 0.023275040660519154
Training loss on iteration 2220 = 0.03428570191099425
Training loss on iteration 2240 = 0.050711654033511876
Training loss on iteration 2260 = 0.022843366822053214
Training loss on iteration 2280 = 0.012772722840600182
Training loss on iteration 2300 = 0.006268119018568541
Training loss on iteration 2320 = 0.005907469863905135
Training loss on iteration 2340 = 0.023673408441027277
Training loss on iteration 2360 = 0.022153052511293937
Training loss on iteration 2380 = 0.0629068011576237
Training loss on iteration 2400 = 0.026409159597824326
Training loss on iteration 2420 = 0.01702244350453839
Training loss on iteration 2440 = 0.02078011720877839
Training loss on iteration 2460 = 0.012998470614547841
Training loss on iteration 2480 = 0.008986853471287758
Training loss on iteration 2500 = 0.028924828647086544
Training loss on iteration 2520 = 0.012747792688605842
Training loss on iteration 2540 = 0.008685157242871356
Training loss on iteration 2560 = 0.025732666023031925
Training loss on iteration 2580 = 0.008570101998338941
Training loss on iteration 2600 = 0.02108075105224998
Training loss on iteration 2620 = 0.06892669899461908
Training loss on iteration 2640 = 0.013503064407268539
Training loss on iteration 2660 = 0.016393713893194217
Training loss on iteration 2680 = 0.02286866112262942
Training loss on iteration 2700 = 0.08225183489266782
Training loss on iteration 2720 = 0.014453074883203954
Training loss on iteration 2740 = 0.024731522011279594
Training loss on iteration 2760 = 0.004639069299446419
Training loss on iteration 2780 = 0.03193177963839844
Training loss on iteration 2800 = 0.019006865319170174
Training loss on iteration 2820 = 0.020297986215155106
Training loss on iteration 2840 = 0.01698225061481935
Training loss on iteration 2860 = 0.023196361182635884
Training loss on iteration 2880 = 0.024100381036987528
Training loss on iteration 2900 = 0.007455862999540841
Training loss on iteration 2920 = 0.0069072885878995295
Training loss on iteration 2940 = 0.01752871871535717
Training loss on iteration 2960 = 0.019899482891923982
Training loss on iteration 2980 = 0.012299936652379984
Training loss on iteration 3000 = 0.07890767727212733
Training loss on iteration 3020 = 0.009388136653888069
Training loss on iteration 3040 = 0.007100423722295091
Training loss on iteration 3060 = 0.05031628044707759
Training loss on iteration 3080 = 0.09699951521179173
Training loss on iteration 3100 = 0.05608149934269022
Training loss on iteration 3120 = 0.036753884621430186
Training loss on iteration 3140 = 0.060816610432812016
Training loss on iteration 3160 = 0.04107300006435253
Training loss on iteration 3180 = 0.04384097782312892
Training loss on iteration 3200 = 0.03169056334299967
Training loss on iteration 3220 = 0.01408856433336041
Training loss on iteration 3240 = 0.022168974214582703
Training loss on iteration 3260 = 0.012834153916992363
Training loss on iteration 3280 = 0.009406388143543155
Training loss on iteration 3300 = 0.010991605694289319
Training loss on iteration 3320 = 0.02063013594261065
Training loss on iteration 3340 = 0.02109047546346119
Training loss on iteration 3360 = 0.028444273926652386
Training loss on iteration 3380 = 0.0635967541462378
Training loss on iteration 3400 = 0.013628920764676877
Training loss on iteration 3420 = 0.032784266499220394
Training loss on iteration 3440 = 0.01655552151496522
Training loss on iteration 3460 = 0.0036124436868703925
Training loss on iteration 3480 = 0.012525091626594076
Training loss on iteration 3500 = 0.020441822524298915
Training loss on iteration 3520 = 0.023473942960481508
Training loss on iteration 3540 = 0.011398657863901462
Training loss on iteration 3560 = 0.011410876171430573
Training loss on iteration 3580 = 0.0306711745877692
Training loss on iteration 3600 = 0.012066878987207019
Training loss on iteration 3620 = 0.013068001403280505
Training loss on iteration 3640 = 0.01596371120540425
Training loss on iteration 3660 = 0.00697092599075404
Training loss on iteration 3680 = 0.029400779892296214
Training loss on iteration 3700 = 0.053720425744177194
Training loss on iteration 3720 = 0.008079128076497
Training loss on iteration 3740 = 0.042878985764673416
Training loss on iteration 3760 = 0.02359425432732678
Training loss on iteration 3780 = 0.024899958429159597
Training loss on iteration 3800 = 0.002843480263982201
Training loss on iteration 3820 = 0.03411912444562404
Training loss on iteration 3840 = 0.0574780988645216
Training loss on iteration 3860 = 0.015742111223516986
Training loss on iteration 3880 = 0.03794665270979749
Training loss on iteration 3900 = 0.03751837915770011
Training loss on iteration 3920 = 0.033007271821043106
Training loss on iteration 3940 = 0.02525236155343009
Training loss on iteration 3960 = 0.018874310887622415
Training loss on iteration 3980 = 0.01722870677986066
Training loss on iteration 4000 = 0.029049934180511626
Training loss on iteration 4020 = 0.0044401136103260795
Training loss on iteration 4040 = 0.00351660539945442
Training loss on iteration 4060 = 0.010084649756390719
Training loss on iteration 4080 = 0.0009577122040354879
Training loss on iteration 4100 = 0.040015635097643096
Training loss on iteration 4120 = 0.016258273434141303
Training loss on iteration 4140 = 0.019370998912563664
Training loss on iteration 4160 = 0.008825515269563766
Training loss on iteration 4180 = 0.024874182737767113
Training loss on iteration 4200 = 0.03193346784105415
Training loss on iteration 4220 = 0.0062495548479091665
Training loss on iteration 4240 = 0.01667295481211113
Training loss on iteration 4260 = 0.061020314545794464
Training loss on iteration 4280 = 0.008897226089902687
Training loss on iteration 4300 = 0.019737027570590725
Training loss on iteration 4320 = 0.012987427418556763
Training loss on iteration 4340 = 0.026282273216202155
Training loss on iteration 4360 = 0.01203774515488476
Training loss on iteration 4380 = 0.007736829798932377
Training loss on iteration 4400 = 0.026272943837193453
Training loss on iteration 4420 = 0.024974087722966942
Training loss on iteration 4440 = 0.009187932210261351
Training loss on iteration 4460 = 0.015833127444602725
Training loss on iteration 4480 = 0.012536208706751494
Training loss on iteration 4500 = 0.03039864828597274
Training loss on iteration 4520 = 0.024938057777399082
Training loss on iteration 4540 = 0.022130742113586167
Training loss on iteration 4560 = 0.0035038227861150517
Training loss on iteration 4580 = 0.0020407894273375858
Training loss on iteration 4600 = 0.04649980369208606
Training loss on iteration 4620 = 0.019383762634242886
Training loss on iteration 4640 = 0.026820629532448948
Training loss on iteration 4660 = 0.0362162434408674
Training loss on iteration 4680 = 0.017896621276850055
Training loss on iteration 4700 = 0.0061012662470602665
Training loss on iteration 4720 = 0.01609807260938396
Training loss on iteration 4740 = 0.00245637375919614
Training loss on iteration 4760 = 0.011435188852192368
Training loss on iteration 4780 = 0.0038624180349415838
Training loss on iteration 4800 = 0.03644780284139415
Training loss on iteration 4820 = 0.008371182506380137
Training loss on iteration 4840 = 0.04037683229853428
Training loss on iteration 4860 = 0.04217950876627583
Training loss on iteration 4880 = 0.048878720533684826
Training loss on iteration 4900 = 0.02128847697749734
Training loss on iteration 4920 = 0.01947760169423418
Training loss on iteration 4940 = 0.010357946754083969
Training loss on iteration 4960 = 0.0027328197265887866
Training loss on iteration 4980 = 0.01362459418214712
Training loss on iteration 5000 = 0.00678589605331581
Training loss on iteration 5020 = 0.00478173294050066
Training loss on iteration 5040 = 0.0006405222614375816
Training loss on iteration 5060 = 0.0026061461668064113
Training loss on iteration 5080 = 0.008411516236185435
Training loss on iteration 5100 = 0.00970499264077489
Training loss on iteration 5120 = 0.0020856637544511615
Training loss on iteration 5140 = 0.0028817605184713103
Training loss on iteration 5160 = 0.013979744363268765
Training loss on iteration 5180 = 0.030680636768101975
Training loss on iteration 5200 = 0.0166092625586316
Training loss on iteration 5220 = 0.06230448442765919
Training loss on iteration 5240 = 0.023151001487713076
Training loss on iteration 5260 = 0.0032370260152674744
Training loss on iteration 5280 = 0.005029030680816504
Training loss on iteration 5300 = 0.0323912960531743
Training loss on iteration 5320 = 0.06494742150134698
Training loss on iteration 5340 = 0.05742086276877671
Training loss on iteration 5360 = 0.009709475398994982
Training loss on iteration 5380 = 0.0096926734506269
Training loss on iteration 5400 = 0.07451122451893752
Training loss on iteration 5420 = 0.017159438613452947
Training loss on iteration 5440 = 0.01015384805505164
Training loss on iteration 5460 = 0.03175845473742811
Training loss on iteration 5480 = 0.027160064686904663
Training loss on iteration 5500 = 0.01762126117537264
Training loss on iteration 5520 = 0.01044642875349382
Training loss on iteration 5540 = 0.03639126264097285
Training loss on iteration 5560 = 0.01477985530946171
Training loss on iteration 5580 = 0.021744086462422273
Training loss on iteration 5600 = 0.05252634838925587
