>> activated env: /project/home/p201284/guo/xmad-bench-repro/venv/bin/activate  (Python 3.13.12)
>> torch 2.12.0+cu132 | CUDA available: True
Applying resumable-training patch...
  already patched: /project/home/p201284/guo/xmad-bench-repro/detection/trainer.py
  trainer.py is valid Python.
Done. Killed runs now continue from their last completed epoch.
>> Generating configs for: en  (models: resnet50, tag=en_resnet50_r02, GPU=2)
Wrote 1 configs to /project/home/p201284/guo/xmad-bench-repro/repro_tools/stepB/configs_en_resnet50_r02/  (languages: en)
>> single-repeat mode: this process runs ONLY repeat r02
root_path: /project/home/p201284/guo/xmad_data/
multilingual: True  model check for config: /project/home/p201284/guo/xmad-bench-repro/repro_tools/stepB/configs_en_resnet50_r02/config_en_resnet50.json

  OK  commonvoice-en       rows=96368    sep=','
  OK  mailabs-en           rows=39690    sep=','

PRE-FLIGHT PASSED — data layout looks correct for this config.

=== RUN en_resnet50_r02 (model=resnet50) ===
commonvoice-en
commonvoice-en
Training on epoch 1
Training loss on iteration 0 = 0.6889297962188721
Training loss on iteration 20 = 0.20976789221167563
Training loss on iteration 40 = 0.0771764169447124
Training loss on iteration 60 = 0.07088259635493159
Training loss on iteration 80 = 0.04694002913311124
Training loss on iteration 100 = 0.038765523862093684
Training loss on iteration 120 = 0.03648682574275881
Training loss on iteration 140 = 0.041268381453119216
Training loss on iteration 160 = 0.038243004307150844
Training loss on iteration 180 = 0.027999409951735287
Training loss on iteration 200 = 0.021117915399372578
Training loss on iteration 220 = 0.018684285145718606
Training loss on iteration 240 = 0.019797081302385777
Training loss on iteration 260 = 0.013415153871028452
Training loss on iteration 280 = 0.02142873879056424
Training loss on iteration 300 = 0.011232961982022971
Training loss on iteration 320 = 0.013261924966354855
Training loss on iteration 340 = 0.00810716972046066
Training loss on iteration 360 = 0.008744854869291885
Training loss on iteration 380 = 0.021789758969680405
Training loss on iteration 400 = 0.011954738927306608
Training loss on iteration 420 = 0.011187848739791662
Training loss on iteration 440 = 0.007506285668932832
Training loss on iteration 460 = 0.0047193988270009864
Training loss on iteration 480 = 0.006452732504112646
Training loss on iteration 500 = 0.013514711485913721
Training loss on iteration 520 = 0.01358302173030097
Training loss on iteration 540 = 0.013680418563308195
Training loss on iteration 560 = 0.007679869438288733
Training loss on iteration 580 = 0.01560498288308736
Training loss on iteration 600 = 0.00886215416903724
Training loss on iteration 620 = 0.010948149736213964
### EVAL:: Epoch 1:: Loss = 0.0062147837192116405 :: ACC = 0.9980812429801572, AUC = 0.9999828906116291, EER = 0.0016847622613253464
Training on epoch 2
Training loss on iteration 0 = 0.002416021190583706
Training loss on iteration 20 = 0.006512100040708901
Training loss on iteration 40 = 0.004177107464056462
Training loss on iteration 60 = 0.008388935524271801
Training loss on iteration 80 = 0.006505273515358567
Training loss on iteration 100 = 0.009917637999751604
Training loss on iteration 120 = 0.007199918008700479
Training loss on iteration 140 = 0.007510072855802718
Training loss on iteration 160 = 0.00917153646951192
Training loss on iteration 180 = 0.0044305997507763095
Training loss on iteration 200 = 0.008432929203263485
Training loss on iteration 220 = 0.004314428896032041
Training loss on iteration 240 = 0.004212836315491586
Training loss on iteration 260 = 0.006221392113548063
Training loss on iteration 280 = 0.005699435369751882
Training loss on iteration 300 = 0.007494093990680994
Training loss on iteration 320 = 0.013707855686016046
Training loss on iteration 340 = 0.003967710466986319
Training loss on iteration 360 = 0.0023096025270206155
Training loss on iteration 380 = 0.004491719664883931
Training loss on iteration 400 = 0.012827083273441531
Training loss on iteration 420 = 0.010564152251754421
Training loss on iteration 440 = 0.009963214214076288
Training loss on iteration 460 = 0.006257800359162502
Training loss on iteration 480 = 0.009489315622340655
Training loss on iteration 500 = 0.008064780531276483
Training loss on iteration 520 = 0.005258989684261905
Training loss on iteration 540 = 0.005569508305052295
Training loss on iteration 560 = 0.004583550698407634
Training loss on iteration 580 = 0.005587828556599561
Training loss on iteration 600 = 0.003148876270643086
Training loss on iteration 620 = 0.00885204214391706
### EVAL:: Epoch 2:: Loss = 0.00399489592242823 :: ACC = 0.9986896293523025, AUC = 0.9999935084194661, EER = 0.001216772744290528
Training on epoch 3
Training loss on iteration 0 = 0.004904322326183319
Training loss on iteration 20 = 0.003832272966246819
Training loss on iteration 40 = 0.0034597988298628478
Training loss on iteration 60 = 0.0036313766135208426
Training loss on iteration 80 = 0.0055378896037609595
Training loss on iteration 100 = 0.0064110321232874416
Training loss on iteration 120 = 0.00930593513767235
Training loss on iteration 140 = 0.002987219062197255
Training loss on iteration 160 = 0.0008650776205286093
Training loss on iteration 180 = 0.009001857568819105
Training loss on iteration 200 = 0.00821576446905965
Training loss on iteration 220 = 0.004498002893888043
Training loss on iteration 240 = 0.0030487624258967116
Training loss on iteration 260 = 0.0013111497502904968
Training loss on iteration 280 = 0.001989349170253263
Training loss on iteration 300 = 0.0018244005766518967
Training loss on iteration 320 = 0.0028861555856565246
Training loss on iteration 340 = 0.0028265945381463096
Training loss on iteration 360 = 0.00472178524651099
Training loss on iteration 380 = 0.005237524693984597
Training loss on iteration 400 = 0.008265766333602187
Training loss on iteration 420 = 0.005961282363568898
Training loss on iteration 440 = 0.003596316832818047
Training loss on iteration 460 = 0.004861348937538423
Training loss on iteration 480 = 0.006097988551573508
Training loss on iteration 500 = 0.0007727177500783001
Training loss on iteration 520 = 0.0017620809219806687
Training loss on iteration 540 = 0.002625391241690522
Training loss on iteration 560 = 0.0019320171139725062
Training loss on iteration 580 = 0.003550102690070389
Training loss on iteration 600 = 0.00283534456129928
Training loss on iteration 620 = 0.0044612470675929215
### EVAL:: Epoch 3:: Loss = 0.003819684699449113 :: ACC = 0.9984088356420816, AUC = 0.9999998247886496, EER = 0.00018719580681392738
Training on epoch 4
Training loss on iteration 0 = 3.493608164717443e-05
Training loss on iteration 20 = 0.004564376732014352
Training loss on iteration 40 = 0.0012464799407098325
Training loss on iteration 60 = 0.005858878760591324
Training loss on iteration 80 = 0.006580942987693561
Training loss on iteration 100 = 0.009682600619998993
Training loss on iteration 120 = 0.004867669634404592
Training loss on iteration 140 = 0.004421815271052764
Training loss on iteration 160 = 0.0017119227938565019
Training loss on iteration 180 = 0.0033594938742680823
Training loss on iteration 200 = 0.004726444855987211
Training loss on iteration 220 = 0.00362383599695022
Training loss on iteration 240 = 0.005369845627865288
Training loss on iteration 260 = 0.0052680347740533765
Training loss on iteration 280 = 0.003252035662808339
Training loss on iteration 300 = 0.0033498023969514177
Training loss on iteration 320 = 0.00762570596052683
Training loss on iteration 340 = 0.0034259213871337124
Training loss on iteration 360 = 0.003567660754561075
Training loss on iteration 380 = 0.010921793539000645
Training loss on iteration 400 = 0.00456176897714613
Training loss on iteration 420 = 0.01884831255629251
Training loss on iteration 440 = 0.008830560845672153
Training loss on iteration 460 = 0.01320159794522624
Training loss on iteration 480 = 0.004405089587089605
Training loss on iteration 500 = 0.00461047159624286
Training loss on iteration 520 = 0.00254683931634645
Training loss on iteration 540 = 0.002665596731094411
Training loss on iteration 560 = 0.005697422061712132
Training loss on iteration 580 = 0.004547170078876661
Training loss on iteration 600 = 0.002865754548292898
Training loss on iteration 620 = 0.0013682253028491687
### EVAL:: Epoch 4:: Loss = 0.0011387754418123437 :: ACC = 0.9996256083863722, AUC = 0.9999998598309197, EER = 0.00018719580681392738
Training on epoch 5
Training loss on iteration 0 = 0.0006901801680214703
Training loss on iteration 20 = 0.006539615659130504
Training loss on iteration 40 = 0.0034260991227256453
Training loss on iteration 60 = 0.006498953256505046
Training loss on iteration 80 = 0.0023840017787733815
Training loss on iteration 100 = 0.00043243430768598047
Training loss on iteration 120 = 0.005961912204293185
Training loss on iteration 140 = 0.002360172106762093
Training loss on iteration 160 = 0.002423418614171169
Training loss on iteration 180 = 0.001450968078825099
Training loss on iteration 200 = 0.000989645305708109
Training loss on iteration 220 = 0.0017682092432551144
Training loss on iteration 240 = 0.003063786231996346
Training loss on iteration 260 = 0.0022460143341049843
Training loss on iteration 280 = 0.0022889112728989858
Training loss on iteration 300 = 0.0016569239574437233
Training loss on iteration 320 = 0.0002019542327502677
Training loss on iteration 340 = 0.00044778484445942015
Training loss on iteration 360 = 0.0030879987080453474
Training loss on iteration 380 = 0.0007703704740265494
Training loss on iteration 400 = 0.002435866420819366
Training loss on iteration 420 = 0.007992377894561286
Training loss on iteration 440 = 0.0064769999546115285
Training loss on iteration 460 = 0.0065138867695168304
Training loss on iteration 480 = 0.004661016108002514
Training loss on iteration 500 = 0.002990026406769175
Training loss on iteration 520 = 0.0016195724211684136
Training loss on iteration 540 = 0.0015806977470219862
Training loss on iteration 560 = 0.0020041823414430836
Training loss on iteration 580 = 0.0012521473237939063
Training loss on iteration 600 = 0.0012813046363305603
Training loss on iteration 620 = 0.0004076990113844658
### EVAL:: Epoch 5:: Loss = 0.0005981566800155915 :: ACC = 0.9998596031448895, AUC = 0.999999798506947, EER = 9.359790340696369e-05
Training on epoch 6
Training loss on iteration 0 = 2.2767421796743292e-06
Training loss on iteration 20 = 0.002787597361373173
Training loss on iteration 40 = 0.0025240773150471798
Training loss on iteration 60 = 0.006277941239204665
Training loss on iteration 80 = 0.004194134812541961
Training loss on iteration 100 = 0.0037367188482676284
Training loss on iteration 120 = 0.008552811562276474
Training loss on iteration 140 = 0.003138463530694935
Training loss on iteration 160 = 0.007133614944496003
Training loss on iteration 180 = 0.0036615753426303852
Training loss on iteration 200 = 0.007390311227209167
Training loss on iteration 220 = 0.0011657999956696586
Training loss on iteration 240 = 0.0005040236661443487
Training loss on iteration 260 = 0.0006542253330053427
Training loss on iteration 280 = 0.000930146595919723
Training loss on iteration 300 = 0.001447891824028602
Training loss on iteration 320 = 0.0009325188088297409
Training loss on iteration 340 = 0.004700382884834653
Training loss on iteration 360 = 0.00909476285241908
Training loss on iteration 380 = 0.004397517278903251
Training loss on iteration 400 = 0.0032649601471348433
Training loss on iteration 420 = 0.0007342515124946658
Training loss on iteration 440 = 0.0032123786582815227
Training loss on iteration 460 = 0.002587243609377765
Training loss on iteration 480 = 0.0007516821502122184
Training loss on iteration 500 = 0.0030249777620156237
Training loss on iteration 520 = 0.008125576749898755
Training loss on iteration 540 = 0.0031913792102386653
Training loss on iteration 560 = 0.008056806864988175
Training loss on iteration 580 = 0.002229985554913583
Training loss on iteration 600 = 0.00659811057994375
Training loss on iteration 620 = 0.0022699903149259624
### EVAL:: Epoch 6:: Loss = 0.0009629447727124785 :: ACC = 0.9996256083863722, AUC = 0.9999998072675145, EER = 0.00018719580681392738
Training on epoch 7
Training loss on iteration 0 = 8.001732567208819e-06
Training loss on iteration 20 = 0.0007624547773957602
Training loss on iteration 40 = 0.0007558978919746551
Training loss on iteration 60 = 0.002088052754493219
Training loss on iteration 80 = 0.0007524415217176284
Training loss on iteration 100 = 0.001034949468609625
Training loss on iteration 120 = 0.0006868756866651893
Training loss on iteration 140 = 0.007517076769443065
Training loss on iteration 160 = 0.004693445939665253
Training loss on iteration 180 = 0.0020332243251687033
Training loss on iteration 200 = 0.000674713700209395
Training loss on iteration 220 = 0.0063428181932067675
Training loss on iteration 240 = 0.002720149277138262
Training loss on iteration 260 = 0.004712737890076824
Training loss on iteration 280 = 0.006427537624767865
Training loss on iteration 300 = 0.003310224826373087
Training loss on iteration 320 = 0.004206737881031586
Training loss on iteration 340 = 0.010244841180428921
Training loss on iteration 360 = 0.004052115702143056
Training loss on iteration 380 = 0.004000335152704792
Training loss on iteration 400 = 0.0009275168494013997
Training loss on iteration 420 = 0.008105754777807306
Training loss on iteration 440 = 0.0022733658221113727
Training loss on iteration 460 = 0.002955316008774389
Training loss on iteration 480 = 0.0017752845271843398
Training loss on iteration 500 = 0.0016302207055673534
Training loss on iteration 520 = 0.006292358368773421
Training loss on iteration 540 = 0.007120326742551697
Training loss on iteration 560 = 0.001788128783027787
Training loss on iteration 580 = 0.0022814651275439245
Training loss on iteration 600 = 0.00033915380640792137
Training loss on iteration 620 = 0.0049536333423020554
### EVAL:: Epoch 7:: Loss = 0.0030504038503208456 :: ACC = 0.9988768251591165, AUC = 0.9999991589855178, EER = 0.00037439161362785476
Training on epoch 8
Training loss on iteration 0 = 0.0001634244981687516
Training loss on iteration 20 = 0.0009970855247956934
Training loss on iteration 40 = 0.001100701313589525
Training loss on iteration 60 = 0.001284273233636668
Training loss on iteration 80 = 0.0003595861125859301
Training loss on iteration 100 = 0.00023951192118261134
Training loss on iteration 120 = 0.0001736105224111384
Training loss on iteration 140 = 0.001863379818496469
Training loss on iteration 160 = 0.0094781615984175
Training loss on iteration 180 = 0.004673736744916823
Training loss on iteration 200 = 0.0023378696645522724
Training loss on iteration 220 = 0.0010724137378019805
Training loss on iteration 240 = 0.0006930376250465997
Training loss on iteration 260 = 0.0005155525960390151
Training loss on iteration 280 = 0.0011090276351751528
Training loss on iteration 300 = 0.00043685643362891826
Training loss on iteration 320 = 0.002965699740644823
Training loss on iteration 340 = 0.0022943094727111203
Training loss on iteration 360 = 0.0017663744416950068
Training loss on iteration 380 = 0.0006151547568606474
Training loss on iteration 400 = 0.0014177200857318439
Training loss on iteration 420 = 0.0022946664066864743
Training loss on iteration 440 = 0.005007623054211763
Training loss on iteration 460 = 0.005920384492833363
Training loss on iteration 480 = 0.002287380969028163
Training loss on iteration 500 = 0.0021319205785403027
Training loss on iteration 520 = 0.006825494742543015
Training loss on iteration 540 = 0.0063644262984780655
Training loss on iteration 560 = 0.0045034051028778775
Training loss on iteration 580 = 0.0034601951019794797
Training loss on iteration 600 = 0.0039220079600454484
Training loss on iteration 620 = 0.005091731730499305
### EVAL:: Epoch 8:: Loss = 0.001237841580512507 :: ACC = 0.9995788094346687, AUC = 0.9999990275770051, EER = 0.00037439161362785476
Training on epoch 9
Training loss on iteration 0 = 0.017378253862261772
Training loss on iteration 20 = 0.004667391507882712
Training loss on iteration 40 = 0.005184507873855182
Training loss on iteration 60 = 0.0012304428674497104
Training loss on iteration 80 = 0.001956110798892041
Training loss on iteration 100 = 0.0024389312911807792
Training loss on iteration 120 = 0.0007990307220097747
Training loss on iteration 140 = 0.0007004104600127903
Training loss on iteration 160 = 0.002405463245304418
Training loss on iteration 180 = 0.0015781514312948274
Training loss on iteration 200 = 0.0008679267920342681
Training loss on iteration 220 = 0.0022002219687919933
Training loss on iteration 240 = 0.001991654148150701
Training loss on iteration 260 = 0.0004133463496259537
Training loss on iteration 280 = 0.0006930800071359045
Training loss on iteration 300 = 0.0023151521204454184
Training loss on iteration 320 = 0.002291947610228817
Training loss on iteration 340 = 0.001841193443760858
Training loss on iteration 360 = 0.0033483615503428154
Training loss on iteration 380 = 0.005681204517986771
Training loss on iteration 400 = 0.0027690517418704984
Training loss on iteration 420 = 0.003043784982537545
Training loss on iteration 440 = 0.002808555871911267
Training loss on iteration 460 = 0.010430025083178408
Training loss on iteration 480 = 0.007141931248679611
Training loss on iteration 500 = 0.0037746741605587885
Training loss on iteration 520 = 0.001073859242933395
Training loss on iteration 540 = 0.0017212398276285513
Training loss on iteration 560 = 0.003315128472468132
Training loss on iteration 580 = 0.004554999985157337
Training loss on iteration 600 = 0.003695148286260519
Training loss on iteration 620 = 0.0007539292397609643
### EVAL:: Epoch 9:: Loss = 0.0016428562822541298 :: ACC = 0.9994852115312617, AUC = 0.9999999123943248, EER = 0.00018719580681392738
Training on epoch 10
Training loss on iteration 0 = 6.861273141112179e-05
Training loss on iteration 20 = 0.001486437145746322
Training loss on iteration 40 = 0.00041182276063409515
Training loss on iteration 60 = 0.0005607433481713997
Training loss on iteration 80 = 0.000714171280650433
Training loss on iteration 100 = 0.0005579035968125368
Training loss on iteration 120 = 0.0005909751920427197
Training loss on iteration 140 = 0.000254308057316166
Training loss on iteration 160 = 0.000283264489017121
Training loss on iteration 180 = 0.0007744849931611952
Training loss on iteration 200 = 0.00014901228038581847
Training loss on iteration 220 = 0.0008523118704585996
Training loss on iteration 240 = 0.0013902191241925265
Training loss on iteration 260 = 0.005760623442182577
Training loss on iteration 280 = 0.0017541900421917944
Training loss on iteration 300 = 0.0009176202723665483
Training loss on iteration 320 = 0.007012427281551936
Training loss on iteration 340 = 0.0040348132027475
Training loss on iteration 360 = 0.007618196553812595
Training loss on iteration 380 = 0.0007209993061223941
Training loss on iteration 400 = 0.0005500465163095214
Training loss on iteration 420 = 0.00020041293053054687
Training loss on iteration 440 = 0.003589581791402452
Training loss on iteration 460 = 0.005272253785551584
Training loss on iteration 480 = 0.0024901428183511597
Training loss on iteration 500 = 0.0044503246962449335
Training loss on iteration 520 = 0.0020412032020203697
Training loss on iteration 540 = 0.0002531550395254101
Training loss on iteration 560 = 0.002594204696140423
Training loss on iteration 580 = 0.0015143225597512356
Training loss on iteration 600 = 0.0005303899028717751
Training loss on iteration 620 = 0.0005184567685518005
### EVAL:: Epoch 10:: Loss = 0.0003237484500626391 :: ACC = 0.9998128041931861, AUC = 0.9999999474365948, EER = 0.00018719580681392738
Training on epoch 11
Training loss on iteration 0 = 8.443914794042939e-07
Training loss on iteration 20 = 0.0002500404434158554
Training loss on iteration 40 = 0.0002377955078031846
Training loss on iteration 60 = 0.0023532202751908927
Training loss on iteration 80 = 0.000838148279382267
Training loss on iteration 100 = 0.00017998077104266485
Training loss on iteration 120 = 0.0004888808647102394
Training loss on iteration 140 = 0.0015989821110238723
Training loss on iteration 160 = 0.0011569275874618867
Training loss on iteration 180 = 0.000660084963396912
Training loss on iteration 200 = 0.003431118276253642
Training loss on iteration 220 = 0.0007492196347470781
Training loss on iteration 240 = 0.0078907653726219
Training loss on iteration 260 = 0.007650139907309494
Training loss on iteration 280 = 0.009697413087769747
Training loss on iteration 300 = 0.002060511420859257
Training loss on iteration 320 = 0.0009219840168384508
Training loss on iteration 340 = 0.0008258172310547707
Training loss on iteration 360 = 0.0016941306494800302
Training loss on iteration 380 = 0.0009346548657504173
Training loss on iteration 400 = 0.0026691244934909262
Training loss on iteration 420 = 0.0018062386628116655
Training loss on iteration 440 = 0.00018627858760282833
Training loss on iteration 460 = 0.0022739932519584725
Training loss on iteration 480 = 0.0011573484347707109
Training loss on iteration 500 = 0.0036683183378727335
Training loss on iteration 520 = 0.0027822580541851495
Training loss on iteration 540 = 0.0003893062161694161
Training loss on iteration 560 = 0.0003356839675234369
Training loss on iteration 580 = 0.0006793698553224203
Training loss on iteration 600 = 0.0007517711887771838
Training loss on iteration 620 = 0.001268176954545197
### EVAL:: Epoch 11:: Loss = 0.00041551759143582513 :: ACC = 0.9997192062897791, AUC = 0.9999999912394325, EER = 9.359790340696369e-05
Training on epoch 12
Training loss on iteration 0 = 0.0003695026389323175
Training loss on iteration 20 = 0.0018439125921418053
Training loss on iteration 40 = 0.0011987003042577271
Training loss on iteration 60 = 0.0024060957820211115
Training loss on iteration 80 = 0.004217208211787238
Training loss on iteration 100 = 0.0016742507014100739
Training loss on iteration 120 = 0.0017765150017282848
Training loss on iteration 140 = 0.0031190751517556235
Training loss on iteration 160 = 0.0022336736758006735
Training loss on iteration 180 = 0.0013640723670505395
Training loss on iteration 200 = 0.0011043085844448797
Training loss on iteration 220 = 0.0006961781587278892
Training loss on iteration 240 = 0.002268977253174853
Training loss on iteration 260 = 0.0019353258258433925
Training loss on iteration 280 = 0.0010535146867539425
Training loss on iteration 300 = 0.005556051545181617
Training loss on iteration 320 = 0.004583903551656476
Training loss on iteration 340 = 0.005326721833716875
Training loss on iteration 360 = 0.00167525999040663
Training loss on iteration 380 = 0.000583861174331446
Training loss on iteration 400 = 0.008646595049731332
Training loss on iteration 420 = 0.0010002014975725615
Training loss on iteration 440 = 0.0013614061923362896
Training loss on iteration 460 = 0.0009831548122690493
Training loss on iteration 480 = 0.0003064602155745888
Training loss on iteration 500 = 0.00227423773708324
Training loss on iteration 520 = 0.0051364701914963
Training loss on iteration 540 = 0.0036629493135478695
Training loss on iteration 560 = 0.0013368787329227417
Training loss on iteration 580 = 0.0009998754240768903
Training loss on iteration 600 = 0.0014672136971512373
Training loss on iteration 620 = 0.0003913640033715637
### EVAL:: Epoch 12:: Loss = 0.00010997229804831019 :: ACC = 1.0, AUC = 1.0, EER = 0.0
Training on epoch 13
Training loss on iteration 0 = 7.628434832440689e-05
Training loss on iteration 20 = 0.0018160588891078077
Training loss on iteration 40 = 0.001868248649486759
Training loss on iteration 60 = 0.001234125047812995
Training loss on iteration 80 = 0.0010106888943553828
Training loss on iteration 100 = 0.001254561309337987
Training loss on iteration 120 = 0.0016631603773362257
Training loss on iteration 140 = 0.001301863119036284
Training loss on iteration 160 = 0.0012406116852446303
Training loss on iteration 180 = 0.001958800569744312
Training loss on iteration 200 = 0.0027456260534563627
Training loss on iteration 220 = 0.0018247229157196897
Training loss on iteration 240 = 0.004925367578357509
Training loss on iteration 260 = 0.0018884460901972488
Training loss on iteration 280 = 0.000860962541810295
Training loss on iteration 300 = 0.00035379194284246296
Training loss on iteration 320 = 0.0004776156819019661
Training loss on iteration 340 = 0.00021614516163381836
Training loss on iteration 360 = 0.0008859139975655239
Training loss on iteration 380 = 0.000727465944841299
Training loss on iteration 400 = 0.0041092093527481666
Training loss on iteration 420 = 0.005023602214902212
Training loss on iteration 440 = 0.003094715759539213
Training loss on iteration 460 = 0.0016376664781887484
Training loss on iteration 480 = 0.0025432518051218267
Training loss on iteration 500 = 0.002004631559293557
Training loss on iteration 520 = 0.0063719857473529375
Training loss on iteration 540 = 0.0031335278445112635
Training loss on iteration 560 = 0.0029147201792511625
Training loss on iteration 580 = 0.007100690327888515
Training loss on iteration 600 = 0.002011700127604854
Training loss on iteration 620 = 0.007299598071392665
### EVAL:: Epoch 13:: Loss = 0.0006040547339756169 :: ACC = 0.9997192062897791, AUC = 0.9999998423097847, EER = 0.00028079371022089104
Training on epoch 14
Training loss on iteration 0 = 0.05608756095170975
Training loss on iteration 20 = 0.00823685257910256
Training loss on iteration 40 = 0.002996355566301645
Training loss on iteration 60 = 0.002586302941381291
Training loss on iteration 80 = 0.0030258753812461236
Training loss on iteration 100 = 0.006887750014425364
Training loss on iteration 120 = 0.003091762224721606
Training loss on iteration 140 = 0.0023312518808666026
Training loss on iteration 160 = 0.0014751417690604285
Training loss on iteration 180 = 0.0013301047264576483
Training loss on iteration 200 = 0.0016546668815806242
Training loss on iteration 220 = 0.0017094295302058527
Training loss on iteration 240 = 0.001375073500508961
Training loss on iteration 260 = 0.0005921840308133142
Training loss on iteration 280 = 0.00018027961224191812
Training loss on iteration 300 = 0.0009333702568142144
Training loss on iteration 320 = 0.0012372427193668046
Training loss on iteration 340 = 0.00019406234536063495
Training loss on iteration 360 = 0.00038642419930994264
Training loss on iteration 380 = 0.00024478801046257104
Training loss on iteration 400 = 0.0002547935992595285
Training loss on iteration 420 = 8.86499860001777e-05
Training loss on iteration 440 = 0.0002642955016540327
Training loss on iteration 460 = 6.732455912583646e-05
Training loss on iteration 480 = 0.000258144515507297
Training loss on iteration 500 = 0.0011576058615261787
Training loss on iteration 520 = 0.005671958406981048
Training loss on iteration 540 = 0.0019815604483596873
Training loss on iteration 560 = 0.0006548674598207072
Training loss on iteration 580 = 0.0015256062317462239
Training loss on iteration 600 = 0.0013499566504094674
Training loss on iteration 620 = 0.003078519346257735
### EVAL:: Epoch 14:: Loss = 0.00041619573494424203 :: ACC = 0.9998596031448895, AUC = 0.9999999912394324, EER = 9.359790340696369e-05
Training on epoch 15
Training loss on iteration 0 = 0.0005437686922959983
Training loss on iteration 20 = 0.0019389657461942988
Training loss on iteration 40 = 0.00036035214325238487
Training loss on iteration 60 = 0.0029098289502144325
Training loss on iteration 80 = 0.0006892513976119119
Training loss on iteration 100 = 0.000589835998309951
Training loss on iteration 120 = 0.002543501646300683
Training loss on iteration 140 = 0.0004801745652912359
Training loss on iteration 160 = 0.0010762216935177094
Training loss on iteration 180 = 0.0026717814604353407
Training loss on iteration 200 = 0.002435032303947082
Training loss on iteration 220 = 0.0033406155820102867
Training loss on iteration 240 = 0.000803060176530046
Training loss on iteration 260 = 0.00462006605851144
Training loss on iteration 280 = 0.005838877679161669
Training loss on iteration 300 = 0.002567618906653024
Training loss on iteration 320 = 0.0030359670643520078
Training loss on iteration 340 = 0.00039096248151508916
Training loss on iteration 360 = 0.0006613303678591365
Training loss on iteration 380 = 4.578474933509824e-05
Training loss on iteration 400 = 0.0028046383929449803
Training loss on iteration 420 = 0.005820843763285666
Training loss on iteration 440 = 0.00042937765964552456
Training loss on iteration 460 = 0.0007700912051632258
Training loss on iteration 480 = 0.0008208689650928136
Training loss on iteration 500 = 0.0009631580328800738
Training loss on iteration 520 = 0.0008418286599294333
Training loss on iteration 540 = 0.0009154202637688513
Training loss on iteration 560 = 0.00014932937181129092
Training loss on iteration 580 = 0.003017115090437983
Training loss on iteration 600 = 0.0001299591608699302
Training loss on iteration 620 = 0.006658111778187958
### EVAL:: Epoch 15:: Loss = 0.015182597821738348 :: ACC = 0.9944777236989891, AUC = 0.9999987998022495, EER = 0.0006551853238487457
Training on epoch 16
Training loss on iteration 0 = 0.0001487482077209279
Training loss on iteration 20 = 0.001321913754372872
Training loss on iteration 40 = 0.0006991301895141078
Training loss on iteration 60 = 0.0006577483137334639
Training loss on iteration 80 = 0.001520893001264767
Training loss on iteration 100 = 0.00031925337369216323
Training loss on iteration 120 = 0.0016186065704971498
Training loss on iteration 140 = 0.001402500482841873
Training loss on iteration 160 = 0.0008814596213625236
Training loss on iteration 180 = 0.0006003727042525498
Training loss on iteration 200 = 0.0008716887442858478
Training loss on iteration 220 = 0.0008050959273703029
Training loss on iteration 240 = 0.004619221660459516
Training loss on iteration 260 = 0.0005390263224285263
Training loss on iteration 280 = 0.00024462024202307473
Training loss on iteration 300 = 0.00010292323023008976
Training loss on iteration 320 = 0.0004443972329568169
Training loss on iteration 340 = 0.0008369460063477163
Training loss on iteration 360 = 0.007836246171196137
Training loss on iteration 380 = 0.0006568143404138028
Training loss on iteration 400 = 0.0004623188982805004
Training loss on iteration 420 = 0.0003432530623854291
Training loss on iteration 440 = 0.0009209943211004656
Training loss on iteration 460 = 0.0016186428517357854
Training loss on iteration 480 = 0.0018853750566464101
Training loss on iteration 500 = 0.0005727724670251177
Training loss on iteration 520 = 0.0006979777232373862
Training loss on iteration 540 = 0.001076786134430563
Training loss on iteration 560 = 0.0026930367306846393
Training loss on iteration 580 = 0.001967461672234094
Training loss on iteration 600 = 0.00101315656005454
Training loss on iteration 620 = 0.002988631539462716
### EVAL:: Epoch 16:: Loss = 0.00044459467076175607 :: ACC = 0.9998596031448895, AUC = 0.9999999036337572, EER = 0.0
Training on epoch 17
Training loss on iteration 0 = 3.8586254049732815e-06
Training loss on iteration 20 = 0.004488572608079266
Training loss on iteration 40 = 0.000933258601213538
Training loss on iteration 60 = 0.0035658483534007244
Training loss on iteration 80 = 0.0008699784117538912
Training loss on iteration 100 = 0.00035888883540735605
Training loss on iteration 120 = 0.00011634722569624501
Training loss on iteration 140 = 0.00032196267064250607
Training loss on iteration 160 = 0.0002548329825643236
Training loss on iteration 180 = 0.0005061392560719469
Training loss on iteration 200 = 0.0023910964663571123
Training loss on iteration 220 = 0.0005144407090256209
Training loss on iteration 240 = 0.00021808318043099463
Training loss on iteration 260 = 0.00035693848019064945
Training loss on iteration 280 = 0.0014371195948626792
Training loss on iteration 300 = 0.0031878295366169597
Training loss on iteration 320 = 0.0011235956308155437
Training loss on iteration 340 = 0.0008335920495483151
Training loss on iteration 360 = 0.001258619317616194
Training loss on iteration 380 = 0.0009274797991338346
Training loss on iteration 400 = 0.0005519275375490907
Training loss on iteration 420 = 0.003194456108440136
Training loss on iteration 440 = 0.0005280200123252143
Training loss on iteration 460 = 0.0003475253449437332
Training loss on iteration 480 = 0.002491140537915726
Training loss on iteration 500 = 0.0016296651821321006
Training loss on iteration 520 = 0.005770470341553846
Training loss on iteration 540 = 0.009090920789839174
Training loss on iteration 560 = 0.0009516370695564546
Training loss on iteration 580 = 0.005262781279179762
Training loss on iteration 600 = 0.004782720972707466
Training loss on iteration 620 = 0.0005341681958270783
### EVAL:: Epoch 17:: Loss = 0.00029217840530637275 :: ACC = 0.999906402096593, AUC = 1.0, EER = 0.0
Training on epoch 18
Training loss on iteration 0 = 8.911360055208206e-05
Training loss on iteration 20 = 0.0009752881298481953
Training loss on iteration 40 = 0.007158600277068672
Training loss on iteration 60 = 0.002434792919075335
Training loss on iteration 80 = 0.0007611251934577012
Training loss on iteration 100 = 0.004188119339414697
Training loss on iteration 120 = 0.0007962916544670406
Training loss on iteration 140 = 0.0013757584913037136
Training loss on iteration 160 = 0.0003129308801078423
Training loss on iteration 180 = 0.00023216085759933947
Training loss on iteration 200 = 0.0002873047275102181
Training loss on iteration 220 = 0.0010485552801483776
Training loss on iteration 240 = 0.00047555466253470515
Training loss on iteration 260 = 0.0007357500802058325
Training loss on iteration 280 = 0.00018864398447195895
Training loss on iteration 300 = 9.802551568292018e-05
Training loss on iteration 320 = 0.00030654366654943034
Training loss on iteration 340 = 0.00022520963944145934
Training loss on iteration 360 = 0.00115393567979325
Training loss on iteration 380 = 0.001976370890043455
Training loss on iteration 400 = 0.0005587987772244674
Training loss on iteration 420 = 0.003001444141555609
Training loss on iteration 440 = 0.000646900522588112
Training loss on iteration 460 = 0.0007150502843245477
Training loss on iteration 480 = 0.00013638225495142818
Training loss on iteration 500 = 0.0005385093504202132
Training loss on iteration 520 = 0.00027344231787083115
Training loss on iteration 540 = 0.0008264342919460432
Training loss on iteration 560 = 0.0009091621906151204
Training loss on iteration 580 = 0.0007072832641711102
Training loss on iteration 600 = 0.00021354324122881962
Training loss on iteration 620 = 0.0012732731224303962
### EVAL:: Epoch 18:: Loss = 9.116383614984483e-05 :: ACC = 1.0, AUC = 1.0, EER = 0.0
Training on epoch 19
Training loss on iteration 0 = 0.004297179169952869
Training loss on iteration 20 = 0.0032098516838232173
Training loss on iteration 40 = 0.0005421261504011454
Training loss on iteration 60 = 0.00046525549333864546
Training loss on iteration 80 = 0.000579493594186431
Training loss on iteration 100 = 0.0009479294757738898
Training loss on iteration 120 = 0.0005611941306966628
Training loss on iteration 140 = 0.0010423463821069845
Training loss on iteration 160 = 0.0001696317822514004
Training loss on iteration 180 = 0.0003709513541608089
Training loss on iteration 200 = 0.00018903350596986002
Training loss on iteration 220 = 0.00045389917395368686
Training loss on iteration 240 = 0.0003983553798477146
Training loss on iteration 260 = 0.002190924671632244
Training loss on iteration 280 = 0.0005979411711862781
Training loss on iteration 300 = 0.00019858306930586878
Training loss on iteration 320 = 0.004263561719693598
Training loss on iteration 340 = 0.0003017133165258201
Training loss on iteration 360 = 0.0007000107454246063
Training loss on iteration 380 = 0.0012747333757602065
Training loss on iteration 400 = 0.0015951637383309959
Training loss on iteration 420 = 0.004136943100047574
Training loss on iteration 440 = 0.00535856402416357
Training loss on iteration 460 = 0.002416186217624272
Training loss on iteration 480 = 0.0013475645995868035
Training loss on iteration 500 = 0.001673273958932242
Training loss on iteration 520 = 0.0020154870321675844
Training loss on iteration 540 = 0.006882587774725835
Training loss on iteration 560 = 0.004370833169923571
Training loss on iteration 580 = 0.00251577154149345
Training loss on iteration 600 = 0.0019726946952232536
Training loss on iteration 620 = 0.0006971399613576069
### EVAL:: Epoch 19:: Loss = 0.000486539360350855 :: ACC = 0.9998128041931861, AUC = 0.9999998773520546, EER = 0.00018719580681392738
Training on epoch 20
Training loss on iteration 0 = 0.022734809666872025
Training loss on iteration 20 = 0.0007489694074081399
Training loss on iteration 40 = 0.0019202751133320817
Training loss on iteration 60 = 0.0011589077109761092
Training loss on iteration 80 = 0.0029362174409328645
Training loss on iteration 100 = 0.00035465262251364036
Training loss on iteration 120 = 0.0001323137737244906
Training loss on iteration 140 = 0.00020560246227887546
Training loss on iteration 160 = 0.0008396585296281955
Training loss on iteration 180 = 0.0008401723155657236
Training loss on iteration 200 = 0.0016928745873201478
Training loss on iteration 220 = 7.921488918185559e-05
Training loss on iteration 240 = 0.003272438917827003
Training loss on iteration 260 = 0.0012650480084090531
Training loss on iteration 280 = 0.002251053079180565
Training loss on iteration 300 = 0.0012458163824760505
Training loss on iteration 320 = 0.00031366962529091327
Training loss on iteration 340 = 0.00011467795116502089
Training loss on iteration 360 = 0.0027751740267007107
Training loss on iteration 380 = 0.0018144085402113318
Training loss on iteration 400 = 0.004737306477393588
Training loss on iteration 420 = 0.001479916782102464
Training loss on iteration 440 = 0.0017917311847440941
Training loss on iteration 460 = 0.0020696214474867245
Training loss on iteration 480 = 0.0007415557145577622
Training loss on iteration 500 = 0.0010127964596449602
Training loss on iteration 520 = 0.0004747028310362111
Training loss on iteration 540 = 0.001178914542984444
Training loss on iteration 560 = 0.0037412645698793765
Training loss on iteration 580 = 0.000708244430046534
Training loss on iteration 600 = 0.0007240810952680477
Training loss on iteration 620 = 0.0017257889824094264
### EVAL:: Epoch 20:: Loss = 0.0003277090206874847 :: ACC = 0.9998596031448895, AUC = 0.999999982478865, EER = 0.00018719580681392738
### Out of domain:: Best epoch 12 :: ACC = 0.3298059964726631, AUC = 0.3265803565437634, EER = 0.6933232552280172
recorded: {'exp_name': 'en_resnet50_r02', 'model': 'resnet50', 'train': 'commonvoice-en', 'test': 'mailabs-en', 'in_acc': 1.0, 'in_auc': 1.0, 'in_eer': 0.0, 'cross_acc': 0.3298059964726631, 'cross_auc': 0.3265803565437634, 'cross_eer': 0.6933232552280172}

Done. Results -> /project/home/p201284/guo/xmad-bench-repro/results_en_resnet50_r02.csv
Done (en_resnet50_r02). Metrics -> /project/home/p201284/guo/xmad-bench-repro/results_en_resnet50_r02.csv ; logs/checkpoints under detection/experiments/.
