>> Generating configs for: ro  (models: resnet18,resnet50,septr,ast, tag=node1_ro, GPU=2)
Wrote 4 configs to /project/home/p201284/guo/xmad-bench-repro/repro_tools/stepB/configs_node1_ro/  (languages: ro)
root_path: /project/home/p201284/guo/xmad_data/
multilingual: True  model check for config: /project/home/p201284/guo/xmad-bench-repro/repro_tools/stepB/configs_node1_ro/config_ro_ast.json

  OK  commonvoice-ro       rows=30820    sep=','
  OK  voxpopuli            rows=6672     sep=','

PRE-FLIGHT PASSED — data layout looks correct for this config.
root_path: /project/home/p201284/guo/xmad_data/
multilingual: True  model check for config: /project/home/p201284/guo/xmad-bench-repro/repro_tools/stepB/configs_node1_ro/config_ro_ast.json

  OK  commonvoice-ro       rows=30820    sep=','
  OK  voxpopuli            rows=6672     sep=','

PRE-FLIGHT PASSED — data layout looks correct for this config.
root_path: /project/home/p201284/guo/xmad_data/
multilingual: True  model check for config: /project/home/p201284/guo/xmad-bench-repro/repro_tools/stepB/configs_node1_ro/config_ro_ast.json

  OK  commonvoice-ro       rows=30820    sep=','
  OK  voxpopuli            rows=6672     sep=','

PRE-FLIGHT PASSED — data layout looks correct for this config.
root_path: /project/home/p201284/guo/xmad_data/
multilingual: True  model check for config: /project/home/p201284/guo/xmad-bench-repro/repro_tools/stepB/configs_node1_ro/config_ro_resnet18.json

  OK  commonvoice-ro       rows=30820    sep=','
  OK  voxpopuli            rows=6672     sep=','

PRE-FLIGHT PASSED — data layout looks correct for this config.
root_path: /project/home/p201284/guo/xmad_data/
multilingual: True  model check for config: /project/home/p201284/guo/xmad-bench-repro/repro_tools/stepB/configs_node1_ro/config_ro_resnet18.json

  OK  commonvoice-ro       rows=30820    sep=','
  OK  voxpopuli            rows=6672     sep=','

PRE-FLIGHT PASSED — data layout looks correct for this config.
root_path: /project/home/p201284/guo/xmad_data/
multilingual: True  model check for config: /project/home/p201284/guo/xmad-bench-repro/repro_tools/stepB/configs_node1_ro/config_ro_resnet18.json

  OK  commonvoice-ro       rows=30820    sep=','
  OK  voxpopuli            rows=6672     sep=','

PRE-FLIGHT PASSED — data layout looks correct for this config.
root_path: /project/home/p201284/guo/xmad_data/
multilingual: True  model check for config: /project/home/p201284/guo/xmad-bench-repro/repro_tools/stepB/configs_node1_ro/config_ro_resnet50.json

  OK  commonvoice-ro       rows=30820    sep=','
  OK  voxpopuli            rows=6672     sep=','

PRE-FLIGHT PASSED — data layout looks correct for this config.
root_path: /project/home/p201284/guo/xmad_data/
multilingual: True  model check for config: /project/home/p201284/guo/xmad-bench-repro/repro_tools/stepB/configs_node1_ro/config_ro_resnet50.json

  OK  commonvoice-ro       rows=30820    sep=','
  OK  voxpopuli            rows=6672     sep=','

PRE-FLIGHT PASSED — data layout looks correct for this config.
root_path: /project/home/p201284/guo/xmad_data/
multilingual: True  model check for config: /project/home/p201284/guo/xmad-bench-repro/repro_tools/stepB/configs_node1_ro/config_ro_resnet50.json

  OK  commonvoice-ro       rows=30820    sep=','
  OK  voxpopuli            rows=6672     sep=','

PRE-FLIGHT PASSED — data layout looks correct for this config.
root_path: /project/home/p201284/guo/xmad_data/
multilingual: True  model check for config: /project/home/p201284/guo/xmad-bench-repro/repro_tools/stepB/configs_node1_ro/config_ro_septr.json

  OK  commonvoice-ro       rows=30820    sep=','
  OK  voxpopuli            rows=6672     sep=','

PRE-FLIGHT PASSED — data layout looks correct for this config.
root_path: /project/home/p201284/guo/xmad_data/
multilingual: True  model check for config: /project/home/p201284/guo/xmad-bench-repro/repro_tools/stepB/configs_node1_ro/config_ro_septr.json

  OK  commonvoice-ro       rows=30820    sep=','
  OK  voxpopuli            rows=6672     sep=','

PRE-FLIGHT PASSED — data layout looks correct for this config.
root_path: /project/home/p201284/guo/xmad_data/
multilingual: True  model check for config: /project/home/p201284/guo/xmad-bench-repro/repro_tools/stepB/configs_node1_ro/config_ro_septr.json

  OK  commonvoice-ro       rows=30820    sep=','
  OK  voxpopuli            rows=6672     sep=','

PRE-FLIGHT PASSED — data layout looks correct for this config.
(stderr is empty)(stderr is empty)(stderr is empty)(stderr is empty)(stderr is empty)(stderr is empty)(stderr is empty)(stderr is empty)(stderr is empty)(stderr is empty)(stderr is empty)(stderr is empty)
=== RUN ro_ast_r01 (model=ast) ===
[DEBUG] returncode=-4
[DEBUG] stderr_len=0
FAILED: ro_ast_r01

=== RUN ro_ast_r02 (model=ast) ===
[DEBUG] returncode=-4
[DEBUG] stderr_len=0
FAILED: ro_ast_r02

=== RUN ro_ast_r03 (model=ast) ===
[DEBUG] returncode=-4
[DEBUG] stderr_len=0
FAILED: ro_ast_r03

=== RUN ro_resnet18_r01 (model=resnet18) ===
[DEBUG] returncode=-4
[DEBUG] stderr_len=0
FAILED: ro_resnet18_r01

=== RUN ro_resnet18_r02 (model=resnet18) ===
[DEBUG] returncode=-4
[DEBUG] stderr_len=0
FAILED: ro_resnet18_r02

=== RUN ro_resnet18_r03 (model=resnet18) ===
[DEBUG] returncode=-4
[DEBUG] stderr_len=0
FAILED: ro_resnet18_r03

=== RUN ro_resnet50_r01 (model=resnet50) ===
[DEBUG] returncode=-4
[DEBUG] stderr_len=0
FAILED: ro_resnet50_r01

=== RUN ro_resnet50_r02 (model=resnet50) ===
[DEBUG] returncode=-4
[DEBUG] stderr_len=0
FAILED: ro_resnet50_r02

=== RUN ro_resnet50_r03 (model=resnet50) ===
[DEBUG] returncode=-4
[DEBUG] stderr_len=0
FAILED: ro_resnet50_r03

=== RUN ro_septr_r01 (model=septr) ===
[DEBUG] returncode=-4
[DEBUG] stderr_len=0
FAILED: ro_septr_r01

=== RUN ro_septr_r02 (model=septr) ===
[DEBUG] returncode=-4
[DEBUG] stderr_len=0
FAILED: ro_septr_r02

=== RUN ro_septr_r03 (model=septr) ===
[DEBUG] returncode=-4
[DEBUG] stderr_len=0
FAILED: ro_septr_r03

Done. Results -> /project/home/p201284/guo/xmad-bench-repro/results_node1_ro.csv
Done (node1_ro). Metrics -> /project/home/p201284/guo/xmad-bench-repro/results_node1_ro.csv ; logs/checkpoints under detection/experiments/.
