>> activated env: /project/home/p201284/guo/xmad-bench-repro/venv/bin/activate  (Python 3.13.12)
>> torch 2.12.0+cu132 | CUDA available: True
Applying resumable-training patch...
  already patched: /project/home/p201284/guo/xmad-bench-repro/detection/trainer.py
  trainer.py is valid Python.
Done. Killed runs now continue from their last completed epoch.
>> Generating configs for: en  (models: resnet50, tag=en_resnet50_r03, GPU=2)
Wrote 1 configs to /project/home/p201284/guo/xmad-bench-repro/repro_tools/stepB/configs_en_resnet50_r03/  (languages: en)
>> single-repeat mode: this process runs ONLY repeat r03
root_path: /project/home/p201284/guo/xmad_data/
multilingual: True  model check for config: /project/home/p201284/guo/xmad-bench-repro/repro_tools/stepB/configs_en_resnet50_r03/config_en_resnet50.json

  OK  commonvoice-en       rows=96368    sep=','
  OK  mailabs-en           rows=39690    sep=','

PRE-FLIGHT PASSED — data layout looks correct for this config.

=== RUN en_resnet50_r03 (model=resnet50) ===
commonvoice-en
commonvoice-en
Training on epoch 1
Training loss on iteration 0 = 0.7155383825302124
Training loss on iteration 20 = 0.25733909085392953
Training loss on iteration 40 = 0.08756592003628612
Training loss on iteration 60 = 0.07937485855072737
Training loss on iteration 80 = 0.06640118779614568
Training loss on iteration 100 = 0.06383063814137131
Training loss on iteration 120 = 0.0329760582651943
Training loss on iteration 140 = 0.032082457840442655
Training loss on iteration 160 = 0.03746011190814898
Training loss on iteration 180 = 0.022810724878218024
Training loss on iteration 200 = 0.028679991664830595
Training loss on iteration 220 = 0.022780533984769136
Training loss on iteration 240 = 0.035351703758351505
Training loss on iteration 260 = 0.019204467185772955
Training loss on iteration 280 = 0.014785172359552234
Training loss on iteration 300 = 0.00951003197405953
Training loss on iteration 320 = 0.015381944162072614
Training loss on iteration 340 = 0.017595796403475104
Training loss on iteration 360 = 0.011847608350217342
Training loss on iteration 380 = 0.010013646612060256
Training loss on iteration 400 = 0.01708567719324492
Training loss on iteration 420 = 0.010527118429308757
Training loss on iteration 440 = 0.012955601303838193
Training loss on iteration 460 = 0.018276076010079124
Training loss on iteration 480 = 0.011082681344123557
Training loss on iteration 500 = 0.012136891455156729
Training loss on iteration 520 = 0.012648574385093526
Training loss on iteration 540 = 0.023661329541937448
Training loss on iteration 560 = 0.010944748634938151
Training loss on iteration 580 = 0.011883743450744078
Training loss on iteration 600 = 0.00821725118003087
Training loss on iteration 620 = 0.006486202879750635
### EVAL:: Epoch 1:: Loss = 0.0059281259219366444 :: ACC = 0.997379258704605, AUC = 0.999995067800485, EER = 0.0009359790340696368
Training on epoch 2
Training loss on iteration 0 = 0.03054383397102356
Training loss on iteration 20 = 0.006658147455527797
Training loss on iteration 40 = 0.004004683323728386
Training loss on iteration 60 = 0.0038931363080337176
Training loss on iteration 80 = 0.008084826708545734
Training loss on iteration 100 = 0.00915120058634784
Training loss on iteration 120 = 0.003308413336344529
Training loss on iteration 140 = 0.01131180564771057
Training loss on iteration 160 = 0.008570325725304428
Training loss on iteration 180 = 0.014540869268239475
Training loss on iteration 200 = 0.007790547356489696
Training loss on iteration 220 = 0.011957838595844806
Training loss on iteration 240 = 0.003708781930617988
Training loss on iteration 260 = 0.005163167447062733
Training loss on iteration 280 = 0.008147962479051784
Training loss on iteration 300 = 0.021694003765969683
Training loss on iteration 320 = 0.012751740525709465
Training loss on iteration 340 = 0.011641000836971217
Training loss on iteration 360 = 0.01232647309661843
Training loss on iteration 380 = 0.005586024560034275
Training loss on iteration 400 = 0.0039386469405144455
Training loss on iteration 420 = 0.0054780467497039355
Training loss on iteration 440 = 0.010478430648799986
Training loss on iteration 460 = 0.0046924665763071974
Training loss on iteration 480 = 0.004444831656292081
Training loss on iteration 500 = 0.0049117659644252855
Training loss on iteration 520 = 0.0033845618779650977
Training loss on iteration 540 = 0.00242954669502069
Training loss on iteration 560 = 0.0018313957585633033
Training loss on iteration 580 = 0.0029357287608945625
Training loss on iteration 600 = 0.0055792921906686384
Training loss on iteration 620 = 0.015361497240519384
### EVAL:: Epoch 2:: Loss = 0.07611335814804487 :: ACC = 0.9842755522276301, AUC = 0.9997788920363078, EER = 0.0045862972669412205
Training on epoch 3
Training loss on iteration 0 = 0.06956879794597626
Training loss on iteration 20 = 0.00781652892328566
Training loss on iteration 40 = 0.0060222047752176875
Training loss on iteration 60 = 0.009923781879842863
Training loss on iteration 80 = 0.011379181720985797
Training loss on iteration 100 = 0.005749986073351465
Training loss on iteration 120 = 0.009175773638708052
Training loss on iteration 140 = 0.007169572998827789
Training loss on iteration 160 = 0.004548010113467171
Training loss on iteration 180 = 0.00558459394142119
Training loss on iteration 200 = 0.006398949697904754
Training loss on iteration 220 = 0.005402895478800929
Training loss on iteration 240 = 0.0024536833512684097
Training loss on iteration 260 = 0.010014929388853488
Training loss on iteration 280 = 0.008632293778646272
Training loss on iteration 300 = 0.005767239132728719
Training loss on iteration 320 = 0.002113923589968181
Training loss on iteration 340 = 0.003899940857081674
Training loss on iteration 360 = 0.005993863335606875
Training loss on iteration 380 = 0.007986384851392359
Training loss on iteration 400 = 0.007111923487536842
Training loss on iteration 420 = 0.004423550058709225
Training loss on iteration 440 = 0.003160092882717436
Training loss on iteration 460 = 0.006558526095977868
Training loss on iteration 480 = 0.009808040990901646
Training loss on iteration 500 = 0.005162710095464718
Training loss on iteration 520 = 0.0022965455060329986
Training loss on iteration 540 = 0.003341585497946653
Training loss on iteration 560 = 0.0011109699924418237
Training loss on iteration 580 = 0.0011274012754711293
Training loss on iteration 600 = 0.0005319848142789852
Training loss on iteration 620 = 0.002634713027487123
### EVAL:: Epoch 3:: Loss = 0.0008555049591192168 :: ACC = 0.9997192062897791, AUC = 0.9999995356899213, EER = 0.00028079371022089104
Training on epoch 4
Training loss on iteration 0 = 0.006420286372303963
Training loss on iteration 20 = 0.002365867273806543
Training loss on iteration 40 = 0.00202605268627849
Training loss on iteration 60 = 0.0030598042600558984
Training loss on iteration 80 = 0.0029845226304132666
Training loss on iteration 100 = 0.002457746846448572
Training loss on iteration 120 = 0.0029927182800747686
Training loss on iteration 140 = 0.004858267883355439
Training loss on iteration 160 = 0.001740065712192518
Training loss on iteration 180 = 0.0011519565562366552
Training loss on iteration 200 = 0.001817457750257745
Training loss on iteration 220 = 0.0007322527907458465
Training loss on iteration 240 = 0.0014056231250833661
Training loss on iteration 260 = 0.0013532146199850103
Training loss on iteration 280 = 0.0007515234362472257
Training loss on iteration 300 = 0.0030695607808326033
Training loss on iteration 320 = 0.001806401605949759
Training loss on iteration 340 = 0.0007665078101467771
Training loss on iteration 360 = 0.005381128564295068
Training loss on iteration 380 = 0.00603153856282006
Training loss on iteration 400 = 0.009015470385929803
Training loss on iteration 420 = 0.005539958575172932
Training loss on iteration 440 = 0.013735052738593368
Training loss on iteration 460 = 0.007592755527002737
Training loss on iteration 480 = 0.0030667552679005893
Training loss on iteration 500 = 0.0008987576685854038
Training loss on iteration 520 = 0.003883093589956843
Training loss on iteration 540 = 0.004685803594202298
Training loss on iteration 560 = 0.008101215169153875
Training loss on iteration 580 = 0.0035114953807351412
Training loss on iteration 600 = 0.002572293849516427
Training loss on iteration 620 = 0.003458586685303544
### EVAL:: Epoch 4:: Loss = 0.000471261271931526 :: ACC = 0.9997660052414826, AUC = 0.9999998773520546, EER = 9.359790340696369e-05
Training on epoch 5
Training loss on iteration 0 = 9.158852662949357e-06
Training loss on iteration 20 = 0.0036792304512346164
Training loss on iteration 40 = 0.0010633224027969846
Training loss on iteration 60 = 0.0005977911609534204
Training loss on iteration 80 = 0.000562543108162572
Training loss on iteration 100 = 0.0024791963262487116
Training loss on iteration 120 = 0.007320682900626707
Training loss on iteration 140 = 0.010702679405585513
Training loss on iteration 160 = 0.006732320613809861
Training loss on iteration 180 = 0.002224800991007214
Training loss on iteration 200 = 0.0011460819269132117
Training loss on iteration 220 = 0.003059065647244097
Training loss on iteration 240 = 0.0011019756093674006
Training loss on iteration 260 = 0.002413723427343939
Training loss on iteration 280 = 0.00036511035470994103
Training loss on iteration 300 = 0.001405339948269102
Training loss on iteration 320 = 0.002595351671982371
Training loss on iteration 340 = 0.0009099603125378053
Training loss on iteration 360 = 0.0033361453268753393
Training loss on iteration 380 = 0.0021939051252616083
Training loss on iteration 400 = 0.006604845275069238
Training loss on iteration 420 = 0.004486905230487536
Training loss on iteration 440 = 0.0014311475773865824
Training loss on iteration 460 = 0.0032300164459456936
Training loss on iteration 480 = 0.0015452660918526817
Training loss on iteration 500 = 0.0029139824560843407
Training loss on iteration 520 = 0.003123500140281976
Training loss on iteration 540 = 0.0034999127683477127
Training loss on iteration 560 = 0.005422525210269669
Training loss on iteration 580 = 0.009185483874898637
Training loss on iteration 600 = 0.002241142162893084
Training loss on iteration 620 = 0.0025693412360851655
### EVAL:: Epoch 5:: Loss = 0.0001606623599336879 :: ACC = 0.9999532010482965, AUC = 1.0, EER = 0.0
Training on epoch 6
Training loss on iteration 0 = 1.0692567229853012e-05
Training loss on iteration 20 = 0.0038478315629618008
Training loss on iteration 40 = 0.004356069571713306
Training loss on iteration 60 = 0.004056712252531724
Training loss on iteration 80 = 0.008532394837311585
Training loss on iteration 100 = 0.003690729946902138
Training loss on iteration 120 = 0.004373438682887354
Training loss on iteration 140 = 0.0023548776070128953
Training loss on iteration 160 = 0.006316754299768945
Training loss on iteration 180 = 0.002368224177234879
Training loss on iteration 200 = 0.0015036569000926648
Training loss on iteration 220 = 0.006085614728453948
Training loss on iteration 240 = 0.008875800347959739
Training loss on iteration 260 = 0.005389529558306095
Training loss on iteration 280 = 0.003286118579489994
Training loss on iteration 300 = 0.0013480675621394766
Training loss on iteration 320 = 0.0015272163221879964
Training loss on iteration 340 = 0.006239382388866943
Training loss on iteration 360 = 0.007135354301044572
Training loss on iteration 380 = 0.003482249975149898
Training loss on iteration 400 = 0.006262593971541719
Training loss on iteration 420 = 0.006706391131319833
Training loss on iteration 440 = 0.0025092301089898682
Training loss on iteration 460 = 0.003161830100998486
Training loss on iteration 480 = 0.004710872329906124
Training loss on iteration 500 = 0.00282289832157403
Training loss on iteration 520 = 0.0014846747170849995
Training loss on iteration 540 = 0.0016036192829233186
Training loss on iteration 560 = 0.0025325189670411417
Training loss on iteration 580 = 0.002590123060986116
Training loss on iteration 600 = 0.005645241992897354
Training loss on iteration 620 = 0.008500993874622508
### EVAL:: Epoch 6:: Loss = 0.00047293147563969755 :: ACC = 0.9998596031448895, AUC = 0.9999999474365949, EER = 0.0
Training on epoch 7
Training loss on iteration 0 = 0.0007579680532217026
Training loss on iteration 20 = 0.0006749038360794657
Training loss on iteration 40 = 0.004806882996672357
Training loss on iteration 60 = 0.0026306723584639258
Training loss on iteration 80 = 0.0023243976115736587
Training loss on iteration 100 = 0.0025319233269328833
Training loss on iteration 120 = 0.004068169818037859
Training loss on iteration 140 = 0.002520663053564931
Training loss on iteration 160 = 0.0005804929612168053
Training loss on iteration 180 = 0.0016315036594505728
Training loss on iteration 200 = 0.002402116675648358
Training loss on iteration 220 = 0.0032537628325826516
Training loss on iteration 240 = 0.0008750942900860537
Training loss on iteration 260 = 0.0030213098148806237
Training loss on iteration 280 = 0.00811227766716911
Training loss on iteration 300 = 0.0025419300123758148
Training loss on iteration 320 = 0.0004555175951736601
Training loss on iteration 340 = 0.0008953947741815682
Training loss on iteration 360 = 0.0012798040860161563
Training loss on iteration 380 = 0.003345620718050668
Training loss on iteration 400 = 0.004611122921596688
Training loss on iteration 420 = 0.0023269572484423406
Training loss on iteration 440 = 0.009558719676090278
Training loss on iteration 460 = 0.0028857419110863702
Training loss on iteration 480 = 0.0006325446081518749
Training loss on iteration 500 = 0.001203830833651409
Training loss on iteration 520 = 0.00298062768742966
Training loss on iteration 540 = 0.004620140264660222
Training loss on iteration 560 = 0.0013496613180905114
Training loss on iteration 580 = 0.0023535288101584227
Training loss on iteration 600 = 0.0019170363699004156
Training loss on iteration 620 = 0.002794105614611908
### EVAL:: Epoch 7:: Loss = 0.0008509089092740332 :: ACC = 0.9996724073380756, AUC = 0.9999995532110564, EER = 0.00028079371022089104
Training on epoch 8
Training loss on iteration 0 = 7.14520865585655e-05
Training loss on iteration 20 = 0.0017603125607820401
Training loss on iteration 40 = 0.0007476591466001991
Training loss on iteration 60 = 0.0007515049339190227
Training loss on iteration 80 = 0.0007879996709789338
Training loss on iteration 100 = 0.0012639658870682523
Training loss on iteration 120 = 0.014552139570696454
Training loss on iteration 140 = 0.005450260366342263
Training loss on iteration 160 = 0.0023284919596335387
Training loss on iteration 180 = 0.0027325791571456647
Training loss on iteration 200 = 0.0028541623155433626
Training loss on iteration 220 = 0.0014826123869625008
Training loss on iteration 240 = 0.00101533265345779
Training loss on iteration 260 = 0.0015104995797628363
Training loss on iteration 280 = 0.0002930291089825232
Training loss on iteration 300 = 0.0002039296943678437
Training loss on iteration 320 = 0.0002240996220862712
Training loss on iteration 340 = 0.0003842462375359901
Training loss on iteration 360 = 0.0009647874901276054
Training loss on iteration 380 = 0.005688036912033567
Training loss on iteration 400 = 0.004206913175949012
Training loss on iteration 420 = 0.005273539977395103
Training loss on iteration 440 = 0.0022026023762009572
Training loss on iteration 460 = 0.0022648466610007746
Training loss on iteration 480 = 0.004971823324603974
Training loss on iteration 500 = 0.0017824198814878401
Training loss on iteration 520 = 0.009264131600548352
Training loss on iteration 540 = 0.007224108701484511
Training loss on iteration 560 = 0.00857109286589548
Training loss on iteration 580 = 0.003920036467479804
Training loss on iteration 600 = 0.007960680382166175
Training loss on iteration 620 = 0.002323165845700714
### EVAL:: Epoch 8:: Loss = 0.0006099340644276839 :: ACC = 0.9997192062897791, AUC = 0.9999999036337571, EER = 0.00018719580681392738
Training on epoch 9
Training loss on iteration 0 = 0.0024167532101273537
Training loss on iteration 20 = 0.004258621006692919
Training loss on iteration 40 = 0.0031251345037162535
Training loss on iteration 60 = 0.008176285454646859
Training loss on iteration 80 = 0.0030089929678069893
Training loss on iteration 100 = 0.0009448055581742665
Training loss on iteration 120 = 0.0004909831684926757
Training loss on iteration 140 = 0.0014047331890310489
Training loss on iteration 160 = 0.002014661933890238
Training loss on iteration 180 = 0.0009533120363585113
Training loss on iteration 200 = 0.0013080378743154596
Training loss on iteration 220 = 0.000921539740352273
Training loss on iteration 240 = 0.0012236330000746421
Training loss on iteration 260 = 0.0059535511715012035
Training loss on iteration 280 = 0.002001254458355106
Training loss on iteration 300 = 0.0007282973878773192
Training loss on iteration 320 = 0.000640180030643478
Training loss on iteration 340 = 0.0006426730111570578
Training loss on iteration 360 = 0.002406799923875269
Training loss on iteration 380 = 0.002010019086446846
Training loss on iteration 400 = 0.0017832627052769112
Training loss on iteration 420 = 0.00017696041811632313
Training loss on iteration 440 = 0.0039054891023340586
Training loss on iteration 460 = 0.000612200508726346
Training loss on iteration 480 = 0.00034706460992026675
Training loss on iteration 500 = 0.0015446215424105958
Training loss on iteration 520 = 0.0059513908487758725
Training loss on iteration 540 = 0.0006258689686092112
Training loss on iteration 560 = 0.00691041202139786
Training loss on iteration 580 = 0.006732478173853451
Training loss on iteration 600 = 0.003491821589159372
Training loss on iteration 620 = 0.003413539872281035
### EVAL:: Epoch 9:: Loss = 0.0003124612567485449 :: ACC = 0.9998128041931861, AUC = 0.9999999649577298, EER = 0.00018719580681392738
Training on epoch 10
Training loss on iteration 0 = 0.00010016710439231247
Training loss on iteration 20 = 0.0012506496849482573
Training loss on iteration 40 = 0.0007727470342615561
Training loss on iteration 60 = 0.0022357139464361355
Training loss on iteration 80 = 0.0054913932942554314
Training loss on iteration 100 = 0.001251572051205585
Training loss on iteration 120 = 0.001220163696052623
Training loss on iteration 140 = 0.00022489518712518475
Training loss on iteration 160 = 0.0016037341914397984
Training loss on iteration 180 = 0.0029023284891536603
Training loss on iteration 200 = 0.0004463052350047292
Training loss on iteration 220 = 0.0004606217089019538
Training loss on iteration 240 = 0.0009151175433146364
Training loss on iteration 260 = 0.0035198937708685206
Training loss on iteration 280 = 0.0026631773652979972
Training loss on iteration 300 = 0.0028096550816144373
Training loss on iteration 320 = 0.00299004009757482
Training loss on iteration 340 = 0.0051665667744600794
Training loss on iteration 360 = 0.006670037024287012
Training loss on iteration 380 = 0.00288314695826557
Training loss on iteration 400 = 0.0006130963732175587
Training loss on iteration 420 = 0.0005849324275004619
Training loss on iteration 440 = 0.0011975979428086702
Training loss on iteration 460 = 0.0007188188348436597
Training loss on iteration 480 = 0.0038634637411632867
Training loss on iteration 500 = 0.005036865504530396
Training loss on iteration 520 = 0.0016302575578492906
Training loss on iteration 540 = 0.0007529797701181451
Training loss on iteration 560 = 0.004449205361055419
Training loss on iteration 580 = 0.002468212249414137
Training loss on iteration 600 = 0.0019276741872999992
Training loss on iteration 620 = 0.0009584743233119752
### EVAL:: Epoch 10:: Loss = 0.004231694514327119 :: ACC = 0.998736428304006, AUC = 0.9999975382805263, EER = 0.00037439161362785476
Training on epoch 11
Training loss on iteration 0 = 4.7256187826860696e-05
Training loss on iteration 20 = 0.00028033790638346543
Training loss on iteration 40 = 0.0002237230131299839
Training loss on iteration 60 = 0.00014900864783271573
Training loss on iteration 80 = 0.0003562557823499901
Training loss on iteration 100 = 0.0002585231144649924
Training loss on iteration 120 = 0.0005483740098320311
Training loss on iteration 140 = 0.0035598977930220597
Training loss on iteration 160 = 0.0022672969658287913
Training loss on iteration 180 = 0.004095479067325413
Training loss on iteration 200 = 0.002940670061968831
Training loss on iteration 220 = 0.003751143416548075
Training loss on iteration 240 = 0.00189989389564289
Training loss on iteration 260 = 0.0027943849280973156
Training loss on iteration 280 = 0.00890763511424666
Training loss on iteration 300 = 0.0024914197525504277
Training loss on iteration 320 = 0.007237758183873666
Training loss on iteration 340 = 0.0036927212464433977
Training loss on iteration 360 = 0.0009265932977996272
Training loss on iteration 380 = 0.00545910307973827
Training loss on iteration 400 = 0.004572134499176173
Training loss on iteration 420 = 0.004399760839442024
Training loss on iteration 440 = 0.003947352252362179
Training loss on iteration 460 = 0.0018828308415322682
Training loss on iteration 480 = 0.0010392234068149265
Training loss on iteration 500 = 0.002706320996981049
Training loss on iteration 520 = 0.0009816138780479378
Training loss on iteration 540 = 0.0033345149746537572
Training loss on iteration 560 = 0.00299045412562009
Training loss on iteration 580 = 0.00023247341976002646
Training loss on iteration 600 = 0.0002150899792468408
Training loss on iteration 620 = 0.0008980672505799703
### EVAL:: Epoch 11:: Loss = 0.0001396482595449575 :: ACC = 0.9999532010482965, AUC = 0.9999999912394324, EER = 9.359790340696369e-05
Training on epoch 12
Training loss on iteration 0 = 0.00011520673433551565
Training loss on iteration 20 = 0.0025440011571276956
Training loss on iteration 40 = 0.0021658417385651773
Training loss on iteration 60 = 0.0011154135453352865
Training loss on iteration 80 = 0.0009109583748795558
Training loss on iteration 100 = 0.0012748677327437008
Training loss on iteration 120 = 0.00015656505850358826
Training loss on iteration 140 = 0.00032514720168705933
Training loss on iteration 160 = 0.00017711506659168208
Training loss on iteration 180 = 0.0014780942468206604
Training loss on iteration 200 = 0.0013575395915268018
Training loss on iteration 220 = 0.0068127827770467775
Training loss on iteration 240 = 0.002946326925803078
Training loss on iteration 260 = 0.0006567065344597722
Training loss on iteration 280 = 0.001239981143237401
Training loss on iteration 300 = 0.0028110767018461047
Training loss on iteration 320 = 0.0016627299576157384
Training loss on iteration 340 = 0.0006587359736386133
Training loss on iteration 360 = 0.0015019042546782658
Training loss on iteration 380 = 0.004164647368907026
Training loss on iteration 400 = 0.0014631998925779045
Training loss on iteration 420 = 0.0004465419008738536
Training loss on iteration 440 = 0.0020498129658790276
Training loss on iteration 460 = 0.002254211175311127
Training loss on iteration 480 = 0.004251546844494669
Training loss on iteration 500 = 0.0014834528212077202
Training loss on iteration 520 = 0.0017676125128332388
Training loss on iteration 540 = 0.002712368062157111
Training loss on iteration 560 = 0.0029412214983949524
Training loss on iteration 580 = 0.0015093670638179901
Training loss on iteration 600 = 0.002821724657962932
Training loss on iteration 620 = 0.003176734547992055
### EVAL:: Epoch 12:: Loss = 0.0006168875726625556 :: ACC = 0.9998596031448895, AUC = 0.9999999211548922, EER = 0.00018719580681392738
Training on epoch 13
Training loss on iteration 0 = 4.980737867299467e-05
Training loss on iteration 20 = 0.0015584336353640538
Training loss on iteration 40 = 0.0025774666571578564
Training loss on iteration 60 = 0.0033339866399728635
Training loss on iteration 80 = 0.001728051401414632
Training loss on iteration 100 = 0.005275761522716494
Training loss on iteration 120 = 0.0012695724809418606
Training loss on iteration 140 = 0.001282871499643079
Training loss on iteration 160 = 0.0008807153745692631
Training loss on iteration 180 = 0.0009947620117827683
Training loss on iteration 200 = 0.0013960334393289032
Training loss on iteration 220 = 0.0011666092482528257
Training loss on iteration 240 = 0.0012371650520890398
Training loss on iteration 260 = 0.0011737678725012302
Training loss on iteration 280 = 0.00021336373968097177
Training loss on iteration 300 = 0.002036166095430758
Training loss on iteration 320 = 0.0007728680740797245
Training loss on iteration 340 = 0.001125537520852049
Training loss on iteration 360 = 0.0024445132605251272
Training loss on iteration 380 = 0.00042508963774778863
Training loss on iteration 400 = 0.0029092064964629572
Training loss on iteration 420 = 0.001782114414231728
Training loss on iteration 440 = 0.0006040282307822054
Training loss on iteration 460 = 0.001209579692266516
Training loss on iteration 480 = 0.00023797363892867905
Training loss on iteration 500 = 0.00045898097834822237
Training loss on iteration 520 = 0.0001809369801833327
Training loss on iteration 540 = 9.930631051418004e-05
Training loss on iteration 560 = 0.00295775047684117
Training loss on iteration 580 = 0.001626763550581245
Training loss on iteration 600 = 0.0011168236797004737
Training loss on iteration 620 = 0.0006991138569901522
### EVAL:: Epoch 13:: Loss = 0.0001238411055538339 :: ACC = 0.9999532010482965, AUC = 1.0, EER = 0.0
Training on epoch 14
Training loss on iteration 0 = 0.00010067842958960682
Training loss on iteration 20 = 0.0001965715743608598
Training loss on iteration 40 = 0.000993091746606467
Training loss on iteration 60 = 0.0005743130961889164
Training loss on iteration 80 = 0.000250192363373003
Training loss on iteration 100 = 0.0022521071128327463
Training loss on iteration 120 = 0.0004310053133224301
Training loss on iteration 140 = 0.0007014166412224298
Training loss on iteration 160 = 0.0006649799254134336
Training loss on iteration 180 = 0.0006095070643226564
Training loss on iteration 200 = 0.00045099782598754243
Training loss on iteration 220 = 0.000647178911523838
Training loss on iteration 240 = 0.004923874943993667
Training loss on iteration 260 = 0.0003043760601201484
Training loss on iteration 280 = 0.002498645614616635
Training loss on iteration 300 = 0.00468528392201506
Training loss on iteration 320 = 0.002626622688057978
Training loss on iteration 340 = 0.002036810585514104
Training loss on iteration 360 = 0.005487977942539146
Training loss on iteration 380 = 0.0023215519349037094
Training loss on iteration 400 = 0.003342569909818849
Training loss on iteration 420 = 0.0009421033824992264
Training loss on iteration 440 = 0.00041159130786780904
Training loss on iteration 460 = 0.0012808998182464392
Training loss on iteration 480 = 0.003301553064417817
Training loss on iteration 500 = 0.004621120887941288
Training loss on iteration 520 = 0.002046321461170919
Training loss on iteration 540 = 0.0002714141095395917
Training loss on iteration 560 = 0.0009395405210170793
Training loss on iteration 580 = 0.0019247245106271294
Training loss on iteration 600 = 0.00038303283926666154
Training loss on iteration 620 = 0.0006696738439131878
### EVAL:: Epoch 14:: Loss = 0.00036815675105679094 :: ACC = 0.9998128041931861, AUC = 0.9999999299154598, EER = 0.00018719580681392738
Training on epoch 15
Training loss on iteration 0 = 2.9667682611034252e-05
Training loss on iteration 20 = 0.00528873930534246
Training loss on iteration 40 = 0.005620317625232474
Training loss on iteration 60 = 0.005090017017960235
Training loss on iteration 80 = 0.0014432950008995249
Training loss on iteration 100 = 0.0004685304328518214
Training loss on iteration 120 = 0.0031483634489632094
Training loss on iteration 140 = 0.0022841490678956688
Training loss on iteration 160 = 0.0003899795108281978
Training loss on iteration 180 = 0.0002559102907412125
Training loss on iteration 200 = 0.0003128720392737705
Training loss on iteration 220 = 0.0014248769591887367
Training loss on iteration 240 = 0.0003712393639830225
Training loss on iteration 260 = 0.0002574707232952278
Training loss on iteration 280 = 0.0002100621404110825
Training loss on iteration 300 = 0.0028566695300696666
Training loss on iteration 320 = 0.0024800233623011535
Training loss on iteration 340 = 0.0017834716780498639
Training loss on iteration 360 = 0.0015252395181050815
Training loss on iteration 380 = 0.0005625214352107833
Training loss on iteration 400 = 0.0009006695529109266
Training loss on iteration 420 = 0.0007053430593032317
Training loss on iteration 440 = 0.0003833560483712972
Training loss on iteration 460 = 0.0028224262580806682
Training loss on iteration 480 = 0.0008637126548421747
Training loss on iteration 500 = 0.0007900575748749361
Training loss on iteration 520 = 0.0025717823866415303
Training loss on iteration 540 = 0.005089388033798059
Training loss on iteration 560 = 0.0017353783292492152
Training loss on iteration 580 = 0.005135033344936346
Training loss on iteration 600 = 0.0007073608638165751
Training loss on iteration 620 = 0.0008071405927580599
### EVAL:: Epoch 15:: Loss = 9.167500444724946e-05 :: ACC = 1.0, AUC = 1.0, EER = 0.0
Training on epoch 16
Training loss on iteration 0 = 3.44230757036712e-05
Training loss on iteration 20 = 0.004010111883690115
Training loss on iteration 40 = 0.0017902725445651413
Training loss on iteration 60 = 0.0009602441204947354
Training loss on iteration 80 = 0.0004104088907681103
Training loss on iteration 100 = 0.00042579018439710127
Training loss on iteration 120 = 0.00011197075213260632
Training loss on iteration 140 = 0.00033766765011762346
Training loss on iteration 160 = 0.0007897882830363301
Training loss on iteration 180 = 0.002994528898148019
Training loss on iteration 200 = 0.004346032488950868
Training loss on iteration 220 = 0.00010464849556512945
Training loss on iteration 240 = 0.002228772388842515
Training loss on iteration 260 = 0.0012644307365462736
Training loss on iteration 280 = 0.0034107642072513044
Training loss on iteration 300 = 0.00025599054624763083
Training loss on iteration 320 = 0.001976534349978465
Training loss on iteration 340 = 0.00012670751755194942
Training loss on iteration 360 = 0.0003336797534871039
Training loss on iteration 380 = 0.0005206237781806067
Training loss on iteration 400 = 0.0002529765689466501
Training loss on iteration 420 = 0.001150182094741581
Training loss on iteration 440 = 0.0017846549552018587
Training loss on iteration 460 = 0.004023418444228355
Training loss on iteration 480 = 0.0013552546064602212
Training loss on iteration 500 = 0.004350535117964682
Training loss on iteration 520 = 0.0029040822945717083
Training loss on iteration 540 = 0.005495713882646669
Training loss on iteration 560 = 0.0017701433259844634
Training loss on iteration 580 = 0.002829303499947855
Training loss on iteration 600 = 0.001380618531914024
Training loss on iteration 620 = 0.0002542728962907859
### EVAL:: Epoch 16:: Loss = 0.0003295623533674692 :: ACC = 0.999906402096593, AUC = 1.0, EER = 0.0
Training on epoch 17
Training loss on iteration 0 = 0.00010387399379396811
Training loss on iteration 20 = 0.00321875494436199
Training loss on iteration 40 = 0.00037638550484189184
Training loss on iteration 60 = 0.0010400005178325955
Training loss on iteration 80 = 0.0022430722259628054
Training loss on iteration 100 = 0.0005345480114783641
Training loss on iteration 120 = 0.004870546928981412
Training loss on iteration 140 = 0.004900339743471704
Training loss on iteration 160 = 0.0023656748168832563
Training loss on iteration 180 = 0.0004467845053625297
Training loss on iteration 200 = 0.0008892385567605743
Training loss on iteration 220 = 0.00018373965504565605
Training loss on iteration 240 = 0.0012711256524852387
Training loss on iteration 260 = 0.0007016946584826655
Training loss on iteration 280 = 0.000104379573906499
Training loss on iteration 300 = 0.0017452501712369895
Training loss on iteration 320 = 0.0005733591210557165
Training loss on iteration 340 = 0.0005865706194200015
Training loss on iteration 360 = 0.0005902103852321261
Training loss on iteration 380 = 0.00017125476548933704
Training loss on iteration 400 = 0.0006712905002757453
Training loss on iteration 420 = 0.0007217679275669297
Training loss on iteration 440 = 0.00035728178976697224
Training loss on iteration 460 = 0.00012893161702436372
Training loss on iteration 480 = 0.002481060548207381
Training loss on iteration 500 = 5.1213870688116006e-05
Training loss on iteration 520 = 0.001272184713866409
Training loss on iteration 540 = 0.002569515608712436
Training loss on iteration 560 = 0.0014417529015460673
Training loss on iteration 580 = 0.000513348384880885
Training loss on iteration 600 = 0.0011804199224428658
Training loss on iteration 620 = 0.0025528777871301144
### EVAL:: Epoch 17:: Loss = 0.0008268896754263301 :: ACC = 0.9998128041931861, AUC = 0.999999947436595, EER = 9.359790340696369e-05
Training on epoch 18
Training loss on iteration 0 = 0.0056564686819911
Training loss on iteration 20 = 0.005100893514736526
Training loss on iteration 40 = 0.004858963432161545
Training loss on iteration 60 = 0.0019441289663518547
Training loss on iteration 80 = 0.0013565486454353958
Training loss on iteration 100 = 0.0010651094334434674
Training loss on iteration 120 = 0.0035793159720356018
Training loss on iteration 140 = 0.0009401898720456714
Training loss on iteration 160 = 0.00032890770130791227
Training loss on iteration 180 = 0.00021974702089551102
Training loss on iteration 200 = 0.000456052459198375
Training loss on iteration 220 = 0.004265075744230984
Training loss on iteration 240 = 0.004497661117113694
Training loss on iteration 260 = 0.002326929270816436
Training loss on iteration 280 = 0.0009546470789700834
Training loss on iteration 300 = 0.0009684352715964905
Training loss on iteration 320 = 0.0005485122010497889
Training loss on iteration 340 = 0.0008323473843255158
Training loss on iteration 360 = 0.00031451533225279604
Training loss on iteration 380 = 0.0012699060819727492
Training loss on iteration 400 = 0.00018381648223737558
Training loss on iteration 420 = 0.004311165221307078
Training loss on iteration 440 = 0.002365032262184741
Training loss on iteration 460 = 0.0018411749892123907
Training loss on iteration 480 = 0.006224298745564738
Training loss on iteration 500 = 0.0029255730359977862
Training loss on iteration 520 = 0.006116971475955779
Training loss on iteration 540 = 0.008160873166434612
Training loss on iteration 560 = 0.0021639788040147324
Training loss on iteration 580 = 0.002990092605796235
Training loss on iteration 600 = 0.0013872353012573057
Training loss on iteration 620 = 0.001185240521436981
### EVAL:: Epoch 18:: Loss = 0.0001699530809340985 :: ACC = 0.999906402096593, AUC = 0.9999999912394325, EER = 9.359790340696369e-05
Training on epoch 19
Training loss on iteration 0 = 9.720908565213904e-06
Training loss on iteration 20 = 0.0003741158710795389
Training loss on iteration 40 = 0.0014190883146071088
Training loss on iteration 60 = 0.001130087085438447
Training loss on iteration 80 = 0.0001545527735856922
Training loss on iteration 100 = 0.00043465285924071395
Training loss on iteration 120 = 0.0005015812060975122
Training loss on iteration 140 = 5.3520264737016986e-05
Training loss on iteration 160 = 3.415160761619518e-05
Training loss on iteration 180 = 0.0002585708276161114
Training loss on iteration 200 = 0.0016631484328229363
Training loss on iteration 220 = 0.0017938999027592218
Training loss on iteration 240 = 0.0026415449980902394
Training loss on iteration 260 = 0.0034140495538849793
Training loss on iteration 280 = 0.0007193536258910171
Training loss on iteration 300 = 0.0013047093899672291
Training loss on iteration 320 = 0.00048714154577282897
Training loss on iteration 340 = 0.002143857895914891
Training loss on iteration 360 = 0.0004049992477277442
Training loss on iteration 380 = 0.00013927614686366497
Training loss on iteration 400 = 0.0009722708507219124
Training loss on iteration 420 = 0.0014712008590777258
Training loss on iteration 440 = 0.0017411079641931337
Training loss on iteration 460 = 0.0007598175944565355
Training loss on iteration 480 = 0.0009947169163297075
Training loss on iteration 500 = 0.00014401307578282285
Training loss on iteration 520 = 0.0001132774782142576
Training loss on iteration 540 = 9.227129558837532e-05
Training loss on iteration 560 = 0.0002907364408379465
Training loss on iteration 580 = 0.0005157358832896363
Training loss on iteration 600 = 0.00019989868282763724
Training loss on iteration 620 = 0.0005201884325671813
### EVAL:: Epoch 19:: Loss = 6.14597457379136e-05 :: ACC = 0.9999532010482965, AUC = 1.0, EER = 0.0
Training on epoch 20
Training loss on iteration 0 = 1.5289981092792004e-05
Training loss on iteration 20 = 0.0008319136657227944
Training loss on iteration 40 = 0.00014641155403438688
Training loss on iteration 60 = 0.0009342709026846308
Training loss on iteration 80 = 0.0024934655668005234
Training loss on iteration 100 = 0.002468925369981889
Training loss on iteration 120 = 0.004070636724537735
Training loss on iteration 140 = 0.001818302384498338
Training loss on iteration 160 = 0.0022747735424104576
Training loss on iteration 180 = 0.0014408751749385828
Training loss on iteration 200 = 0.00042269321864267794
Training loss on iteration 220 = 0.002383952488497698
Training loss on iteration 240 = 0.00027231240399316903
Training loss on iteration 260 = 0.0034133240846841773
Training loss on iteration 280 = 0.0008490237669434464
Training loss on iteration 300 = 0.001000898473540701
Training loss on iteration 320 = 0.00030234582898174266
Training loss on iteration 340 = 0.0009920319222828766
Training loss on iteration 360 = 0.0021130484095010617
Training loss on iteration 380 = 0.000661820017660375
Training loss on iteration 400 = 0.0009480855587156612
Training loss on iteration 420 = 0.00020186048824371027
Training loss on iteration 440 = 0.0005055190697689227
Training loss on iteration 460 = 0.00168480213316613
Training loss on iteration 480 = 0.002326443456888683
Training loss on iteration 500 = 0.001505662203578595
Training loss on iteration 520 = 0.001207212872486707
Training loss on iteration 540 = 0.001722847394131577
Training loss on iteration 560 = 0.0021413202503339336
Training loss on iteration 580 = 0.0013781893006125756
Training loss on iteration 600 = 0.00047842579610346547
Training loss on iteration 620 = 0.0022049360906237327
### EVAL:: Epoch 20:: Loss = 0.00020295240742016917 :: ACC = 0.999906402096593, AUC = 0.9999999824788649, EER = 9.359790340696369e-05
### Out of domain:: Best epoch 15 :: ACC = 0.7200050390526581, AUC = 0.7990350525212372, EER = 0.27775258251448726
recorded: {'exp_name': 'en_resnet50_r03', 'model': 'resnet50', 'train': 'commonvoice-en', 'test': 'mailabs-en', 'in_acc': 1.0, 'in_auc': 1.0, 'in_eer': 0.0, 'cross_acc': 0.7200050390526581, 'cross_auc': 0.7990350525212372, 'cross_eer': 0.27775258251448726}

Done. Results -> /project/home/p201284/guo/xmad-bench-repro/results_en_resnet50_r03.csv
Done (en_resnet50_r03). Metrics -> /project/home/p201284/guo/xmad-bench-repro/results_en_resnet50_r03.csv ; logs/checkpoints under detection/experiments/.
