>> activated env: /project/home/p201284/guo/xmad-bench-repro/venv/bin/activate  (Python 3.13.12)
>> torch 2.12.0+cu132 | CUDA available: True
Applying resumable-training patch...
  already patched: /project/home/p201284/guo/xmad-bench-repro/detection/trainer.py
  trainer.py is valid Python.
Done. Killed runs now continue from their last completed epoch.
>> Generating configs for: ru  (models: septr, tag=ru_septr_r01, GPU=0)
Wrote 1 configs to /project/home/p201284/guo/xmad-bench-repro/repro_tools/stepB/configs_ru_septr_r01/  (languages: ru)
>> single-repeat mode: this process runs ONLY repeat r01
RESUME ru_septr_r01: found latest_checkpoint.pkl, continuing from the last completed epoch
root_path: /project/home/p201284/guo/xmad_data/
multilingual: True  model check for config: /project/home/p201284/guo/xmad-bench-repro/repro_tools/stepB/configs_ru_septr_r01/config_ru_septr.json

  OK  commonvoice-ru       rows=67444    sep=','
  OK  mailabs-ru           rows=34702    sep=','

PRE-FLIGHT PASSED — data layout looks correct for this config.

=== RUN ru_septr_r01 (model=septr) ===
commonvoice-ru
commonvoice-ru
### RESUME:: checkpoint at epoch 19; continuing at epoch 20 of 20 (best ACC so far = 0.962537550804029)
Training on epoch 20
Training loss on iteration 0 = 0.138490691781044
Training loss on iteration 20 = 0.4101883791387081
Training loss on iteration 40 = 0.30987980691716077
Training loss on iteration 60 = 0.3632606649771333
Training loss on iteration 80 = 0.18384869487490504
Training loss on iteration 100 = 0.18407984680961817
Training loss on iteration 120 = 0.18607953088358045
Training loss on iteration 140 = 0.25571695482358336
Training loss on iteration 160 = 0.23353235675022005
Training loss on iteration 180 = 0.39501918957103044
Training loss on iteration 200 = 0.22179692285135388
Training loss on iteration 220 = 0.33643994871526955
Training loss on iteration 240 = 0.24432164423633368
Training loss on iteration 260 = 0.4118718178477138
Training loss on iteration 280 = 0.1891128657385707
Training loss on iteration 300 = 0.24226002516224981
Training loss on iteration 320 = 0.21931242737919093
Training loss on iteration 340 = 0.20799734597094358
Training loss on iteration 360 = 0.1815889301477
Training loss on iteration 380 = 0.27064023837447165
Training loss on iteration 400 = 0.1630148039199412
Training loss on iteration 420 = 0.1991477755829692
Training loss on iteration 440 = 0.2379302687011659
Training loss on iteration 460 = 0.18532827640883626
Training loss on iteration 480 = 0.13508349920157342
Training loss on iteration 500 = 0.1684130690526217
Training loss on iteration 520 = 0.2430432928726077
Training loss on iteration 540 = 0.26103064583148805
Training loss on iteration 560 = 0.2812105180695653
Training loss on iteration 580 = 0.169627868803218
Training loss on iteration 600 = 0.18321941909380257
Training loss on iteration 620 = 0.13590466105379165
Training loss on iteration 640 = 0.23880827631801366
Training loss on iteration 660 = 0.2717862187884748
Training loss on iteration 680 = 0.275878038816154
Training loss on iteration 700 = 0.21539279618300497
Training loss on iteration 720 = 0.12955243174219505
Training loss on iteration 740 = 0.14060679022222758
Training loss on iteration 760 = 0.18857070463709533
Training loss on iteration 780 = 0.1296869569225237
Training loss on iteration 800 = 0.16886707487283276
Training loss on iteration 820 = 0.2893834633752704
Training loss on iteration 840 = 0.15734465690329671
Training loss on iteration 860 = 0.22512236507609487
Training loss on iteration 880 = 0.2431732853583526
Training loss on iteration 900 = 0.1733364171348512
Training loss on iteration 920 = 0.18178977712523192
Training loss on iteration 940 = 0.2591512856888585
Training loss on iteration 960 = 0.2185357391834259
Training loss on iteration 980 = 0.1861012190580368
Training loss on iteration 1000 = 0.2134199185296893
Training loss on iteration 1020 = 0.13558884765952825
Training loss on iteration 1040 = 0.2505600363947451
Training loss on iteration 1060 = 0.2005161573411897
Training loss on iteration 1080 = 0.23122472602408378
Training loss on iteration 1100 = 0.35743238087743523
Training loss on iteration 1120 = 0.34349826611578466
Training loss on iteration 1140 = 0.5260698894970119
Training loss on iteration 1160 = 0.2183572948910296
Training loss on iteration 1180 = 0.223113571992144
Training loss on iteration 1200 = 0.20269647985696793
Training loss on iteration 1220 = 0.1473951747524552
Training loss on iteration 1240 = 0.15925997402518988
Training loss on iteration 1260 = 0.4298984358087182
Training loss on iteration 1280 = 1.0028404082171618
Training loss on iteration 1300 = 0.7888392694294453
Training loss on iteration 1320 = 1.295241940021515
Training loss on iteration 1340 = 0.4449518288485706
Training loss on iteration 1360 = 0.46623014137148855
Training loss on iteration 1380 = 0.4763529596850276
Training loss on iteration 1400 = 0.40994760356843474
Training loss on iteration 1420 = 0.3862694253213704
Training loss on iteration 1440 = 0.38245461899787186
Training loss on iteration 1460 = 0.2754111514892429
Training loss on iteration 1480 = 0.39526895750313995
Training loss on iteration 1500 = 0.17330886116251348
Training loss on iteration 1520 = 0.3075583381578326
Training loss on iteration 1540 = 0.2388657946139574
Training loss on iteration 1560 = 0.16260938468622044
Training loss on iteration 1580 = 0.32981180693022905
Training loss on iteration 1600 = 0.3233859896659851
Training loss on iteration 1620 = 0.2835996026173234
Training loss on iteration 1640 = 0.26418031838256867
Training loss on iteration 1660 = 0.21939614294096826
Training loss on iteration 1680 = 0.13788347702939063
Training loss on iteration 1700 = 0.28366153021343055
Training loss on iteration 1720 = 0.37226805416867137
Training loss on iteration 1740 = 0.4786060149781406
Training loss on iteration 1760 = 0.6391700631007552
Training loss on iteration 1780 = 0.46171772507950665
Training loss on iteration 1800 = 0.43076433362439276
Training loss on iteration 1820 = 0.2714925813488662
Training loss on iteration 1840 = 0.4206608338281512
Training loss on iteration 1860 = 0.21881239742506295
Training loss on iteration 1880 = 0.2920598196797073
Training loss on iteration 1900 = 0.24666072498075664
Training loss on iteration 1920 = 0.2769957070238888
Training loss on iteration 1940 = 0.37534199832007287
Training loss on iteration 1960 = 0.22183730397373438
Training loss on iteration 1980 = 0.28388312249444425
Training loss on iteration 2000 = 0.24618997687939553
Training loss on iteration 2020 = 0.12323180788662284
Training loss on iteration 2040 = 0.27732081301510336
Training loss on iteration 2060 = 0.15592214255593717
Training loss on iteration 2080 = 0.1684842925518751
Training loss on iteration 2100 = 0.1702967028715648
Training loss on iteration 2120 = 0.2743680845014751
Training loss on iteration 2140 = 0.20547137456014752
Training loss on iteration 2160 = 0.4637780835386366
Training loss on iteration 2180 = 0.7701455300673843
Training loss on iteration 2200 = 0.9444069407880307
Training loss on iteration 2220 = 0.38959565814584496
Training loss on iteration 2240 = 0.3016199951060116
Training loss on iteration 2260 = 0.4661336002871394
Training loss on iteration 2280 = 0.3602451218292117
Training loss on iteration 2300 = 0.32458148933947084
Training loss on iteration 2320 = 0.24947196505963803
Training loss on iteration 2340 = 0.2977987792342901
Training loss on iteration 2360 = 0.2254950460162945
Training loss on iteration 2380 = 0.21603637877851725
Training loss on iteration 2400 = 0.25322473323903977
Training loss on iteration 2420 = 0.2485382253769785
Training loss on iteration 2440 = 0.24224589550867676
Training loss on iteration 2460 = 0.2667054843623191
Training loss on iteration 2480 = 0.24745961925946175
Training loss on iteration 2500 = 0.1586420646170154
Training loss on iteration 2520 = 0.15324269644916058
Training loss on iteration 2540 = 0.3453718148637563
Training loss on iteration 2560 = 0.28698182869702576
Training loss on iteration 2580 = 0.2484451181255281
Training loss on iteration 2600 = 0.15105387731455266
Training loss on iteration 2620 = 0.16268443763256074
Training loss on iteration 2640 = 0.2980062666349113
Training loss on iteration 2660 = 0.2612215464003384
Training loss on iteration 2680 = 0.23582941927015783
Training loss on iteration 2700 = 0.1361153108999133
Training loss on iteration 2720 = 0.2823550537228584
Training loss on iteration 2740 = 0.2361477583181113
Training loss on iteration 2760 = 0.18433017865754664
Training loss on iteration 2780 = 0.2926821606233716
Training loss on iteration 2800 = 0.2402145428583026
Training loss on iteration 2820 = 0.22725643939338624
Training loss on iteration 2840 = 0.0854553441517055
Training loss on iteration 2860 = 0.1876366621116176
Training loss on iteration 2880 = 0.175953628285788
Training loss on iteration 2900 = 0.22578789899125695
Training loss on iteration 2920 = 0.2661592962220311
Training loss on iteration 2940 = 0.24356670067645608
Training loss on iteration 2960 = 0.22772355128545313
Training loss on iteration 2980 = 0.17971414811909198
Training loss on iteration 3000 = 0.22580199874937534
Training loss on iteration 3020 = 0.22407562304288148
Training loss on iteration 3040 = 0.20989024424925445
Training loss on iteration 3060 = 0.2991380147635937
Training loss on iteration 3080 = 0.19821612164378166
Training loss on iteration 3100 = 0.29886692739091814
Training loss on iteration 3120 = 0.1886719059664756
Training loss on iteration 3140 = 0.2696336941793561
Training loss on iteration 3160 = 0.2014541482552886
Training loss on iteration 3180 = 0.2576944077387452
Training loss on iteration 3200 = 0.17003112351521849
Training loss on iteration 3220 = 0.2525516482070088
Training loss on iteration 3240 = 0.28898880491033196
Training loss on iteration 3260 = 0.17980393138714135
Training loss on iteration 3280 = 0.13470863937400282
Training loss on iteration 3300 = 0.20441506560891867
Training loss on iteration 3320 = 0.15302738530735951
Training loss on iteration 3340 = 0.2629322529537603
Training loss on iteration 3360 = 0.2846710467711091
Training loss on iteration 3380 = 0.21021756762638688
Training loss on iteration 3400 = 0.2046022216556594
Training loss on iteration 3420 = 0.15545037370175124
Training loss on iteration 3440 = 0.21827126424759627
Training loss on iteration 3460 = 0.1684398092329502
Training loss on iteration 3480 = 0.2135895610321313
Training loss on iteration 3500 = 0.24470038409344852
Training loss on iteration 3520 = 0.3397066994570196
Training loss on iteration 3540 = 0.21907659359276294
Training loss on iteration 3560 = 0.3026299465913326
Training loss on iteration 3580 = 0.21540070250630378
Training loss on iteration 3600 = 0.2399649786995724
Training loss on iteration 3620 = 0.4143367923796177
Training loss on iteration 3640 = 0.32129149574320764
Training loss on iteration 3660 = 0.23834719299338758
Training loss on iteration 3680 = 0.3064790087752044
Training loss on iteration 3700 = 0.21408976471284405
Training loss on iteration 3720 = 0.24913725170772522
Training loss on iteration 3740 = 0.17608854942955077
Training loss on iteration 3760 = 0.33065110966563227
Training loss on iteration 3780 = 0.25534383691847323
Training loss on iteration 3800 = 0.46919854362495245
Training loss on iteration 3820 = 0.357202282268554
Training loss on iteration 3840 = 0.3416136307641864
Training loss on iteration 3860 = 0.20011534318327903
Training loss on iteration 3880 = 0.17271982021629811
Training loss on iteration 3900 = 0.2650768933817744
Training loss on iteration 3920 = 0.15752707608044147
Training loss on iteration 3940 = 0.2051406532526016
Training loss on iteration 3960 = 0.20343094319105148
Training loss on iteration 3980 = 0.23608341421931983
Training loss on iteration 4000 = 0.169982928596437
Training loss on iteration 4020 = 0.2518388548865914
Training loss on iteration 4040 = 0.2116759185679257
Training loss on iteration 4060 = 0.21397826313041152
Training loss on iteration 4080 = 0.1599120169878006
Training loss on iteration 4100 = 0.2711059210821986
Training loss on iteration 4120 = 0.22284880923107267
Training loss on iteration 4140 = 0.25848774714395406
Training loss on iteration 4160 = 0.15955218946328387
Training loss on iteration 4180 = 0.2542678073514253
Training loss on iteration 4200 = 0.17875049225986003
Training loss on iteration 4220 = 0.26541924346238377
Training loss on iteration 4240 = 0.27062742887064817
Training loss on iteration 4260 = 0.23797594523057342
Training loss on iteration 4280 = 0.23727220138534905
Training loss on iteration 4300 = 0.32807683942373844
Training loss on iteration 4320 = 0.24713362199254335
Training loss on iteration 4340 = 0.19917280543595553
Training loss on iteration 4360 = 0.24936075694859028
Training loss on iteration 4380 = 0.17391944221453742
Training loss on iteration 4400 = 0.24213389102369548
Training loss on iteration 4420 = 0.1615546762943268
Training loss on iteration 4440 = 0.1490778535604477
Training loss on iteration 4460 = 0.3111342086631339
Training loss on iteration 4480 = 0.25160783994942904
Training loss on iteration 4500 = 0.29897784092463553
Training loss on iteration 4520 = 0.29989286325871944
Training loss on iteration 4540 = 0.29208368705585597
Training loss on iteration 4560 = 0.24989212555810808
Training loss on iteration 4580 = 0.3345570744597353
Training loss on iteration 4600 = 0.22582607427611948
Training loss on iteration 4620 = 0.22412786781787872
Training loss on iteration 4640 = 0.18568564327433706
Training loss on iteration 4660 = 0.2536196576431394
Training loss on iteration 4680 = 0.1274309702217579
Training loss on iteration 4700 = 0.1988657664740458
Training loss on iteration 4720 = 0.28110095551237463
Training loss on iteration 4740 = 0.2183413219638169
Training loss on iteration 4760 = 0.17543377056717874
Training loss on iteration 4780 = 0.15584960840642453
Training loss on iteration 4800 = 0.2990166368428618
Training loss on iteration 4820 = 0.20469442747998984
Training loss on iteration 4840 = 0.20970174842514097
Training loss on iteration 4860 = 0.3407749985344708
Training loss on iteration 4880 = 0.17677929485216737
Training loss on iteration 4900 = 0.19924020646139978
Training loss on iteration 4920 = 0.1135348089504987
Training loss on iteration 4940 = 0.2318774491082877
Training loss on iteration 4960 = 0.28795095771783963
Training loss on iteration 4980 = 0.17722771964035927
Training loss on iteration 5000 = 0.2833586245193146
Training loss on iteration 5020 = 0.25402810256928204
Training loss on iteration 5040 = 0.29772679088637233
Training loss on iteration 5060 = 0.20967880841344594
Training loss on iteration 5080 = 0.2086477665696293
Training loss on iteration 5100 = 0.179604222625494
Training loss on iteration 5120 = 0.22346836088690908
Training loss on iteration 5140 = 0.220333561883308
Training loss on iteration 5160 = 0.23716035133693367
Training loss on iteration 5180 = 0.31262228190898894
Training loss on iteration 5200 = 0.2482570788357407
Training loss on iteration 5220 = 0.1409114932641387
Training loss on iteration 5240 = 0.19587606944842265
Training loss on iteration 5260 = 0.3501305567566305
Training loss on iteration 5280 = 0.43277884656563403
Training loss on iteration 5300 = 0.2527777891606092
Training loss on iteration 5320 = 0.29165323078632355
Training loss on iteration 5340 = 0.20046660964144394
Training loss on iteration 5360 = 0.1868381713051349
Training loss on iteration 5380 = 0.19680311679840087
Training loss on iteration 5400 = 0.3050859598268289
Training loss on iteration 5420 = 0.35758154150098564
Training loss on iteration 5440 = 0.5845829412573949
Training loss on iteration 5460 = 0.46826865473994983
Training loss on iteration 5480 = 0.4193753941915929
Training loss on iteration 5500 = 0.3483593956800178
Training loss on iteration 5520 = 0.20043966257944704
Training loss on iteration 5540 = 0.296145579405129
Training loss on iteration 5560 = 0.3128511446062475
Training loss on iteration 5580 = 0.18812339706346393
Training loss on iteration 5600 = 0.16033216461364647
### EVAL:: Epoch 20:: Loss = 0.16254539357892137 :: ACC = 0.9418625198798374, AUC = 0.7744273165726967, EER = 0.2936914649231313
### Out of domain:: Best epoch 15 :: ACC = 0.2173073598063512, AUC = 0.09989566069206894, EER = 0.8062935853841278
recorded: {'exp_name': 'ru_septr_r01', 'model': 'septr', 'train': 'commonvoice-ru', 'test': 'mailabs-ru', 'in_acc': 0.962537550804029, 'in_auc': 0.9572017869815719, 'in_eer': 0.11079696059374448, 'cross_acc': 0.2173073598063512, 'cross_auc': 0.09989566069206894, 'cross_eer': 0.8062935853841278}

Done. Results -> /project/home/p201284/guo/xmad-bench-repro/results_ru_septr_r01.csv
Done (ru_septr_r01). Metrics -> /project/home/p201284/guo/xmad-bench-repro/results_ru_septr_r01.csv ; logs/checkpoints under detection/experiments/.
