>> activated env: /project/home/p201284/guo/xmad-bench-repro/venv/bin/activate  (Python 3.13.12)
>> torch 2.12.0+cu132 | CUDA available: True
Applying resumable-training patch...
  already patched: /project/home/p201284/guo/xmad-bench-repro/detection/trainer.py
  trainer.py is valid Python.
Done. Killed runs now continue from their last completed epoch.
>> Generating configs for: ar  (models: resnet18, tag=ar_resnet18_r02, GPU=0)
Wrote 1 configs to /project/home/p201284/guo/xmad-bench-repro/repro_tools/stepB/configs_ar_resnet18_r02/  (languages: ar)
>> single-repeat mode: this process runs ONLY repeat r02
root_path: /project/home/p201284/guo/xmad_data/
multilingual: True  model check for config: /project/home/p201284/guo/xmad-bench-repro/repro_tools/stepB/configs_ar_resnet18_r02/config_ar_resnet18.json

  OK  commonvoice-ar       rows=76602    sep=','
  OK  masc                 rows=12984    sep=','

PRE-FLIGHT PASSED — data layout looks correct for this config.

=== RUN ar_resnet18_r02 (model=resnet18) ===
commonvoice-ar
commonvoice-ar
Training on epoch 1
Training loss on iteration 0 = 0.7636528015136719
Training loss on iteration 20 = 0.06694666016846895
Training loss on iteration 40 = 0.01472935953643173
Training loss on iteration 60 = 0.02073594704270363
Training loss on iteration 80 = 0.008344309887615965
Training loss on iteration 100 = 0.004426472267368808
Training loss on iteration 120 = 0.0016526618943316861
Training loss on iteration 140 = 0.0014825645899691152
Training loss on iteration 160 = 0.006233467014317285
Training loss on iteration 180 = 0.0033841303709778005
Training loss on iteration 200 = 0.0045948801009217275
Training loss on iteration 220 = 0.0043053812034486326
Training loss on iteration 240 = 0.004299110881402157
Training loss on iteration 260 = 0.005716685412335209
Training loss on iteration 280 = 0.00471991330923629
### EVAL:: Epoch 1:: Loss = 0.0009029284073336579 :: ACC = 0.9999023818820774, AUC = 0.9999997903554672, EER = 9.761811792268645e-05
Training on epoch 2
Training loss on iteration 0 = 0.0005255165742710233
Training loss on iteration 20 = 0.0017423913875973085
Training loss on iteration 40 = 0.0023115946270991115
Training loss on iteration 60 = 0.0013197603206208442
Training loss on iteration 80 = 0.0011372064080205746
Training loss on iteration 100 = 0.0035059998892393194
Training loss on iteration 120 = 0.009296434016141575
Training loss on iteration 140 = 0.0038487832905957477
Training loss on iteration 160 = 0.0025658065955212806
Training loss on iteration 180 = 0.005514804109407123
Training loss on iteration 200 = 0.0018958605556690599
Training loss on iteration 220 = 0.0018708806524955434
Training loss on iteration 240 = 0.0024581133484389284
Training loss on iteration 260 = 0.001092193210752157
Training loss on iteration 280 = 0.0004020608128485037
### EVAL:: Epoch 2:: Loss = 0.00011331427934952815 :: ACC = 1.0, AUC = 1.0, EER = 0.0
Training on epoch 3
Training loss on iteration 0 = 7.960022776387632e-05
Training loss on iteration 20 = 0.001225811907352181
Training loss on iteration 40 = 0.0005493525123711152
Training loss on iteration 60 = 0.00026164083064941226
Training loss on iteration 80 = 0.0011071309855651633
Training loss on iteration 100 = 0.0019202777237296686
Training loss on iteration 120 = 0.0036069998976017816
Training loss on iteration 140 = 0.0027795004774816335
Training loss on iteration 160 = 0.000761605547995714
Training loss on iteration 180 = 0.003190258181803074
Training loss on iteration 200 = 0.0014619553254306083
Training loss on iteration 220 = 0.0013075837501673958
Training loss on iteration 240 = 0.0002734267495725362
Training loss on iteration 260 = 0.0006840205878688721
Training loss on iteration 280 = 0.001408019435893948
### EVAL:: Epoch 3:: Loss = 0.00028955506601046314 :: ACC = 1.0, AUC = 1.0, EER = 0.0
Training on epoch 4
Training loss on iteration 0 = 3.411596117075533e-05
Training loss on iteration 20 = 0.000837000417618583
Training loss on iteration 40 = 0.0012513568219219451
Training loss on iteration 60 = 0.0014766303223950673
Training loss on iteration 80 = 0.003475732138758758
Training loss on iteration 100 = 0.0006991251380895847
Training loss on iteration 120 = 0.0023798119753337234
Training loss on iteration 140 = 0.002335520887208986
Training loss on iteration 160 = 0.0016775856434833258
Training loss on iteration 180 = 0.00151841049464565
Training loss on iteration 200 = 0.0014523996700518183
Training loss on iteration 220 = 0.0010752073874755296
Training loss on iteration 240 = 0.0017254119156859815
Training loss on iteration 260 = 0.0006487829133220657
Training loss on iteration 280 = 0.00621067308147758
### EVAL:: Epoch 4:: Loss = 0.0001968164161195815 :: ACC = 1.0, AUC = 0.9999999999999999, EER = 0.0
Training on epoch 5
Training loss on iteration 0 = 0.0010677947429940104
Training loss on iteration 20 = 0.0024312172045029
Training loss on iteration 40 = 0.0011377133366295312
Training loss on iteration 60 = 0.001480967858196891
Training loss on iteration 80 = 0.005521183402379393
Training loss on iteration 100 = 0.00046316189764183946
Training loss on iteration 120 = 0.0004922343448924948
Training loss on iteration 140 = 0.00032376345689044683
Training loss on iteration 160 = 0.0009991044949856586
Training loss on iteration 180 = 0.0019891833599558597
Training loss on iteration 200 = 0.000418300576711772
Training loss on iteration 220 = 0.0014516910775455472
Training loss on iteration 240 = 0.0006474644309037103
Training loss on iteration 260 = 0.0013882937138305351
Training loss on iteration 280 = 0.00396297873230651
### EVAL:: Epoch 5:: Loss = 0.00024450944810787347 :: ACC = 0.9999511909410387, AUC = 1.0, EER = 0.0
Training on epoch 6
Training loss on iteration 0 = 3.7268910091370344e-05
Training loss on iteration 20 = 0.00042408478893776194
Training loss on iteration 40 = 0.0018564092649285158
Training loss on iteration 60 = 0.0007293686682714906
Training loss on iteration 80 = 0.0009589603563654236
Training loss on iteration 100 = 0.00039153923562480487
Training loss on iteration 120 = 0.00012163821788817586
Training loss on iteration 140 = 0.00022305170250547235
Training loss on iteration 160 = 0.00010637662051067309
Training loss on iteration 180 = 2.7657527698465856e-05
Training loss on iteration 200 = 9.799654554853987e-05
Training loss on iteration 220 = 3.65615208465897e-05
Training loss on iteration 240 = 0.00038893028546453933
Training loss on iteration 260 = 0.0009258025040935536
Training loss on iteration 280 = 0.00038682186866481063
### EVAL:: Epoch 6:: Loss = 9.335109372347062e-05 :: ACC = 1.0, AUC = 0.9999999999999999, EER = 0.0
Training on epoch 7
Training loss on iteration 0 = 1.4142196960165165e-05
Training loss on iteration 20 = 0.00010440856360673933
Training loss on iteration 40 = 0.00010563351115706609
Training loss on iteration 60 = 0.00014696939158511668
Training loss on iteration 80 = 0.0004348487302991089
Training loss on iteration 100 = 0.0004886843918143313
Training loss on iteration 120 = 0.00014972302633395885
Training loss on iteration 140 = 0.0005470187129844817
Training loss on iteration 160 = 0.0003172522726231364
Training loss on iteration 180 = 0.00021648367198849882
Training loss on iteration 200 = 6.981275130897302e-05
Training loss on iteration 220 = 0.00022460206767220824
Training loss on iteration 240 = 0.0002666665683506153
Training loss on iteration 260 = 1.0411497987661278e-05
Training loss on iteration 280 = 1.4792728347856609e-05
### EVAL:: Epoch 7:: Loss = 1.6639091683733482e-05 :: ACC = 1.0, AUC = 1.0, EER = 0.0
Training on epoch 8
Training loss on iteration 0 = 0.00019459061149973422
Training loss on iteration 20 = 3.217046711938565e-05
Training loss on iteration 40 = 0.00017003288770069957
Training loss on iteration 60 = 0.0015034147204346481
Training loss on iteration 80 = 0.0018245936104904104
Training loss on iteration 100 = 0.0007431888411929321
Training loss on iteration 120 = 0.0011834825832920614
Training loss on iteration 140 = 0.00042256104895272984
Training loss on iteration 160 = 0.0007459222959596446
Training loss on iteration 180 = 0.004777044450429457
Training loss on iteration 200 = 0.006011548842616321
Training loss on iteration 220 = 0.003334686335620063
Training loss on iteration 240 = 0.0005673215035130851
Training loss on iteration 260 = 0.001725241006079159
Training loss on iteration 280 = 0.0018527228555740294
### EVAL:: Epoch 8:: Loss = 0.0006912071895697634 :: ACC = 0.9998535728231159, AUC = 1.0, EER = 0.0
Training on epoch 9
Training loss on iteration 0 = 0.000999779673293233
Training loss on iteration 20 = 0.002060697429760694
Training loss on iteration 40 = 0.0008469280319332029
Training loss on iteration 60 = 0.0006523911286876683
Training loss on iteration 80 = 0.0022381276498890657
Training loss on iteration 100 = 0.005246460300804756
Training loss on iteration 120 = 0.0023514681309279696
Training loss on iteration 140 = 0.006638616590407764
Training loss on iteration 160 = 0.0014184337442202377
Training loss on iteration 180 = 0.005471526278051897
Training loss on iteration 200 = 0.002045279398589628
Training loss on iteration 220 = 0.00044120303409727056
Training loss on iteration 240 = 0.00024224695707744103
Training loss on iteration 260 = 0.0008686840528753237
Training loss on iteration 280 = 0.0002645603944984032
### EVAL:: Epoch 9:: Loss = 4.213546385225035e-05 :: ACC = 1.0, AUC = 1.0, EER = 0.0
Training on epoch 10
Training loss on iteration 0 = 0.00018456074758432806
Training loss on iteration 20 = 0.0009973527441161424
Training loss on iteration 40 = 0.0005073677168638824
Training loss on iteration 60 = 0.00015508626584050944
Training loss on iteration 80 = 0.000287895937731264
Training loss on iteration 100 = 0.0002618501749566349
Training loss on iteration 120 = 0.00021198496706347213
Training loss on iteration 140 = 6.0804942813774686e-05
Training loss on iteration 160 = 7.72835558677798e-05
Training loss on iteration 180 = 4.1838973646690644e-05
Training loss on iteration 200 = 0.002291911753354725
Training loss on iteration 220 = 0.004011065440045059
Training loss on iteration 240 = 0.0025754543237781037
Training loss on iteration 260 = 0.0006482922616214637
Training loss on iteration 280 = 0.00032394095064773863
### EVAL:: Epoch 10:: Loss = 0.00011701441491196128 :: ACC = 0.9999511909410387, AUC = 1.0, EER = 0.0
Training on epoch 11
Training loss on iteration 0 = 0.00018503009050618857
Training loss on iteration 20 = 0.0005562754162383498
Training loss on iteration 40 = 0.00019460017742858326
Training loss on iteration 60 = 8.976615690698963e-05
Training loss on iteration 80 = 5.6670874744213504e-05
Training loss on iteration 100 = 0.0001270053958023709
Training loss on iteration 120 = 3.9315118533522765e-05
Training loss on iteration 140 = 0.00016269316921579957
Training loss on iteration 160 = 0.00028946474289455183
Training loss on iteration 180 = 5.248322626130175e-05
Training loss on iteration 200 = 0.002539175983520181
Training loss on iteration 220 = 0.00465718711802765
Training loss on iteration 240 = 0.002098398426824133
Training loss on iteration 260 = 0.0008521391860995209
Training loss on iteration 280 = 0.0010714310735693289
### EVAL:: Epoch 11:: Loss = 0.00015945270153660125 :: ACC = 0.9999023818820774, AUC = 1.0, EER = 0.0
Training on epoch 12
Training loss on iteration 0 = 0.00024119517183862627
Training loss on iteration 20 = 0.00023283206257929123
Training loss on iteration 40 = 0.00010205183407379082
Training loss on iteration 60 = 5.991019231714745e-05
Training loss on iteration 80 = 0.000884009443211653
Training loss on iteration 100 = 0.0003662202397890724
Training loss on iteration 120 = 0.00031956999988551614
Training loss on iteration 140 = 0.0016669353145857713
Training loss on iteration 160 = 0.0002047531574362438
Training loss on iteration 180 = 0.00020366250712982036
Training loss on iteration 200 = 4.181146832991089e-05
Training loss on iteration 220 = 5.7748582722183525e-05
Training loss on iteration 240 = 3.713884873661755e-05
Training loss on iteration 260 = 7.425505516209797e-05
Training loss on iteration 280 = 7.044906296300723e-05
### EVAL:: Epoch 12:: Loss = 4.95369809507106e-06 :: ACC = 1.0, AUC = 1.0, EER = 0.0
Training on epoch 13
Training loss on iteration 0 = 0.00010649715841282159
Training loss on iteration 20 = 5.473833008693418e-05
Training loss on iteration 40 = 4.976465072559222e-06
Training loss on iteration 60 = 1.5569820914151932e-05
Training loss on iteration 80 = 1.8733544936822e-05
Training loss on iteration 100 = 1.3431474741310012e-05
Training loss on iteration 120 = 1.8564479212557217e-05
Training loss on iteration 140 = 9.081910945951677e-06
Training loss on iteration 160 = 1.511074830631287e-05
Training loss on iteration 180 = 6.749889086989924e-05
Training loss on iteration 200 = 0.0008111337406660369
Training loss on iteration 220 = 0.0023022779606890254
Training loss on iteration 240 = 0.005481985864298622
Training loss on iteration 260 = 0.0005073748464837991
Training loss on iteration 280 = 0.000259447601570173
### EVAL:: Epoch 13:: Loss = 1.4093981641877089e-05 :: ACC = 1.0, AUC = 1.0, EER = 0.0
Training on epoch 14
Training loss on iteration 0 = 6.295680577750318e-06
Training loss on iteration 20 = 0.0006950363385840319
Training loss on iteration 40 = 0.00032026921454644255
Training loss on iteration 60 = 0.0003378454924813923
Training loss on iteration 80 = 7.053680828903453e-05
Training loss on iteration 100 = 5.5515822850793484e-05
Training loss on iteration 120 = 0.0006179171053759091
Training loss on iteration 140 = 0.0004400323418053631
Training loss on iteration 160 = 2.622956008622168e-05
Training loss on iteration 180 = 7.47151659879819e-05
Training loss on iteration 200 = 0.002373704436877233
Training loss on iteration 220 = 0.0011419793927188947
Training loss on iteration 240 = 0.00018664419455944882
Training loss on iteration 260 = 0.0015096302537131122
Training loss on iteration 280 = 0.00021716612000091117
### EVAL:: Epoch 14:: Loss = 2.2459452020477705e-05 :: ACC = 1.0, AUC = 1.0, EER = 0.0
Training on epoch 15
Training loss on iteration 0 = 0.00012114394485251978
Training loss on iteration 20 = 0.0016750760381057717
Training loss on iteration 40 = 0.002396705018350076
Training loss on iteration 60 = 0.0030821491973256343
Training loss on iteration 80 = 0.0020714828795917128
Training loss on iteration 100 = 0.000759027228332343
Training loss on iteration 120 = 0.00046636679891207675
Training loss on iteration 140 = 0.00022306675449783596
Training loss on iteration 160 = 0.001411673237953437
Training loss on iteration 180 = 0.0004293178752732274
Training loss on iteration 200 = 0.00021731889395937287
Training loss on iteration 220 = 0.0020806856951082866
Training loss on iteration 240 = 0.0004686744809077936
Training loss on iteration 260 = 0.0008808007473362523
Training loss on iteration 280 = 0.002460320130512628
### EVAL:: Epoch 15:: Loss = 1.1010882750457492e-05 :: ACC = 1.0, AUC = 1.0, EER = 0.0
Training on epoch 16
Training loss on iteration 0 = 0.0006299622473306954
Training loss on iteration 20 = 0.0018083474174090952
Training loss on iteration 40 = 0.0013458965191148308
Training loss on iteration 60 = 0.00011966027391281386
Training loss on iteration 80 = 0.0017059089497024615
Training loss on iteration 100 = 0.0017628677852030705
Training loss on iteration 120 = 0.0005208378721363261
Training loss on iteration 140 = 0.00023966731325799628
Training loss on iteration 160 = 4.636999357785498e-05
Training loss on iteration 180 = 0.0008768289029148946
Training loss on iteration 200 = 0.0003653441193819162
Training loss on iteration 220 = 7.407625033692967e-05
Training loss on iteration 240 = 0.00023519699423104611
Training loss on iteration 260 = 1.3964418576506432e-05
Training loss on iteration 280 = 2.4865846194188633e-05
### EVAL:: Epoch 16:: Loss = 5.5832793480899105e-06 :: ACC = 1.0, AUC = 1.0, EER = 0.0
Training on epoch 17
Training loss on iteration 0 = 9.66805328062037e-06
Training loss on iteration 20 = 4.254141161936786e-05
Training loss on iteration 40 = 8.639256932951866e-05
Training loss on iteration 60 = 1.1621766861935612e-05
Training loss on iteration 80 = 6.0102575105247524e-05
Training loss on iteration 100 = 0.0001974151196634466
Training loss on iteration 120 = 0.00033334902664137187
Training loss on iteration 140 = 0.00025090246815011595
Training loss on iteration 160 = 4.141288695223011e-05
Training loss on iteration 180 = 2.4164709589058476e-05
Training loss on iteration 200 = 0.0007997679432804716
Training loss on iteration 220 = 0.0005081695238345673
Training loss on iteration 240 = 0.001486633924173475
Training loss on iteration 260 = 0.0007856234733253587
Training loss on iteration 280 = 0.0001322627059835213
### EVAL:: Epoch 17:: Loss = 2.3925738512365762e-05 :: ACC = 1.0, AUC = 1.0, EER = 0.0
Training on epoch 18
Training loss on iteration 0 = 6.0356334870448336e-05
Training loss on iteration 20 = 0.0003208492514971795
Training loss on iteration 40 = 0.001238956268127822
Training loss on iteration 60 = 0.00121226115418267
Training loss on iteration 80 = 0.00133533094701761
Training loss on iteration 100 = 0.00021726060315359065
Training loss on iteration 120 = 1.5598135661321066e-05
Training loss on iteration 140 = 0.000129520955582052
Training loss on iteration 160 = 0.0003315228591560526
Training loss on iteration 180 = 0.00024217401067403444
Training loss on iteration 200 = 3.854614743374896e-05
Training loss on iteration 220 = 5.412652341760804e-05
Training loss on iteration 240 = 2.2145236647475032e-05
Training loss on iteration 260 = 0.000989183781788938
Training loss on iteration 280 = 0.0004927376464536337
### EVAL:: Epoch 18:: Loss = 2.6373783994353503e-05 :: ACC = 1.0, AUC = 1.0, EER = 0.0
Training on epoch 19
Training loss on iteration 0 = 4.937900303048082e-05
Training loss on iteration 20 = 8.22198707055577e-05
Training loss on iteration 40 = 4.9603101410866655e-05
Training loss on iteration 60 = 0.00014985848946196255
Training loss on iteration 80 = 9.220060087500315e-05
Training loss on iteration 100 = 8.448540930601211e-05
Training loss on iteration 120 = 6.653319916551936e-05
Training loss on iteration 140 = 0.00017523055081056783
Training loss on iteration 160 = 1.285716928975944e-05
Training loss on iteration 180 = 1.8936615109765853e-05
Training loss on iteration 200 = 4.243245775228388e-05
Training loss on iteration 220 = 2.9162484825917544e-05
Training loss on iteration 240 = 2.8380810889672147e-05
Training loss on iteration 260 = 1.932478065711507e-05
Training loss on iteration 280 = 3.441641103307802e-06
### EVAL:: Epoch 19:: Loss = 1.7147843032474992e-05 :: ACC = 1.0, AUC = 1.0, EER = 0.0
Training on epoch 20
Training loss on iteration 0 = 1.6830460936034797e-06
Training loss on iteration 20 = 2.2564841945182934e-05
Training loss on iteration 40 = 0.00014289682122949898
Training loss on iteration 60 = 4.0912225407652156e-05
Training loss on iteration 80 = 7.279347339022025e-05
Training loss on iteration 100 = 1.0644678992832723e-05
Training loss on iteration 120 = 6.854119811805504e-06
Training loss on iteration 140 = 3.124466469728304e-06
Training loss on iteration 160 = 3.5256399652183745e-05
Training loss on iteration 180 = 6.468538536452684e-06
Training loss on iteration 200 = 2.229436643474969e-06
Training loss on iteration 220 = 3.4918237457048917e-06
Training loss on iteration 240 = 7.429239740730509e-06
Training loss on iteration 260 = 5.680704654764668e-06
Training loss on iteration 280 = 2.3845017312140727e-05
### EVAL:: Epoch 20:: Loss = 6.196792016747069e-06 :: ACC = 1.0, AUC = 0.9999999999999999, EER = 0.0
### Out of domain:: Best epoch 2 :: ACC = 0.30244916820702406, AUC = 0.262208886220075, EER = 0.6957794208256316
recorded: {'exp_name': 'ar_resnet18_r02', 'model': 'resnet18', 'train': 'commonvoice-ar', 'test': 'masc', 'in_acc': 1.0, 'in_auc': 1.0, 'in_eer': 0.0, 'cross_acc': 0.30244916820702406, 'cross_auc': 0.262208886220075, 'cross_eer': 0.6957794208256316}

Done. Results -> /project/home/p201284/guo/xmad-bench-repro/results_ar_resnet18_r02.csv
Done (ar_resnet18_r02). Metrics -> /project/home/p201284/guo/xmad-bench-repro/results_ar_resnet18_r02.csv ; logs/checkpoints under detection/experiments/.
